C:/Users/jyepi/OneDrive/Desktop/Mixer Project/STMCube/STemWin/Gui/Core/audio_player/audio_player_win.c:786:13:_cbAudioProcess	40	static
C:/Users/jyepi/OneDrive/Desktop/Mixer Project/STMCube/STemWin/Gui/Core/audio_player/audio_player_win.c:180:12:GUI_WaitForDialogExec	16	static
C:/Users/jyepi/OneDrive/Desktop/Mixer Project/STMCube/STemWin/Gui/Core/audio_player/audio_player_win.c:2251:13:FILEMGR_GetFileOnly	16	static
C:/Users/jyepi/OneDrive/Desktop/Mixer Project/STMCube/STemWin/Gui/Core/audio_player/audio_player_win.c:873:13:_AddEntireFolder	376	static
C:/Users/jyepi/OneDrive/Desktop/Mixer Project/STMCube/STemWin/Gui/Core/audio_player/audio_player_win.c:2188:13:Startup	32	static
C:/Users/jyepi/OneDrive/Desktop/Mixer Project/STMCube/STemWin/Gui/Core/audio_player/audio_player_win.c:1034:13:_cbMediaConnection	56	static
C:/Users/jyepi/OneDrive/Desktop/Mixer Project/STMCube/STemWin/Gui/Core/audio_player/audio_player_win.c:947:13:_PlayFile	16	static
C:/Users/jyepi/OneDrive/Desktop/Mixer Project/STMCube/STemWin/Gui/Core/audio_player/audio_player_win.c:1437:13:_cbMainDialog	80	static
C:/Users/jyepi/OneDrive/Desktop/Mixer Project/STMCube/STemWin/Gui/Core/audio_player/audio_player_win.c:649:13:_cbButton_close	8	static
C:/Users/jyepi/OneDrive/Desktop/Mixer Project/STMCube/STemWin/Gui/Core/audio_player/audio_player_win.c:581:13:_cbButton_previous	8	static
C:/Users/jyepi/OneDrive/Desktop/Mixer Project/STMCube/STemWin/Gui/Core/audio_player/audio_player_win.c:753:13:_cbButton_pause	8	static
C:/Users/jyepi/OneDrive/Desktop/Mixer Project/STMCube/STemWin/Gui/Core/audio_player/audio_player_win.c:530:13:_cbButton_play	8	static
C:/Users/jyepi/OneDrive/Desktop/Mixer Project/STMCube/STemWin/Gui/Core/audio_player/audio_player_win.c:547:13:_cbButton_stop	8	static
C:/Users/jyepi/OneDrive/Desktop/Mixer Project/STMCube/STemWin/Gui/Core/audio_player/audio_player_win.c:564:13:_cbButton_next	8	static
C:/Users/jyepi/OneDrive/Desktop/Mixer Project/STMCube/STemWin/Gui/Core/audio_player/audio_player_win.c:770:13:_cbButton_equal	8	static
C:/Users/jyepi/OneDrive/Desktop/Mixer Project/STMCube/STemWin/Gui/Core/audio_player/audio_player_win.c:702:13:_cbButton_repeat_all	8	static
C:/Users/jyepi/OneDrive/Desktop/Mixer Project/STMCube/STemWin/Gui/Core/audio_player/audio_player_win.c:685:13:_cbButton_repeat_one	8	static
C:/Users/jyepi/OneDrive/Desktop/Mixer Project/STMCube/STemWin/Gui/Core/audio_player/audio_player_win.c:719:13:_cbButton_repeat_off	8	static
C:/Users/jyepi/OneDrive/Desktop/Mixer Project/STMCube/STemWin/Gui/Core/audio_player/audio_player_win.c:735:13:_cbButton_speaker	8	static
C:/Users/jyepi/OneDrive/Desktop/Mixer Project/STMCube/STemWin/Gui/Core/audio_player/audio_player_win.c:598:13:_cbButton_add	8	static
C:/Users/jyepi/OneDrive/Desktop/Mixer Project/STMCube/STemWin/Gui/Core/audio_player/audio_player_win.c:632:13:_cbButton_open	8	static
C:/Users/jyepi/OneDrive/Desktop/Mixer Project/STMCube/STemWin/Gui/Core/audio_player/audio_player_win.c:615:13:_cbButton_background	8	static
C:/Users/jyepi/OneDrive/Desktop/Mixer Project/STMCube/STemWin/Gui/Core/audio_player/audio_player_win.c:992:26:AUDIOPLAYER_NotifyEndOfFile	24	static
