C:/Users/jyepi/OneDrive/Desktop/Mixer Project/STMCube/STemWin/Middlewares/Third_Party/FatFs/src/option/syscall.c:36:5:ff_cre_syncobj	16	static
C:/Users/jyepi/OneDrive/Desktop/Mixer Project/STMCube/STemWin/Middlewares/Third_Party/FatFs/src/option/syscall.c:77:5:ff_del_syncobj	8	static
C:/Users/jyepi/OneDrive/Desktop/Mixer Project/STMCube/STemWin/Middlewares/Third_Party/FatFs/src/option/syscall.c:98:5:ff_req_grant	8	static
C:/Users/jyepi/OneDrive/Desktop/Mixer Project/STMCube/STemWin/Middlewares/Third_Party/FatFs/src/option/syscall.c:135:6:ff_rel_grant	0	static
C:/Users/jyepi/OneDrive/Desktop/Mixer Project/STMCube/STemWin/Middlewares/Third_Party/FatFs/src/option/syscall.c:158:7:ff_memalloc	0	static
C:/Users/jyepi/OneDrive/Desktop/Mixer Project/STMCube/STemWin/Middlewares/Third_Party/FatFs/src/option/syscall.c:170:6:ff_memfree	0	static
