18:51:49 **** Build of configuration Debug for project AUDIO_Standalone ****
make -j16 all 
arm-none-eabi-gcc "C:/Users/jyepi/OneDrive/Desktop/Mixer Project/STMCube/AUDIO_Standalone/Middlewares/ST/STM32_USB_Device_Library/Core/Src/usbd_core.c" -mcpu=cortex-m7 -std=gnu11 -g3 -DUSE_HAL_DRIVER -DSTM32F746xx -DUSE_STM32746G_DISCO -DUSE_USB_FS -DUSE_IOEXPANDER -c -I../../../Inc -I../../../Middlewares/ST/STM32_USB_Device_Library/Core/Inc -I../../../Middlewares/ST/STM32_USB_Device_Library/Class/AUDIO/Inc -I../../../Drivers/STM32F7xx_HAL_Driver/Inc -I../../../Drivers/BSP/STM32746G-Discovery -I../../../Drivers/CMSIS/Device/ST/STM32F7xx/Include -I../../../Drivers/CMSIS/Include -Os -ffunction-sections -Wall -fstack-usage -fcyclomatic-complexity -MMD -MP -MF"Middlewares/STM32_USBD_Library/Core/usbd_core.d" -MT"Middlewares/STM32_USBD_Library/Core/usbd_core.o" --specs=nano.specs -mfpu=fpv5-sp-d16 -mfloat-abi=hard -mthumb -o "Middlewares/STM32_USBD_Library/Core/usbd_core.o"
arm-none-eabi-gcc "C:/Users/jyepi/OneDrive/Desktop/Mixer Project/STMCube/AUDIO_Standalone/Middlewares/ST/STM32_USB_Device_Library/Core/Src/usbd_ctlreq.c" -mcpu=cortex-m7 -std=gnu11 -g3 -DUSE_HAL_DRIVER -DSTM32F746xx -DUSE_STM32746G_DISCO -DUSE_USB_FS -DUSE_IOEXPANDER -c -I../../../Inc -I../../../Middlewares/ST/STM32_USB_Device_Library/Core/Inc -I../../../Middlewares/ST/STM32_USB_Device_Library/Class/AUDIO/Inc -I../../../Drivers/STM32F7xx_HAL_Driver/Inc -I../../../Drivers/BSP/STM32746G-Discovery -I../../../Drivers/CMSIS/Device/ST/STM32F7xx/Include -I../../../Drivers/CMSIS/Include -Os -ffunction-sections -Wall -fstack-usage -fcyclomatic-complexity -MMD -MP -MF"Middlewares/STM32_USBD_Library/Core/usbd_ctlreq.d" -MT"Middlewares/STM32_USBD_Library/Core/usbd_ctlreq.o" --specs=nano.specs -mfpu=fpv5-sp-d16 -mfloat-abi=hard -mthumb -o "Middlewares/STM32_USBD_Library/Core/usbd_ctlreq.o"
arm-none-eabi-gcc "C:/Users/jyepi/OneDrive/Desktop/Mixer Project/STMCube/AUDIO_Standalone/Middlewares/ST/STM32_USB_Device_Library/Core/Src/usbd_ioreq.c" -mcpu=cortex-m7 -std=gnu11 -g3 -DUSE_HAL_DRIVER -DSTM32F746xx -DUSE_STM32746G_DISCO -DUSE_USB_FS -DUSE_IOEXPANDER -c -I../../../Inc -I../../../Middlewares/ST/STM32_USB_Device_Library/Core/Inc -I../../../Middlewares/ST/STM32_USB_Device_Library/Class/AUDIO/Inc -I../../../Drivers/STM32F7xx_HAL_Driver/Inc -I../../../Drivers/BSP/STM32746G-Discovery -I../../../Drivers/CMSIS/Device/ST/STM32F7xx/Include -I../../../Drivers/CMSIS/Include -Os -ffunction-sections -Wall -fstack-usage -fcyclomatic-complexity -MMD -MP -MF"Middlewares/STM32_USBD_Library/Core/usbd_ioreq.d" -MT"Middlewares/STM32_USBD_Library/Core/usbd_ioreq.o" --specs=nano.specs -mfpu=fpv5-sp-d16 -mfloat-abi=hard -mthumb -o "Middlewares/STM32_USBD_Library/Core/usbd_ioreq.o"
arm-none-eabi-gcc "C:/Users/jyepi/OneDrive/Desktop/Mixer Project/STMCube/AUDIO_Standalone/Middlewares/ST/STM32_USB_Device_Library/Class/AUDIO/Src/usbd_audio.c" -mcpu=cortex-m7 -std=gnu11 -g3 -DUSE_HAL_DRIVER -DSTM32F746xx -DUSE_STM32746G_DISCO -DUSE_USB_FS -DUSE_IOEXPANDER -c -I../../../Inc -I../../../Middlewares/ST/STM32_USB_Device_Library/Core/Inc -I../../../Middlewares/ST/STM32_USB_Device_Library/Class/AUDIO/Inc -I../../../Drivers/STM32F7xx_HAL_Driver/Inc -I../../../Drivers/BSP/STM32746G-Discovery -I../../../Drivers/CMSIS/Device/ST/STM32F7xx/Include -I../../../Drivers/CMSIS/Include -Os -ffunction-sections -Wall -fstack-usage -fcyclomatic-complexity -MMD -MP -MF"Middlewares/STM32_USBD_Library/Class/AUDIO/usbd_audio.d" -MT"Middlewares/STM32_USBD_Library/Class/AUDIO/usbd_audio.o" --specs=nano.specs -mfpu=fpv5-sp-d16 -mfloat-abi=hard -mthumb -o "Middlewares/STM32_USBD_Library/Class/AUDIO/usbd_audio.o"
arm-none-eabi-gcc "C:/Users/jyepi/OneDrive/Desktop/Mixer Project/STMCube/AUDIO_Standalone/Drivers/STM32F7xx_HAL_Driver/Src/stm32f7xx_hal.c" -mcpu=cortex-m7 -std=gnu11 -g3 -DUSE_HAL_DRIVER -DSTM32F746xx -DUSE_STM32746G_DISCO -DUSE_USB_FS -DUSE_IOEXPANDER -c -I../../../Inc -I../../../Middlewares/ST/STM32_USB_Device_Library/Core/Inc -I../../../Middlewares/ST/STM32_USB_Device_Library/Class/AUDIO/Inc -I../../../Drivers/STM32F7xx_HAL_Driver/Inc -I../../../Drivers/BSP/STM32746G-Discovery -I../../../Drivers/CMSIS/Device/ST/STM32F7xx/Include -I../../../Drivers/CMSIS/Include -Os -ffunction-sections -Wall -fstack-usage -fcyclomatic-complexity -MMD -MP -MF"Drivers/STM32F7xx_HAL_Driver/stm32f7xx_hal.d" -MT"Drivers/STM32F7xx_HAL_Driver/stm32f7xx_hal.o" --specs=nano.specs -mfpu=fpv5-sp-d16 -mfloat-abi=hard -mthumb -o "Drivers/STM32F7xx_HAL_Driver/stm32f7xx_hal.o"
arm-none-eabi-gcc "C:/Users/jyepi/OneDrive/Desktop/Mixer Project/STMCube/AUDIO_Standalone/Drivers/STM32F7xx_HAL_Driver/Src/stm32f7xx_hal_cortex.c" -mcpu=cortex-m7 -std=gnu11 -g3 -DUSE_HAL_DRIVER -DSTM32F746xx -DUSE_STM32746G_DISCO -DUSE_USB_FS -DUSE_IOEXPANDER -c -I../../../Inc -I../../../Middlewares/ST/STM32_USB_Device_Library/Core/Inc -I../../../Middlewares/ST/STM32_USB_Device_Library/Class/AUDIO/Inc -I../../../Drivers/STM32F7xx_HAL_Driver/Inc -I../../../Drivers/BSP/STM32746G-Discovery -I../../../Drivers/CMSIS/Device/ST/STM32F7xx/Include -I../../../Drivers/CMSIS/Include -Os -ffunction-sections -Wall -fstack-usage -fcyclomatic-complexity -MMD -MP -MF"Drivers/STM32F7xx_HAL_Driver/stm32f7xx_hal_cortex.d" -MT"Drivers/STM32F7xx_HAL_Driver/stm32f7xx_hal_cortex.o" --specs=nano.specs -mfpu=fpv5-sp-d16 -mfloat-abi=hard -mthumb -o "Drivers/STM32F7xx_HAL_Driver/stm32f7xx_hal_cortex.o"
arm-none-eabi-gcc "C:/Users/jyepi/OneDrive/Desktop/Mixer Project/STMCube/AUDIO_Standalone/Drivers/STM32F7xx_HAL_Driver/Src/stm32f7xx_hal_dma.c" -mcpu=cortex-m7 -std=gnu11 -g3 -DUSE_HAL_DRIVER -DSTM32F746xx -DUSE_STM32746G_DISCO -DUSE_USB_FS -DUSE_IOEXPANDER -c -I../../../Inc -I../../../Middlewares/ST/STM32_USB_Device_Library/Core/Inc -I../../../Middlewares/ST/STM32_USB_Device_Library/Class/AUDIO/Inc -I../../../Drivers/STM32F7xx_HAL_Driver/Inc -I../../../Drivers/BSP/STM32746G-Discovery -I../../../Drivers/CMSIS/Device/ST/STM32F7xx/Include -I../../../Drivers/CMSIS/Include -Os -ffunction-sections -Wall -fstack-usage -fcyclomatic-complexity -MMD -MP -MF"Drivers/STM32F7xx_HAL_Driver/stm32f7xx_hal_dma.d" -MT"Drivers/STM32F7xx_HAL_Driver/stm32f7xx_hal_dma.o" --specs=nano.specs -mfpu=fpv5-sp-d16 -mfloat-abi=hard -mthumb -o "Drivers/STM32F7xx_HAL_Driver/stm32f7xx_hal_dma.o"
arm-none-eabi-gcc "C:/Users/jyepi/OneDrive/Desktop/Mixer Project/STMCube/AUDIO_Standalone/Drivers/STM32F7xx_HAL_Driver/Src/stm32f7xx_hal_flash.c" -mcpu=cortex-m7 -std=gnu11 -g3 -DUSE_HAL_DRIVER -DSTM32F746xx -DUSE_STM32746G_DISCO -DUSE_USB_FS -DUSE_IOEXPANDER -c -I../../../Inc -I../../../Middlewares/ST/STM32_USB_Device_Library/Core/Inc -I../../../Middlewares/ST/STM32_USB_Device_Library/Class/AUDIO/Inc -I../../../Drivers/STM32F7xx_HAL_Driver/Inc -I../../../Drivers/BSP/STM32746G-Discovery -I../../../Drivers/CMSIS/Device/ST/STM32F7xx/Include -I../../../Drivers/CMSIS/Include -Os -ffunction-sections -Wall -fstack-usage -fcyclomatic-complexity -MMD -MP -MF"Drivers/STM32F7xx_HAL_Driver/stm32f7xx_hal_flash.d" -MT"Drivers/STM32F7xx_HAL_Driver/stm32f7xx_hal_flash.o" --specs=nano.specs -mfpu=fpv5-sp-d16 -mfloat-abi=hard -mthumb -o "Drivers/STM32F7xx_HAL_Driver/stm32f7xx_hal_flash.o"
arm-none-eabi-gcc "C:/Users/jyepi/OneDrive/Desktop/Mixer Project/STMCube/AUDIO_Standalone/Drivers/STM32F7xx_HAL_Driver/Src/stm32f7xx_hal_flash_ex.c" -mcpu=cortex-m7 -std=gnu11 -g3 -DUSE_HAL_DRIVER -DSTM32F746xx -DUSE_STM32746G_DISCO -DUSE_USB_FS -DUSE_IOEXPANDER -c -I../../../Inc -I../../../Middlewares/ST/STM32_USB_Device_Library/Core/Inc -I../../../Middlewares/ST/STM32_USB_Device_Library/Class/AUDIO/Inc -I../../../Drivers/STM32F7xx_HAL_Driver/Inc -I../../../Drivers/BSP/STM32746G-Discovery -I../../../Drivers/CMSIS/Device/ST/STM32F7xx/Include -I../../../Drivers/CMSIS/Include -Os -ffunction-sections -Wall -fstack-usage -fcyclomatic-complexity -MMD -MP -MF"Drivers/STM32F7xx_HAL_Driver/stm32f7xx_hal_flash_ex.d" -MT"Drivers/STM32F7xx_HAL_Driver/stm32f7xx_hal_flash_ex.o" --specs=nano.specs -mfpu=fpv5-sp-d16 -mfloat-abi=hard -mthumb -o "Drivers/STM32F7xx_HAL_Driver/stm32f7xx_hal_flash_ex.o"
arm-none-eabi-gcc "C:/Users/jyepi/OneDrive/Desktop/Mixer Project/STMCube/AUDIO_Standalone/Drivers/STM32F7xx_HAL_Driver/Src/stm32f7xx_hal_gpio.c" -mcpu=cortex-m7 -std=gnu11 -g3 -DUSE_HAL_DRIVER -DSTM32F746xx -DUSE_STM32746G_DISCO -DUSE_USB_FS -DUSE_IOEXPANDER -c -I../../../Inc -I../../../Middlewares/ST/STM32_USB_Device_Library/Core/Inc -I../../../Middlewares/ST/STM32_USB_Device_Library/Class/AUDIO/Inc -I../../../Drivers/STM32F7xx_HAL_Driver/Inc -I../../../Drivers/BSP/STM32746G-Discovery -I../../../Drivers/CMSIS/Device/ST/STM32F7xx/Include -I../../../Drivers/CMSIS/Include -Os -ffunction-sections -Wall -fstack-usage -fcyclomatic-complexity -MMD -MP -MF"Drivers/STM32F7xx_HAL_Driver/stm32f7xx_hal_gpio.d" -MT"Drivers/STM32F7xx_HAL_Driver/stm32f7xx_hal_gpio.o" --specs=nano.specs -mfpu=fpv5-sp-d16 -mfloat-abi=hard -mthumb -o "Drivers/STM32F7xx_HAL_Driver/stm32f7xx_hal_gpio.o"
arm-none-eabi-gcc "C:/Users/jyepi/OneDrive/Desktop/Mixer Project/STMCube/AUDIO_Standalone/Drivers/STM32F7xx_HAL_Driver/Src/stm32f7xx_hal_i2c.c" -mcpu=cortex-m7 -std=gnu11 -g3 -DUSE_HAL_DRIVER -DSTM32F746xx -DUSE_STM32746G_DISCO -DUSE_USB_FS -DUSE_IOEXPANDER -c -I../../../Inc -I../../../Middlewares/ST/STM32_USB_Device_Library/Core/Inc -I../../../Middlewares/ST/STM32_USB_Device_Library/Class/AUDIO/Inc -I../../../Drivers/STM32F7xx_HAL_Driver/Inc -I../../../Drivers/BSP/STM32746G-Discovery -I../../../Drivers/CMSIS/Device/ST/STM32F7xx/Include -I../../../Drivers/CMSIS/Include -Os -ffunction-sections -Wall -fstack-usage -fcyclomatic-complexity -MMD -MP -MF"Drivers/STM32F7xx_HAL_Driver/stm32f7xx_hal_i2c.d" -MT"Drivers/STM32F7xx_HAL_Driver/stm32f7xx_hal_i2c.o" --specs=nano.specs -mfpu=fpv5-sp-d16 -mfloat-abi=hard -mthumb -o "Drivers/STM32F7xx_HAL_Driver/stm32f7xx_hal_i2c.o"
arm-none-eabi-gcc "C:/Users/jyepi/OneDrive/Desktop/Mixer Project/STMCube/AUDIO_Standalone/Drivers/STM32F7xx_HAL_Driver/Src/stm32f7xx_hal_i2s.c" -mcpu=cortex-m7 -std=gnu11 -g3 -DUSE_HAL_DRIVER -DSTM32F746xx -DUSE_STM32746G_DISCO -DUSE_USB_FS -DUSE_IOEXPANDER -c -I../../../Inc -I../../../Middlewares/ST/STM32_USB_Device_Library/Core/Inc -I../../../Middlewares/ST/STM32_USB_Device_Library/Class/AUDIO/Inc -I../../../Drivers/STM32F7xx_HAL_Driver/Inc -I../../../Drivers/BSP/STM32746G-Discovery -I../../../Drivers/CMSIS/Device/ST/STM32F7xx/Include -I../../../Drivers/CMSIS/Include -Os -ffunction-sections -Wall -fstack-usage -fcyclomatic-complexity -MMD -MP -MF"Drivers/STM32F7xx_HAL_Driver/stm32f7xx_hal_i2s.d" -MT"Drivers/STM32F7xx_HAL_Driver/stm32f7xx_hal_i2s.o" --specs=nano.specs -mfpu=fpv5-sp-d16 -mfloat-abi=hard -mthumb -o "Drivers/STM32F7xx_HAL_Driver/stm32f7xx_hal_i2s.o"
arm-none-eabi-gcc "C:/Users/jyepi/OneDrive/Desktop/Mixer Project/STMCube/AUDIO_Standalone/Drivers/STM32F7xx_HAL_Driver/Src/stm32f7xx_hal_pcd.c" -mcpu=cortex-m7 -std=gnu11 -g3 -DUSE_HAL_DRIVER -DSTM32F746xx -DUSE_STM32746G_DISCO -DUSE_USB_FS -DUSE_IOEXPANDER -c -I../../../Inc -I../../../Middlewares/ST/STM32_USB_Device_Library/Core/Inc -I../../../Middlewares/ST/STM32_USB_Device_Library/Class/AUDIO/Inc -I../../../Drivers/STM32F7xx_HAL_Driver/Inc -I../../../Drivers/BSP/STM32746G-Discovery -I../../../Drivers/CMSIS/Device/ST/STM32F7xx/Include -I../../../Drivers/CMSIS/Include -Os -ffunction-sections -Wall -fstack-usage -fcyclomatic-complexity -MMD -MP -MF"Drivers/STM32F7xx_HAL_Driver/stm32f7xx_hal_pcd.d" -MT"Drivers/STM32F7xx_HAL_Driver/stm32f7xx_hal_pcd.o" --specs=nano.specs -mfpu=fpv5-sp-d16 -mfloat-abi=hard -mthumb -o "Drivers/STM32F7xx_HAL_Driver/stm32f7xx_hal_pcd.o"
arm-none-eabi-gcc "C:/Users/jyepi/OneDrive/Desktop/Mixer Project/STMCube/AUDIO_Standalone/Drivers/STM32F7xx_HAL_Driver/Src/stm32f7xx_hal_pcd_ex.c" -mcpu=cortex-m7 -std=gnu11 -g3 -DUSE_HAL_DRIVER -DSTM32F746xx -DUSE_STM32746G_DISCO -DUSE_USB_FS -DUSE_IOEXPANDER -c -I../../../Inc -I../../../Middlewares/ST/STM32_USB_Device_Library/Core/Inc -I../../../Middlewares/ST/STM32_USB_Device_Library/Class/AUDIO/Inc -I../../../Drivers/STM32F7xx_HAL_Driver/Inc -I../../../Drivers/BSP/STM32746G-Discovery -I../../../Drivers/CMSIS/Device/ST/STM32F7xx/Include -I../../../Drivers/CMSIS/Include -Os -ffunction-sections -Wall -fstack-usage -fcyclomatic-complexity -MMD -MP -MF"Drivers/STM32F7xx_HAL_Driver/stm32f7xx_hal_pcd_ex.d" -MT"Drivers/STM32F7xx_HAL_Driver/stm32f7xx_hal_pcd_ex.o" --specs=nano.specs -mfpu=fpv5-sp-d16 -mfloat-abi=hard -mthumb -o "Drivers/STM32F7xx_HAL_Driver/stm32f7xx_hal_pcd_ex.o"
arm-none-eabi-gcc "C:/Users/jyepi/OneDrive/Desktop/Mixer Project/STMCube/AUDIO_Standalone/Drivers/STM32F7xx_HAL_Driver/Src/stm32f7xx_hal_pwr.c" -mcpu=cortex-m7 -std=gnu11 -g3 -DUSE_HAL_DRIVER -DSTM32F746xx -DUSE_STM32746G_DISCO -DUSE_USB_FS -DUSE_IOEXPANDER -c -I../../../Inc -I../../../Middlewares/ST/STM32_USB_Device_Library/Core/Inc -I../../../Middlewares/ST/STM32_USB_Device_Library/Class/AUDIO/Inc -I../../../Drivers/STM32F7xx_HAL_Driver/Inc -I../../../Drivers/BSP/STM32746G-Discovery -I../../../Drivers/CMSIS/Device/ST/STM32F7xx/Include -I../../../Drivers/CMSIS/Include -Os -ffunction-sections -Wall -fstack-usage -fcyclomatic-complexity -MMD -MP -MF"Drivers/STM32F7xx_HAL_Driver/stm32f7xx_hal_pwr.d" -MT"Drivers/STM32F7xx_HAL_Driver/stm32f7xx_hal_pwr.o" --specs=nano.specs -mfpu=fpv5-sp-d16 -mfloat-abi=hard -mthumb -o "Drivers/STM32F7xx_HAL_Driver/stm32f7xx_hal_pwr.o"
arm-none-eabi-gcc "C:/Users/jyepi/OneDrive/Desktop/Mixer Project/STMCube/AUDIO_Standalone/Drivers/STM32F7xx_HAL_Driver/Src/stm32f7xx_hal_pwr_ex.c" -mcpu=cortex-m7 -std=gnu11 -g3 -DUSE_HAL_DRIVER -DSTM32F746xx -DUSE_STM32746G_DISCO -DUSE_USB_FS -DUSE_IOEXPANDER -c -I../../../Inc -I../../../Middlewares/ST/STM32_USB_Device_Library/Core/Inc -I../../../Middlewares/ST/STM32_USB_Device_Library/Class/AUDIO/Inc -I../../../Drivers/STM32F7xx_HAL_Driver/Inc -I../../../Drivers/BSP/STM32746G-Discovery -I../../../Drivers/CMSIS/Device/ST/STM32F7xx/Include -I../../../Drivers/CMSIS/Include -Os -ffunction-sections -Wall -fstack-usage -fcyclomatic-complexity -MMD -MP -MF"Drivers/STM32F7xx_HAL_Driver/stm32f7xx_hal_pwr_ex.d" -MT"Drivers/STM32F7xx_HAL_Driver/stm32f7xx_hal_pwr_ex.o" --specs=nano.specs -mfpu=fpv5-sp-d16 -mfloat-abi=hard -mthumb -o "Drivers/STM32F7xx_HAL_Driver/stm32f7xx_hal_pwr_ex.o"
arm-none-eabi-gcc "C:/Users/jyepi/OneDrive/Desktop/Mixer Project/STMCube/AUDIO_Standalone/Drivers/STM32F7xx_HAL_Driver/Src/stm32f7xx_hal_rcc.c" -mcpu=cortex-m7 -std=gnu11 -g3 -DUSE_HAL_DRIVER -DSTM32F746xx -DUSE_STM32746G_DISCO -DUSE_USB_FS -DUSE_IOEXPANDER -c -I../../../Inc -I../../../Middlewares/ST/STM32_USB_Device_Library/Core/Inc -I../../../Middlewares/ST/STM32_USB_Device_Library/Class/AUDIO/Inc -I../../../Drivers/STM32F7xx_HAL_Driver/Inc -I../../../Drivers/BSP/STM32746G-Discovery -I../../../Drivers/CMSIS/Device/ST/STM32F7xx/Include -I../../../Drivers/CMSIS/Include -Os -ffunction-sections -Wall -fstack-usage -fcyclomatic-complexity -MMD -MP -MF"Drivers/STM32F7xx_HAL_Driver/stm32f7xx_hal_rcc.d" -MT"Drivers/STM32F7xx_HAL_Driver/stm32f7xx_hal_rcc.o" --specs=nano.specs -mfpu=fpv5-sp-d16 -mfloat-abi=hard -mthumb -o "Drivers/STM32F7xx_HAL_Driver/stm32f7xx_hal_rcc.o"
arm-none-eabi-gcc "C:/Users/jyepi/OneDrive/Desktop/Mixer Project/STMCube/AUDIO_Standalone/Drivers/STM32F7xx_HAL_Driver/Src/stm32f7xx_hal_rcc_ex.c" -mcpu=cortex-m7 -std=gnu11 -g3 -DUSE_HAL_DRIVER -DSTM32F746xx -DUSE_STM32746G_DISCO -DUSE_USB_FS -DUSE_IOEXPANDER -c -I../../../Inc -I../../../Middlewares/ST/STM32_USB_Device_Library/Core/Inc -I../../../Middlewares/ST/STM32_USB_Device_Library/Class/AUDIO/Inc -I../../../Drivers/STM32F7xx_HAL_Driver/Inc -I../../../Drivers/BSP/STM32746G-Discovery -I../../../Drivers/CMSIS/Device/ST/STM32F7xx/Include -I../../../Drivers/CMSIS/Include -Os -ffunction-sections -Wall -fstack-usage -fcyclomatic-complexity -MMD -MP -MF"Drivers/STM32F7xx_HAL_Driver/stm32f7xx_hal_rcc_ex.d" -MT"Drivers/STM32F7xx_HAL_Driver/stm32f7xx_hal_rcc_ex.o" --specs=nano.specs -mfpu=fpv5-sp-d16 -mfloat-abi=hard -mthumb -o "Drivers/STM32F7xx_HAL_Driver/stm32f7xx_hal_rcc_ex.o"
arm-none-eabi-gcc "C:/Users/jyepi/OneDrive/Desktop/Mixer Project/STMCube/AUDIO_Standalone/Drivers/STM32F7xx_HAL_Driver/Src/stm32f7xx_hal_sai.c" -mcpu=cortex-m7 -std=gnu11 -g3 -DUSE_HAL_DRIVER -DSTM32F746xx -DUSE_STM32746G_DISCO -DUSE_USB_FS -DUSE_IOEXPANDER -c -I../../../Inc -I../../../Middlewares/ST/STM32_USB_Device_Library/Core/Inc -I../../../Middlewares/ST/STM32_USB_Device_Library/Class/AUDIO/Inc -I../../../Drivers/STM32F7xx_HAL_Driver/Inc -I../../../Drivers/BSP/STM32746G-Discovery -I../../../Drivers/CMSIS/Device/ST/STM32F7xx/Include -I../../../Drivers/CMSIS/Include -Os -ffunction-sections -Wall -fstack-usage -fcyclomatic-complexity -MMD -MP -MF"Drivers/STM32F7xx_HAL_Driver/stm32f7xx_hal_sai.d" -MT"Drivers/STM32F7xx_HAL_Driver/stm32f7xx_hal_sai.o" --specs=nano.specs -mfpu=fpv5-sp-d16 -mfloat-abi=hard -mthumb -o "Drivers/STM32F7xx_HAL_Driver/stm32f7xx_hal_sai.o"
arm-none-eabi-gcc "C:/Users/jyepi/OneDrive/Desktop/Mixer Project/STMCube/AUDIO_Standalone/Drivers/STM32F7xx_HAL_Driver/Src/stm32f7xx_hal_sai_ex.c" -mcpu=cortex-m7 -std=gnu11 -g3 -DUSE_HAL_DRIVER -DSTM32F746xx -DUSE_STM32746G_DISCO -DUSE_USB_FS -DUSE_IOEXPANDER -c -I../../../Inc -I../../../Middlewares/ST/STM32_USB_Device_Library/Core/Inc -I../../../Middlewares/ST/STM32_USB_Device_Library/Class/AUDIO/Inc -I../../../Drivers/STM32F7xx_HAL_Driver/Inc -I../../../Drivers/BSP/STM32746G-Discovery -I../../../Drivers/CMSIS/Device/ST/STM32F7xx/Include -I../../../Drivers/CMSIS/Include -Os -ffunction-sections -Wall -fstack-usage -fcyclomatic-complexity -MMD -MP -MF"Drivers/STM32F7xx_HAL_Driver/stm32f7xx_hal_sai_ex.d" -MT"Drivers/STM32F7xx_HAL_Driver/stm32f7xx_hal_sai_ex.o" --specs=nano.specs -mfpu=fpv5-sp-d16 -mfloat-abi=hard -mthumb -o "Drivers/STM32F7xx_HAL_Driver/stm32f7xx_hal_sai_ex.o"
arm-none-eabi-gcc "C:/Users/jyepi/OneDrive/Desktop/Mixer Project/STMCube/AUDIO_Standalone/Drivers/STM32F7xx_HAL_Driver/Src/stm32f7xx_hal_tim.c" -mcpu=cortex-m7 -std=gnu11 -g3 -DUSE_HAL_DRIVER -DSTM32F746xx -DUSE_STM32746G_DISCO -DUSE_USB_FS -DUSE_IOEXPANDER -c -I../../../Inc -I../../../Middlewares/ST/STM32_USB_Device_Library/Core/Inc -I../../../Middlewares/ST/STM32_USB_Device_Library/Class/AUDIO/Inc -I../../../Drivers/STM32F7xx_HAL_Driver/Inc -I../../../Drivers/BSP/STM32746G-Discovery -I../../../Drivers/CMSIS/Device/ST/STM32F7xx/Include -I../../../Drivers/CMSIS/Include -Os -ffunction-sections -Wall -fstack-usage -fcyclomatic-complexity -MMD -MP -MF"Drivers/STM32F7xx_HAL_Driver/stm32f7xx_hal_tim.d" -MT"Drivers/STM32F7xx_HAL_Driver/stm32f7xx_hal_tim.o" --specs=nano.specs -mfpu=fpv5-sp-d16 -mfloat-abi=hard -mthumb -o "Drivers/STM32F7xx_HAL_Driver/stm32f7xx_hal_tim.o"
arm-none-eabi-gcc "C:/Users/jyepi/OneDrive/Desktop/Mixer Project/STMCube/AUDIO_Standalone/Drivers/STM32F7xx_HAL_Driver/Src/stm32f7xx_hal_tim_ex.c" -mcpu=cortex-m7 -std=gnu11 -g3 -DUSE_HAL_DRIVER -DSTM32F746xx -DUSE_STM32746G_DISCO -DUSE_USB_FS -DUSE_IOEXPANDER -c -I../../../Inc -I../../../Middlewares/ST/STM32_USB_Device_Library/Core/Inc -I../../../Middlewares/ST/STM32_USB_Device_Library/Class/AUDIO/Inc -I../../../Drivers/STM32F7xx_HAL_Driver/Inc -I../../../Drivers/BSP/STM32746G-Discovery -I../../../Drivers/CMSIS/Device/ST/STM32F7xx/Include -I../../../Drivers/CMSIS/Include -Os -ffunction-sections -Wall -fstack-usage -fcyclomatic-complexity -MMD -MP -MF"Drivers/STM32F7xx_HAL_Driver/stm32f7xx_hal_tim_ex.d" -MT"Drivers/STM32F7xx_HAL_Driver/stm32f7xx_hal_tim_ex.o" --specs=nano.specs -mfpu=fpv5-sp-d16 -mfloat-abi=hard -mthumb -o "Drivers/STM32F7xx_HAL_Driver/stm32f7xx_hal_tim_ex.o"
arm-none-eabi-gcc "C:/Users/jyepi/OneDrive/Desktop/Mixer Project/STMCube/AUDIO_Standalone/Drivers/STM32F7xx_HAL_Driver/Src/stm32f7xx_hal_uart.c" -mcpu=cortex-m7 -std=gnu11 -g3 -DUSE_HAL_DRIVER -DSTM32F746xx -DUSE_STM32746G_DISCO -DUSE_USB_FS -DUSE_IOEXPANDER -c -I../../../Inc -I../../../Middlewares/ST/STM32_USB_Device_Library/Core/Inc -I../../../Middlewares/ST/STM32_USB_Device_Library/Class/AUDIO/Inc -I../../../Drivers/STM32F7xx_HAL_Driver/Inc -I../../../Drivers/BSP/STM32746G-Discovery -I../../../Drivers/CMSIS/Device/ST/STM32F7xx/Include -I../../../Drivers/CMSIS/Include -Os -ffunction-sections -Wall -fstack-usage -fcyclomatic-complexity -MMD -MP -MF"Drivers/STM32F7xx_HAL_Driver/stm32f7xx_hal_uart.d" -MT"Drivers/STM32F7xx_HAL_Driver/stm32f7xx_hal_uart.o" --specs=nano.specs -mfpu=fpv5-sp-d16 -mfloat-abi=hard -mthumb -o "Drivers/STM32F7xx_HAL_Driver/stm32f7xx_hal_uart.o"
arm-none-eabi-gcc "C:/Users/jyepi/OneDrive/Desktop/Mixer Project/STMCube/AUDIO_Standalone/Drivers/STM32F7xx_HAL_Driver/Src/stm32f7xx_hal_usart.c" -mcpu=cortex-m7 -std=gnu11 -g3 -DUSE_HAL_DRIVER -DSTM32F746xx -DUSE_STM32746G_DISCO -DUSE_USB_FS -DUSE_IOEXPANDER -c -I../../../Inc -I../../../Middlewares/ST/STM32_USB_Device_Library/Core/Inc -I../../../Middlewares/ST/STM32_USB_Device_Library/Class/AUDIO/Inc -I../../../Drivers/STM32F7xx_HAL_Driver/Inc -I../../../Drivers/BSP/STM32746G-Discovery -I../../../Drivers/CMSIS/Device/ST/STM32F7xx/Include -I../../../Drivers/CMSIS/Include -Os -ffunction-sections -Wall -fstack-usage -fcyclomatic-complexity -MMD -MP -MF"Drivers/STM32F7xx_HAL_Driver/stm32f7xx_hal_usart.d" -MT"Drivers/STM32F7xx_HAL_Driver/stm32f7xx_hal_usart.o" --specs=nano.specs -mfpu=fpv5-sp-d16 -mfloat-abi=hard -mthumb -o "Drivers/STM32F7xx_HAL_Driver/stm32f7xx_hal_usart.o"
arm-none-eabi-gcc "C:/Users/jyepi/OneDrive/Desktop/Mixer Project/STMCube/AUDIO_Standalone/Drivers/STM32F7xx_HAL_Driver/Src/stm32f7xx_ll_usb.c" -mcpu=cortex-m7 -std=gnu11 -g3 -DUSE_HAL_DRIVER -DSTM32F746xx -DUSE_STM32746G_DISCO -DUSE_USB_FS -DUSE_IOEXPANDER -c -I../../../Inc -I../../../Middlewares/ST/STM32_USB_Device_Library/Core/Inc -I../../../Middlewares/ST/STM32_USB_Device_Library/Class/AUDIO/Inc -I../../../Drivers/STM32F7xx_HAL_Driver/Inc -I../../../Drivers/BSP/STM32746G-Discovery -I../../../Drivers/CMSIS/Device/ST/STM32F7xx/Include -I../../../Drivers/CMSIS/Include -Os -ffunction-sections -Wall -fstack-usage -fcyclomatic-complexity -MMD -MP -MF"Drivers/STM32F7xx_HAL_Driver/stm32f7xx_ll_usb.d" -MT"Drivers/STM32F7xx_HAL_Driver/stm32f7xx_ll_usb.o" --specs=nano.specs -mfpu=fpv5-sp-d16 -mfloat-abi=hard -mthumb -o "Drivers/STM32F7xx_HAL_Driver/stm32f7xx_ll_usb.o"
arm-none-eabi-gcc "C:/Users/jyepi/OneDrive/Desktop/Mixer Project/STMCube/AUDIO_Standalone/Src/system_stm32f7xx.c" -mcpu=cortex-m7 -std=gnu11 -g3 -DUSE_HAL_DRIVER -DSTM32F746xx -DUSE_STM32746G_DISCO -DUSE_USB_FS -DUSE_IOEXPANDER -c -I../../../Inc -I../../../Middlewares/ST/STM32_USB_Device_Library/Core/Inc -I../../../Middlewares/ST/STM32_USB_Device_Library/Class/AUDIO/Inc -I../../../Drivers/STM32F7xx_HAL_Driver/Inc -I../../../Drivers/BSP/STM32746G-Discovery -I../../../Drivers/CMSIS/Device/ST/STM32F7xx/Include -I../../../Drivers/CMSIS/Include -Os -ffunction-sections -Wall -fstack-usage -fcyclomatic-complexity -MMD -MP -MF"Drivers/CMSIS/system_stm32f7xx.d" -MT"Drivers/CMSIS/system_stm32f7xx.o" --specs=nano.specs -mfpu=fpv5-sp-d16 -mfloat-abi=hard -mthumb -o "Drivers/CMSIS/system_stm32f7xx.o"
arm-none-eabi-gcc "C:/Users/jyepi/OneDrive/Desktop/Mixer Project/STMCube/AUDIO_Standalone/Drivers/BSP/STM32746G-Discovery/stm32746g_discovery.c" -mcpu=cortex-m7 -std=gnu11 -g3 -DUSE_HAL_DRIVER -DSTM32F746xx -DUSE_STM32746G_DISCO -DUSE_USB_FS -DUSE_IOEXPANDER -c -I../../../Inc -I../../../Middlewares/ST/STM32_USB_Device_Library/Core/Inc -I../../../Middlewares/ST/STM32_USB_Device_Library/Class/AUDIO/Inc -I../../../Drivers/STM32F7xx_HAL_Driver/Inc -I../../../Drivers/BSP/STM32746G-Discovery -I../../../Drivers/CMSIS/Device/ST/STM32F7xx/Include -I../../../Drivers/CMSIS/Include -Os -ffunction-sections -Wall -fstack-usage -fcyclomatic-complexity -MMD -MP -MF"Drivers/BSP/STM32746G-DISCOVERY/stm32746g_discovery.d" -MT"Drivers/BSP/STM32746G-DISCOVERY/stm32746g_discovery.o" --specs=nano.specs -mfpu=fpv5-sp-d16 -mfloat-abi=hard -mthumb -o "Drivers/BSP/STM32746G-DISCOVERY/stm32746g_discovery.o"
arm-none-eabi-gcc "C:/Users/jyepi/OneDrive/Desktop/Mixer Project/STMCube/AUDIO_Standalone/Drivers/BSP/STM32746G-Discovery/stm32746g_discovery_audio.c" -mcpu=cortex-m7 -std=gnu11 -g3 -DUSE_HAL_DRIVER -DSTM32F746xx -DUSE_STM32746G_DISCO -DUSE_USB_FS -DUSE_IOEXPANDER -c -I../../../Inc -I../../../Middlewares/ST/STM32_USB_Device_Library/Core/Inc -I../../../Middlewares/ST/STM32_USB_Device_Library/Class/AUDIO/Inc -I../../../Drivers/STM32F7xx_HAL_Driver/Inc -I../../../Drivers/BSP/STM32746G-Discovery -I../../../Drivers/CMSIS/Device/ST/STM32F7xx/Include -I../../../Drivers/CMSIS/Include -Os -ffunction-sections -Wall -fstack-usage -fcyclomatic-complexity -MMD -MP -MF"Drivers/BSP/STM32746G-DISCOVERY/stm32746g_discovery_audio.d" -MT"Drivers/BSP/STM32746G-DISCOVERY/stm32746g_discovery_audio.o" --specs=nano.specs -mfpu=fpv5-sp-d16 -mfloat-abi=hard -mthumb -o "Drivers/BSP/STM32746G-DISCOVERY/stm32746g_discovery_audio.o"
arm-none-eabi-gcc "C:/Users/jyepi/OneDrive/Desktop/Mixer Project/STMCube/AUDIO_Standalone/Drivers/BSP/Components/wm8994/wm8994.c" -mcpu=cortex-m7 -std=gnu11 -g3 -DUSE_HAL_DRIVER -DSTM32F746xx -DUSE_STM32746G_DISCO -DUSE_USB_FS -DUSE_IOEXPANDER -c -I../../../Inc -I../../../Middlewares/ST/STM32_USB_Device_Library/Core/Inc -I../../../Middlewares/ST/STM32_USB_Device_Library/Class/AUDIO/Inc -I../../../Drivers/STM32F7xx_HAL_Driver/Inc -I../../../Drivers/BSP/STM32746G-Discovery -I../../../Drivers/CMSIS/Device/ST/STM32F7xx/Include -I../../../Drivers/CMSIS/Include -Os -ffunction-sections -Wall -fstack-usage -fcyclomatic-complexity -MMD -MP -MF"Drivers/BSP/Components/wm8994.d" -MT"Drivers/BSP/Components/wm8994.o" --specs=nano.specs -mfpu=fpv5-sp-d16 -mfloat-abi=hard -mthumb -o "Drivers/BSP/Components/wm8994.o"
arm-none-eabi-gcc "C:/Users/jyepi/OneDrive/Desktop/Mixer Project/STMCube/AUDIO_Standalone/Src/main.c" -mcpu=cortex-m7 -std=gnu11 -g3 -DUSE_HAL_DRIVER -DSTM32F746xx -DUSE_STM32746G_DISCO -DUSE_USB_FS -DUSE_IOEXPANDER -c -I../../../Inc -I../../../Middlewares/ST/STM32_USB_Device_Library/Core/Inc -I../../../Middlewares/ST/STM32_USB_Device_Library/Class/AUDIO/Inc -I../../../Drivers/STM32F7xx_HAL_Driver/Inc -I../../../Drivers/BSP/STM32746G-Discovery -I../../../Drivers/CMSIS/Device/ST/STM32F7xx/Include -I../../../Drivers/CMSIS/Include -Os -ffunction-sections -Wall -fstack-usage -fcyclomatic-complexity -MMD -MP -MF"Application/User/main.d" -MT"Application/User/main.o" --specs=nano.specs -mfpu=fpv5-sp-d16 -mfloat-abi=hard -mthumb -o "Application/User/main.o"
arm-none-eabi-gcc "C:/Users/jyepi/OneDrive/Desktop/Mixer Project/STMCube/AUDIO_Standalone/Src/stm32f7xx_it.c" -mcpu=cortex-m7 -std=gnu11 -g3 -DUSE_HAL_DRIVER -DSTM32F746xx -DUSE_STM32746G_DISCO -DUSE_USB_FS -DUSE_IOEXPANDER -c -I../../../Inc -I../../../Middlewares/ST/STM32_USB_Device_Library/Core/Inc -I../../../Middlewares/ST/STM32_USB_Device_Library/Class/AUDIO/Inc -I../../../Drivers/STM32F7xx_HAL_Driver/Inc -I../../../Drivers/BSP/STM32746G-Discovery -I../../../Drivers/CMSIS/Device/ST/STM32F7xx/Include -I../../../Drivers/CMSIS/Include -Os -ffunction-sections -Wall -fstack-usage -fcyclomatic-complexity -MMD -MP -MF"Application/User/stm32f7xx_it.d" -MT"Application/User/stm32f7xx_it.o" --specs=nano.specs -mfpu=fpv5-sp-d16 -mfloat-abi=hard -mthumb -o "Application/User/stm32f7xx_it.o"
arm-none-eabi-gcc "C:/Users/jyepi/OneDrive/Desktop/Mixer Project/STMCube/AUDIO_Standalone/Src/usbd_audio_if.c" -mcpu=cortex-m7 -std=gnu11 -g3 -DUSE_HAL_DRIVER -DSTM32F746xx -DUSE_STM32746G_DISCO -DUSE_USB_FS -DUSE_IOEXPANDER -c -I../../../Inc -I../../../Middlewares/ST/STM32_USB_Device_Library/Core/Inc -I../../../Middlewares/ST/STM32_USB_Device_Library/Class/AUDIO/Inc -I../../../Drivers/STM32F7xx_HAL_Driver/Inc -I../../../Drivers/BSP/STM32746G-Discovery -I../../../Drivers/CMSIS/Device/ST/STM32F7xx/Include -I../../../Drivers/CMSIS/Include -Os -ffunction-sections -Wall -fstack-usage -fcyclomatic-complexity -MMD -MP -MF"Application/User/usbd_audio_if.d" -MT"Application/User/usbd_audio_if.o" --specs=nano.specs -mfpu=fpv5-sp-d16 -mfloat-abi=hard -mthumb -o "Application/User/usbd_audio_if.o"
arm-none-eabi-gcc "C:/Users/jyepi/OneDrive/Desktop/Mixer Project/STMCube/AUDIO_Standalone/Src/usbd_conf.c" -mcpu=cortex-m7 -std=gnu11 -g3 -DUSE_HAL_DRIVER -DSTM32F746xx -DUSE_STM32746G_DISCO -DUSE_USB_FS -DUSE_IOEXPANDER -c -I../../../Inc -I../../../Middlewares/ST/STM32_USB_Device_Library/Core/Inc -I../../../Middlewares/ST/STM32_USB_Device_Library/Class/AUDIO/Inc -I../../../Drivers/STM32F7xx_HAL_Driver/Inc -I../../../Drivers/BSP/STM32746G-Discovery -I../../../Drivers/CMSIS/Device/ST/STM32F7xx/Include -I../../../Drivers/CMSIS/Include -Os -ffunction-sections -Wall -fstack-usage -fcyclomatic-complexity -MMD -MP -MF"Application/User/usbd_conf.d" -MT"Application/User/usbd_conf.o" --specs=nano.specs -mfpu=fpv5-sp-d16 -mfloat-abi=hard -mthumb -o "Application/User/usbd_conf.o"
arm-none-eabi-gcc "C:/Users/jyepi/OneDrive/Desktop/Mixer Project/STMCube/AUDIO_Standalone/Src/usbd_desc.c" -mcpu=cortex-m7 -std=gnu11 -g3 -DUSE_HAL_DRIVER -DSTM32F746xx -DUSE_STM32746G_DISCO -DUSE_USB_FS -DUSE_IOEXPANDER -c -I../../../Inc -I../../../Middlewares/ST/STM32_USB_Device_Library/Core/Inc -I../../../Middlewares/ST/STM32_USB_Device_Library/Class/AUDIO/Inc -I../../../Drivers/STM32F7xx_HAL_Driver/Inc -I../../../Drivers/BSP/STM32746G-Discovery -I../../../Drivers/CMSIS/Device/ST/STM32F7xx/Include -I../../../Drivers/CMSIS/Include -Os -ffunction-sections -Wall -fstack-usage -fcyclomatic-complexity -MMD -MP -MF"Application/User/usbd_desc.d" -MT"Application/User/usbd_desc.o" --specs=nano.specs -mfpu=fpv5-sp-d16 -mfloat-abi=hard -mthumb -o "Application/User/usbd_desc.o"
arm-none-eabi-gcc -mcpu=cortex-m7 -g3 -c -x assembler-with-cpp -MMD -MP -MF"Application/SW4STM32/startup_stm32f746xx.d" -MT"Application/SW4STM32/startup_stm32f746xx.o" --specs=nano.specs -mfpu=fpv5-sp-d16 -mfloat-abi=hard -mthumb -o "Application/SW4STM32/startup_stm32f746xx.o" "C:/Users/jyepi/OneDrive/Desktop/Mixer Project/STMCube/AUDIO_Standalone/SW4STM32/startup_stm32f746xx.s"
arm-none-eabi-gcc "C:/Users/jyepi/OneDrive/Desktop/Mixer Project/STMCube/AUDIO_Standalone/SW4STM32/syscalls.c" -mcpu=cortex-m7 -std=gnu11 -g3 -DUSE_HAL_DRIVER -DSTM32F746xx -DUSE_STM32746G_DISCO -DUSE_USB_FS -DUSE_IOEXPANDER -c -I../../../Inc -I../../../Middlewares/ST/STM32_USB_Device_Library/Core/Inc -I../../../Middlewares/ST/STM32_USB_Device_Library/Class/AUDIO/Inc -I../../../Drivers/STM32F7xx_HAL_Driver/Inc -I../../../Drivers/BSP/STM32746G-Discovery -I../../../Drivers/CMSIS/Device/ST/STM32F7xx/Include -I../../../Drivers/CMSIS/Include -Os -ffunction-sections -Wall -fstack-usage -fcyclomatic-complexity -MMD -MP -MF"Application/SW4STM32/syscalls.d" -MT"Application/SW4STM32/syscalls.o" --specs=nano.specs -mfpu=fpv5-sp-d16 -mfloat-abi=hard -mthumb -o "Application/SW4STM32/syscalls.o"
arm-none-eabi-gcc -o "STM32746G-DISCOVERY_USBD-FS.elf" @"objects.list"   -mcpu=cortex-m7 -T"../STM32F746NGHx_FLASH.ld" --specs=nosys.specs -Wl,-Map="STM32746G-DISCOVERY_USBD-FS.map" -Wl,--gc-sections -static --specs=nano.specs -mfpu=fpv5-sp-d16 -mfloat-abi=hard -mthumb -Wl,--start-group -lc -lm -Wl,--end-group
C:/ST/STM32CubeIDE_1.15.1/STM32CubeIDE/plugins/com.st.stm32cube.ide.mcu.externaltools.gnu-tools-for-stm32.12.3.rel1.win32_1.0.100.202403111256/tools/bin/../lib/gcc/arm-none-eabi/12.3.1/../../../../arm-none-eabi/bin/ld.exe: warning: STM32746G-DISCOVERY_USBD-FS.elf has a LOAD segment with RWX permissions
Finished building target: STM32746G-DISCOVERY_USBD-FS.elf
 
arm-none-eabi-size  STM32746G-DISCOVERY_USBD-FS.elf 
arm-none-eabi-objdump -h -S STM32746G-DISCOVERY_USBD-FS.elf  > "STM32746G-DISCOVERY_USBD-FS.list"
arm-none-eabi-objcopy  -O binary STM32746G-DISCOVERY_USBD-FS.elf  "STM32746G-DISCOVERY_USBD-FS.bin"
   text	   data	    bss	    dec	    hex	filename
  24164	    440	  28000	  52604	   cd7c	STM32746G-DISCOVERY_USBD-FS.elf
Finished building: default.size.stdout
 
Finished building: STM32746G-DISCOVERY_USBD-FS.bin
 
Finished building: STM32746G-DISCOVERY_USBD-FS.list
 
18:52:57 **** Incremental Build of configuration Debug for project AUDIO_Standalone ****
make -j16 all 
arm-none-eabi-size  STM32746G-DISCOVERY_USBD-FS.elf 
   text	   data	    bss	    dec	    hex	filename
  24164	    440	  28000	  52604	   cd7c	STM32746G-DISCOVERY_USBD-FS.elf
Finished building: default.size.stdout
 
18:56:25 **** Incremental Build of configuration Debug for project AUDIO_Standalone ****
make -j16 all 
arm-none-eabi-size  STM32746G-DISCOVERY_USBD-FS.elf 
   text	   data	    bss	    dec	    hex	filename
  24164	    440	  28000	  52604	   cd7c	STM32746G-DISCOVERY_USBD-FS.elf
Finished building: default.size.stdout
 
19:17:49 **** Build of configuration Debug for project STemWin ****
make -j16 all 
arm-none-eabi-gcc "C:/Users/jyepi/OneDrive/Desktop/Mixer Project/STMCube/STemWin/Middlewares/ST/STM32_USB_Host_Library/Core/Src/usbh_core.c" -mcpu=cortex-m7 -std=gnu11 -g3 -DSTM32F746xx -DUSE_HAL_DRIVER -DUSE_STM32746G_DISCOVERY -c -I../../../Gui/STemWin_Addons -I../../../Gui/Target -I../../../Config -I../../../Core/Inc -I../../../Utilities/CPU -I../../../Drivers/CMSIS/Device/ST/STM32F7xx/Include -I../../../Drivers/STM32F7xx_HAL_Driver/Inc -I../../../Drivers/STM32F7xx_HAL_Driver/Inc/Legacy -I../../../Drivers/BSP/STM32746G-Discovery -I../../../Drivers/BSP/Components -I../../../Drivers/BSP/Components/Common -I../../../Middlewares/ST/STM32_USB_Host_Library/Core/Inc -I../../../Middlewares/ST/STM32_USB_Host_Library/Class/MSC/Inc -I../../../Middlewares/ST/STM32_USB_Device_Library/Class/MSC/Inc -I../../../Middlewares/Third_Party/LwIP/src/include/ -I../../../Middlewares/Third_Party/LwIP/system -I../../../Middlewares/Third_Party/LwIP/system/OS -I../../../Middlewares/ST/STemWin/inc -I../../../Middlewares/Third_Party/FatFs/src -I../../../Middlewares/Third_Party/FatFs/src/drivers -I../../../Middlewares/Third_Party/FreeRTOS/Source/portable/GCC/ARM_CM7/r0p1 -I../../../Middlewares/Third_Party/FreeRTOS/Source/include -I../../../Middlewares/Third_Party/FreeRTOS/Source/CMSIS_RTOS -I../../../Modules/Common -I../../../Modules/audio_player -I../../../Modules/audio_recorder -I../../../Modules/videoplayer -I../../../Modules/vnc_server -I../../../Drivers/CMSIS/Include -Os -ffunction-sections -Wall -fstack-usage -fcyclomatic-complexity -MMD -MP -MF"Middlewares/USBH_Library/Core/usbh_core.d" -MT"Middlewares/USBH_Library/Core/usbh_core.o" --specs=nano.specs -mfpu=fpv5-sp-d16 -mfloat-abi=hard -mthumb -o "Middlewares/USBH_Library/Core/usbh_core.o"
arm-none-eabi-gcc "C:/Users/jyepi/OneDrive/Desktop/Mixer Project/STMCube/STemWin/Middlewares/ST/STM32_USB_Host_Library/Core/Src/usbh_ctlreq.c" -mcpu=cortex-m7 -std=gnu11 -g3 -DSTM32F746xx -DUSE_HAL_DRIVER -DUSE_STM32746G_DISCOVERY -c -I../../../Gui/STemWin_Addons -I../../../Gui/Target -I../../../Config -I../../../Core/Inc -I../../../Utilities/CPU -I../../../Drivers/CMSIS/Device/ST/STM32F7xx/Include -I../../../Drivers/STM32F7xx_HAL_Driver/Inc -I../../../Drivers/STM32F7xx_HAL_Driver/Inc/Legacy -I../../../Drivers/BSP/STM32746G-Discovery -I../../../Drivers/BSP/Components -I../../../Drivers/BSP/Components/Common -I../../../Middlewares/ST/STM32_USB_Host_Library/Core/Inc -I../../../Middlewares/ST/STM32_USB_Host_Library/Class/MSC/Inc -I../../../Middlewares/ST/STM32_USB_Device_Library/Class/MSC/Inc -I../../../Middlewares/Third_Party/LwIP/src/include/ -I../../../Middlewares/Third_Party/LwIP/system -I../../../Middlewares/Third_Party/LwIP/system/OS -I../../../Middlewares/ST/STemWin/inc -I../../../Middlewares/Third_Party/FatFs/src -I../../../Middlewares/Third_Party/FatFs/src/drivers -I../../../Middlewares/Third_Party/FreeRTOS/Source/portable/GCC/ARM_CM7/r0p1 -I../../../Middlewares/Third_Party/FreeRTOS/Source/include -I../../../Middlewares/Third_Party/FreeRTOS/Source/CMSIS_RTOS -I../../../Modules/Common -I../../../Modules/audio_player -I../../../Modules/audio_recorder -I../../../Modules/videoplayer -I../../../Modules/vnc_server -I../../../Drivers/CMSIS/Include -Os -ffunction-sections -Wall -fstack-usage -fcyclomatic-complexity -MMD -MP -MF"Middlewares/USBH_Library/Core/usbh_ctlreq.d" -MT"Middlewares/USBH_Library/Core/usbh_ctlreq.o" --specs=nano.specs -mfpu=fpv5-sp-d16 -mfloat-abi=hard -mthumb -o "Middlewares/USBH_Library/Core/usbh_ctlreq.o"
arm-none-eabi-gcc "C:/Users/jyepi/OneDrive/Desktop/Mixer Project/STMCube/STemWin/Middlewares/ST/STM32_USB_Host_Library/Core/Src/usbh_ioreq.c" -mcpu=cortex-m7 -std=gnu11 -g3 -DSTM32F746xx -DUSE_HAL_DRIVER -DUSE_STM32746G_DISCOVERY -c -I../../../Gui/STemWin_Addons -I../../../Gui/Target -I../../../Config -I../../../Core/Inc -I../../../Utilities/CPU -I../../../Drivers/CMSIS/Device/ST/STM32F7xx/Include -I../../../Drivers/STM32F7xx_HAL_Driver/Inc -I../../../Drivers/STM32F7xx_HAL_Driver/Inc/Legacy -I../../../Drivers/BSP/STM32746G-Discovery -I../../../Drivers/BSP/Components -I../../../Drivers/BSP/Components/Common -I../../../Middlewares/ST/STM32_USB_Host_Library/Core/Inc -I../../../Middlewares/ST/STM32_USB_Host_Library/Class/MSC/Inc -I../../../Middlewares/ST/STM32_USB_Device_Library/Class/MSC/Inc -I../../../Middlewares/Third_Party/LwIP/src/include/ -I../../../Middlewares/Third_Party/LwIP/system -I../../../Middlewares/Third_Party/LwIP/system/OS -I../../../Middlewares/ST/STemWin/inc -I../../../Middlewares/Third_Party/FatFs/src -I../../../Middlewares/Third_Party/FatFs/src/drivers -I../../../Middlewares/Third_Party/FreeRTOS/Source/portable/GCC/ARM_CM7/r0p1 -I../../../Middlewares/Third_Party/FreeRTOS/Source/include -I../../../Middlewares/Third_Party/FreeRTOS/Source/CMSIS_RTOS -I../../../Modules/Common -I../../../Modules/audio_player -I../../../Modules/audio_recorder -I../../../Modules/videoplayer -I../../../Modules/vnc_server -I../../../Drivers/CMSIS/Include -Os -ffunction-sections -Wall -fstack-usage -fcyclomatic-complexity -MMD -MP -MF"Middlewares/USBH_Library/Core/usbh_ioreq.d" -MT"Middlewares/USBH_Library/Core/usbh_ioreq.o" --specs=nano.specs -mfpu=fpv5-sp-d16 -mfloat-abi=hard -mthumb -o "Middlewares/USBH_Library/Core/usbh_ioreq.o"
arm-none-eabi-gcc "C:/Users/jyepi/OneDrive/Desktop/Mixer Project/STMCube/STemWin/Middlewares/ST/STM32_USB_Host_Library/Core/Src/usbh_pipes.c" -mcpu=cortex-m7 -std=gnu11 -g3 -DSTM32F746xx -DUSE_HAL_DRIVER -DUSE_STM32746G_DISCOVERY -c -I../../../Gui/STemWin_Addons -I../../../Gui/Target -I../../../Config -I../../../Core/Inc -I../../../Utilities/CPU -I../../../Drivers/CMSIS/Device/ST/STM32F7xx/Include -I../../../Drivers/STM32F7xx_HAL_Driver/Inc -I../../../Drivers/STM32F7xx_HAL_Driver/Inc/Legacy -I../../../Drivers/BSP/STM32746G-Discovery -I../../../Drivers/BSP/Components -I../../../Drivers/BSP/Components/Common -I../../../Middlewares/ST/STM32_USB_Host_Library/Core/Inc -I../../../Middlewares/ST/STM32_USB_Host_Library/Class/MSC/Inc -I../../../Middlewares/ST/STM32_USB_Device_Library/Class/MSC/Inc -I../../../Middlewares/Third_Party/LwIP/src/include/ -I../../../Middlewares/Third_Party/LwIP/system -I../../../Middlewares/Third_Party/LwIP/system/OS -I../../../Middlewares/ST/STemWin/inc -I../../../Middlewares/Third_Party/FatFs/src -I../../../Middlewares/Third_Party/FatFs/src/drivers -I../../../Middlewares/Third_Party/FreeRTOS/Source/portable/GCC/ARM_CM7/r0p1 -I../../../Middlewares/Third_Party/FreeRTOS/Source/include -I../../../Middlewares/Third_Party/FreeRTOS/Source/CMSIS_RTOS -I../../../Modules/Common -I../../../Modules/audio_player -I../../../Modules/audio_recorder -I../../../Modules/videoplayer -I../../../Modules/vnc_server -I../../../Drivers/CMSIS/Include -Os -ffunction-sections -Wall -fstack-usage -fcyclomatic-complexity -MMD -MP -MF"Middlewares/USBH_Library/Core/usbh_pipes.d" -MT"Middlewares/USBH_Library/Core/usbh_pipes.o" --specs=nano.specs -mfpu=fpv5-sp-d16 -mfloat-abi=hard -mthumb -o "Middlewares/USBH_Library/Core/usbh_pipes.o"
arm-none-eabi-gcc "C:/Users/jyepi/OneDrive/Desktop/Mixer Project/STMCube/STemWin/Config/usbh_conf.c" -mcpu=cortex-m7 -std=gnu11 -g3 -DSTM32F746xx -DUSE_HAL_DRIVER -DUSE_STM32746G_DISCOVERY -c -I../../../Gui/STemWin_Addons -I../../../Gui/Target -I../../../Config -I../../../Core/Inc -I../../../Utilities/CPU -I../../../Drivers/CMSIS/Device/ST/STM32F7xx/Include -I../../../Drivers/STM32F7xx_HAL_Driver/Inc -I../../../Drivers/STM32F7xx_HAL_Driver/Inc/Legacy -I../../../Drivers/BSP/STM32746G-Discovery -I../../../Drivers/BSP/Components -I../../../Drivers/BSP/Components/Common -I../../../Middlewares/ST/STM32_USB_Host_Library/Core/Inc -I../../../Middlewares/ST/STM32_USB_Host_Library/Class/MSC/Inc -I../../../Middlewares/ST/STM32_USB_Device_Library/Class/MSC/Inc -I../../../Middlewares/Third_Party/LwIP/src/include/ -I../../../Middlewares/Third_Party/LwIP/system -I../../../Middlewares/Third_Party/LwIP/system/OS -I../../../Middlewares/ST/STemWin/inc -I../../../Middlewares/Third_Party/FatFs/src -I../../../Middlewares/Third_Party/FatFs/src/drivers -I../../../Middlewares/Third_Party/FreeRTOS/Source/portable/GCC/ARM_CM7/r0p1 -I../../../Middlewares/Third_Party/FreeRTOS/Source/include -I../../../Middlewares/Third_Party/FreeRTOS/Source/CMSIS_RTOS -I../../../Modules/Common -I../../../Modules/audio_player -I../../../Modules/audio_recorder -I../../../Modules/videoplayer -I../../../Modules/vnc_server -I../../../Drivers/CMSIS/Include -Os -ffunction-sections -Wall -fstack-usage -fcyclomatic-complexity -MMD -MP -MF"Middlewares/USBH_Library/Config/usbh_conf.d" -MT"Middlewares/USBH_Library/Config/usbh_conf.o" --specs=nano.specs -mfpu=fpv5-sp-d16 -mfloat-abi=hard -mthumb -o "Middlewares/USBH_Library/Config/usbh_conf.o"
arm-none-eabi-gcc "C:/Users/jyepi/OneDrive/Desktop/Mixer Project/STMCube/STemWin/Middlewares/ST/STM32_USB_Host_Library/Class/MSC/Src/usbh_msc.c" -mcpu=cortex-m7 -std=gnu11 -g3 -DSTM32F746xx -DUSE_HAL_DRIVER -DUSE_STM32746G_DISCOVERY -c -I../../../Gui/STemWin_Addons -I../../../Gui/Target -I../../../Config -I../../../Core/Inc -I../../../Utilities/CPU -I../../../Drivers/CMSIS/Device/ST/STM32F7xx/Include -I../../../Drivers/STM32F7xx_HAL_Driver/Inc -I../../../Drivers/STM32F7xx_HAL_Driver/Inc/Legacy -I../../../Drivers/BSP/STM32746G-Discovery -I../../../Drivers/BSP/Components -I../../../Drivers/BSP/Components/Common -I../../../Middlewares/ST/STM32_USB_Host_Library/Core/Inc -I../../../Middlewares/ST/STM32_USB_Host_Library/Class/MSC/Inc -I../../../Middlewares/ST/STM32_USB_Device_Library/Class/MSC/Inc -I../../../Middlewares/Third_Party/LwIP/src/include/ -I../../../Middlewares/Third_Party/LwIP/system -I../../../Middlewares/Third_Party/LwIP/system/OS -I../../../Middlewares/ST/STemWin/inc -I../../../Middlewares/Third_Party/FatFs/src -I../../../Middlewares/Third_Party/FatFs/src/drivers -I../../../Middlewares/Third_Party/FreeRTOS/Source/portable/GCC/ARM_CM7/r0p1 -I../../../Middlewares/Third_Party/FreeRTOS/Source/include -I../../../Middlewares/Third_Party/FreeRTOS/Source/CMSIS_RTOS -I../../../Modules/Common -I../../../Modules/audio_player -I../../../Modules/audio_recorder -I../../../Modules/videoplayer -I../../../Modules/vnc_server -I../../../Drivers/CMSIS/Include -Os -ffunction-sections -Wall -fstack-usage -fcyclomatic-complexity -MMD -MP -MF"Middlewares/USBH_Library/Class/MSC/usbh_msc.d" -MT"Middlewares/USBH_Library/Class/MSC/usbh_msc.o" --specs=nano.specs -mfpu=fpv5-sp-d16 -mfloat-abi=hard -mthumb -o "Middlewares/USBH_Library/Class/MSC/usbh_msc.o"
arm-none-eabi-gcc "C:/Users/jyepi/OneDrive/Desktop/Mixer Project/STMCube/STemWin/Middlewares/ST/STM32_USB_Host_Library/Class/MSC/Src/usbh_msc_bot.c" -mcpu=cortex-m7 -std=gnu11 -g3 -DSTM32F746xx -DUSE_HAL_DRIVER -DUSE_STM32746G_DISCOVERY -c -I../../../Gui/STemWin_Addons -I../../../Gui/Target -I../../../Config -I../../../Core/Inc -I../../../Utilities/CPU -I../../../Drivers/CMSIS/Device/ST/STM32F7xx/Include -I../../../Drivers/STM32F7xx_HAL_Driver/Inc -I../../../Drivers/STM32F7xx_HAL_Driver/Inc/Legacy -I../../../Drivers/BSP/STM32746G-Discovery -I../../../Drivers/BSP/Components -I../../../Drivers/BSP/Components/Common -I../../../Middlewares/ST/STM32_USB_Host_Library/Core/Inc -I../../../Middlewares/ST/STM32_USB_Host_Library/Class/MSC/Inc -I../../../Middlewares/ST/STM32_USB_Device_Library/Class/MSC/Inc -I../../../Middlewares/Third_Party/LwIP/src/include/ -I../../../Middlewares/Third_Party/LwIP/system -I../../../Middlewares/Third_Party/LwIP/system/OS -I../../../Middlewares/ST/STemWin/inc -I../../../Middlewares/Third_Party/FatFs/src -I../../../Middlewares/Third_Party/FatFs/src/drivers -I../../../Middlewares/Third_Party/FreeRTOS/Source/portable/GCC/ARM_CM7/r0p1 -I../../../Middlewares/Third_Party/FreeRTOS/Source/include -I../../../Middlewares/Third_Party/FreeRTOS/Source/CMSIS_RTOS -I../../../Modules/Common -I../../../Modules/audio_player -I../../../Modules/audio_recorder -I../../../Modules/videoplayer -I../../../Modules/vnc_server -I../../../Drivers/CMSIS/Include -Os -ffunction-sections -Wall -fstack-usage -fcyclomatic-complexity -MMD -MP -MF"Middlewares/USBH_Library/Class/MSC/usbh_msc_bot.d" -MT"Middlewares/USBH_Library/Class/MSC/usbh_msc_bot.o" --specs=nano.specs -mfpu=fpv5-sp-d16 -mfloat-abi=hard -mthumb -o "Middlewares/USBH_Library/Class/MSC/usbh_msc_bot.o"
arm-none-eabi-gcc "C:/Users/jyepi/OneDrive/Desktop/Mixer Project/STMCube/STemWin/Middlewares/ST/STM32_USB_Host_Library/Class/MSC/Src/usbh_msc_scsi.c" -mcpu=cortex-m7 -std=gnu11 -g3 -DSTM32F746xx -DUSE_HAL_DRIVER -DUSE_STM32746G_DISCOVERY -c -I../../../Gui/STemWin_Addons -I../../../Gui/Target -I../../../Config -I../../../Core/Inc -I../../../Utilities/CPU -I../../../Drivers/CMSIS/Device/ST/STM32F7xx/Include -I../../../Drivers/STM32F7xx_HAL_Driver/Inc -I../../../Drivers/STM32F7xx_HAL_Driver/Inc/Legacy -I../../../Drivers/BSP/STM32746G-Discovery -I../../../Drivers/BSP/Components -I../../../Drivers/BSP/Components/Common -I../../../Middlewares/ST/STM32_USB_Host_Library/Core/Inc -I../../../Middlewares/ST/STM32_USB_Host_Library/Class/MSC/Inc -I../../../Middlewares/ST/STM32_USB_Device_Library/Class/MSC/Inc -I../../../Middlewares/Third_Party/LwIP/src/include/ -I../../../Middlewares/Third_Party/LwIP/system -I../../../Middlewares/Third_Party/LwIP/system/OS -I../../../Middlewares/ST/STemWin/inc -I../../../Middlewares/Third_Party/FatFs/src -I../../../Middlewares/Third_Party/FatFs/src/drivers -I../../../Middlewares/Third_Party/FreeRTOS/Source/portable/GCC/ARM_CM7/r0p1 -I../../../Middlewares/Third_Party/FreeRTOS/Source/include -I../../../Middlewares/Third_Party/FreeRTOS/Source/CMSIS_RTOS -I../../../Modules/Common -I../../../Modules/audio_player -I../../../Modules/audio_recorder -I../../../Modules/videoplayer -I../../../Modules/vnc_server -I../../../Drivers/CMSIS/Include -Os -ffunction-sections -Wall -fstack-usage -fcyclomatic-complexity -MMD -MP -MF"Middlewares/USBH_Library/Class/MSC/usbh_msc_scsi.d" -MT"Middlewares/USBH_Library/Class/MSC/usbh_msc_scsi.o" --specs=nano.specs -mfpu=fpv5-sp-d16 -mfloat-abi=hard -mthumb -o "Middlewares/USBH_Library/Class/MSC/usbh_msc_scsi.o"
arm-none-eabi-gcc "C:/Users/jyepi/OneDrive/Desktop/Mixer Project/STMCube/STemWin/Middlewares/ST/STemWin/OS/GUI_X_OS.c" -mcpu=cortex-m7 -std=gnu11 -g3 -DSTM32F746xx -DUSE_HAL_DRIVER -DUSE_STM32746G_DISCOVERY -c -I../../../Gui/STemWin_Addons -I../../../Gui/Target -I../../../Config -I../../../Core/Inc -I../../../Utilities/CPU -I../../../Drivers/CMSIS/Device/ST/STM32F7xx/Include -I../../../Drivers/STM32F7xx_HAL_Driver/Inc -I../../../Drivers/STM32F7xx_HAL_Driver/Inc/Legacy -I../../../Drivers/BSP/STM32746G-Discovery -I../../../Drivers/BSP/Components -I../../../Drivers/BSP/Components/Common -I../../../Middlewares/ST/STM32_USB_Host_Library/Core/Inc -I../../../Middlewares/ST/STM32_USB_Host_Library/Class/MSC/Inc -I../../../Middlewares/ST/STM32_USB_Device_Library/Class/MSC/Inc -I../../../Middlewares/Third_Party/LwIP/src/include/ -I../../../Middlewares/Third_Party/LwIP/system -I../../../Middlewares/Third_Party/LwIP/system/OS -I../../../Middlewares/ST/STemWin/inc -I../../../Middlewares/Third_Party/FatFs/src -I../../../Middlewares/Third_Party/FatFs/src/drivers -I../../../Middlewares/Third_Party/FreeRTOS/Source/portable/GCC/ARM_CM7/r0p1 -I../../../Middlewares/Third_Party/FreeRTOS/Source/include -I../../../Middlewares/Third_Party/FreeRTOS/Source/CMSIS_RTOS -I../../../Modules/Common -I../../../Modules/audio_player -I../../../Modules/audio_recorder -I../../../Modules/videoplayer -I../../../Modules/vnc_server -I../../../Drivers/CMSIS/Include -Os -ffunction-sections -Wall -fstack-usage -fcyclomatic-complexity -MMD -MP -MF"Middlewares/STemWin/OS/GUI_X_OS.d" -MT"Middlewares/STemWin/OS/GUI_X_OS.o" --specs=nano.specs -mfpu=fpv5-sp-d16 -mfloat-abi=hard -mthumb -o "Middlewares/STemWin/OS/GUI_X_OS.o"
arm-none-eabi-gcc "C:/Users/jyepi/OneDrive/Desktop/Mixer Project/STMCube/STemWin/Gui/Target/GUIConf.c" -mcpu=cortex-m7 -std=gnu11 -g3 -DSTM32F746xx -DUSE_HAL_DRIVER -DUSE_STM32746G_DISCOVERY -c -I../../../Gui/STemWin_Addons -I../../../Gui/Target -I../../../Config -I../../../Core/Inc -I../../../Utilities/CPU -I../../../Drivers/CMSIS/Device/ST/STM32F7xx/Include -I../../../Drivers/STM32F7xx_HAL_Driver/Inc -I../../../Drivers/STM32F7xx_HAL_Driver/Inc/Legacy -I../../../Drivers/BSP/STM32746G-Discovery -I../../../Drivers/BSP/Components -I../../../Drivers/BSP/Components/Common -I../../../Middlewares/ST/STM32_USB_Host_Library/Core/Inc -I../../../Middlewares/ST/STM32_USB_Host_Library/Class/MSC/Inc -I../../../Middlewares/ST/STM32_USB_Device_Library/Class/MSC/Inc -I../../../Middlewares/Third_Party/LwIP/src/include/ -I../../../Middlewares/Third_Party/LwIP/system -I../../../Middlewares/Third_Party/LwIP/system/OS -I../../../Middlewares/ST/STemWin/inc -I../../../Middlewares/Third_Party/FatFs/src -I../../../Middlewares/Third_Party/FatFs/src/drivers -I../../../Middlewares/Third_Party/FreeRTOS/Source/portable/GCC/ARM_CM7/r0p1 -I../../../Middlewares/Third_Party/FreeRTOS/Source/include -I../../../Middlewares/Third_Party/FreeRTOS/Source/CMSIS_RTOS -I../../../Modules/Common -I../../../Modules/audio_player -I../../../Modules/audio_recorder -I../../../Modules/videoplayer -I../../../Modules/vnc_server -I../../../Drivers/CMSIS/Include -Os -ffunction-sections -Wall -fstack-usage -fcyclomatic-complexity -MMD -MP -MF"Middlewares/STemWin/Config/GUIConf.d" -MT"Middlewares/STemWin/Config/GUIConf.o" --specs=nano.specs -mfpu=fpv5-sp-d16 -mfloat-abi=hard -mthumb -o "Middlewares/STemWin/Config/GUIConf.o"
arm-none-eabi-gcc "C:/Users/jyepi/OneDrive/Desktop/Mixer Project/STMCube/STemWin/Gui/Target/LCDConf.c" -mcpu=cortex-m7 -std=gnu11 -g3 -DSTM32F746xx -DUSE_HAL_DRIVER -DUSE_STM32746G_DISCOVERY -c -I../../../Gui/STemWin_Addons -I../../../Gui/Target -I../../../Config -I../../../Core/Inc -I../../../Utilities/CPU -I../../../Drivers/CMSIS/Device/ST/STM32F7xx/Include -I../../../Drivers/STM32F7xx_HAL_Driver/Inc -I../../../Drivers/STM32F7xx_HAL_Driver/Inc/Legacy -I../../../Drivers/BSP/STM32746G-Discovery -I../../../Drivers/BSP/Components -I../../../Drivers/BSP/Components/Common -I../../../Middlewares/ST/STM32_USB_Host_Library/Core/Inc -I../../../Middlewares/ST/STM32_USB_Host_Library/Class/MSC/Inc -I../../../Middlewares/ST/STM32_USB_Device_Library/Class/MSC/Inc -I../../../Middlewares/Third_Party/LwIP/src/include/ -I../../../Middlewares/Third_Party/LwIP/system -I../../../Middlewares/Third_Party/LwIP/system/OS -I../../../Middlewares/ST/STemWin/inc -I../../../Middlewares/Third_Party/FatFs/src -I../../../Middlewares/Third_Party/FatFs/src/drivers -I../../../Middlewares/Third_Party/FreeRTOS/Source/portable/GCC/ARM_CM7/r0p1 -I../../../Middlewares/Third_Party/FreeRTOS/Source/include -I../../../Middlewares/Third_Party/FreeRTOS/Source/CMSIS_RTOS -I../../../Modules/Common -I../../../Modules/audio_player -I../../../Modules/audio_recorder -I../../../Modules/videoplayer -I../../../Modules/vnc_server -I../../../Drivers/CMSIS/Include -Os -ffunction-sections -Wall -fstack-usage -fcyclomatic-complexity -MMD -MP -MF"Middlewares/STemWin/Config/LCDConf.d" -MT"Middlewares/STemWin/Config/LCDConf.o" --specs=nano.specs -mfpu=fpv5-sp-d16 -mfloat-abi=hard -mthumb -o "Middlewares/STemWin/Config/LCDConf.o"
arm-none-eabi-gcc "C:/Users/jyepi/OneDrive/Desktop/Mixer Project/STMCube/STemWin/Middlewares/Third_Party/LwIP/src/netif/ethernet.c" -mcpu=cortex-m7 -std=gnu11 -g3 -DSTM32F746xx -DUSE_HAL_DRIVER -DUSE_STM32746G_DISCOVERY -c -I../../../Gui/STemWin_Addons -I../../../Gui/Target -I../../../Config -I../../../Core/Inc -I../../../Utilities/CPU -I../../../Drivers/CMSIS/Device/ST/STM32F7xx/Include -I../../../Drivers/STM32F7xx_HAL_Driver/Inc -I../../../Drivers/STM32F7xx_HAL_Driver/Inc/Legacy -I../../../Drivers/BSP/STM32746G-Discovery -I../../../Drivers/BSP/Components -I../../../Drivers/BSP/Components/Common -I../../../Middlewares/ST/STM32_USB_Host_Library/Core/Inc -I../../../Middlewares/ST/STM32_USB_Host_Library/Class/MSC/Inc -I../../../Middlewares/ST/STM32_USB_Device_Library/Class/MSC/Inc -I../../../Middlewares/Third_Party/LwIP/src/include/ -I../../../Middlewares/Third_Party/LwIP/system -I../../../Middlewares/Third_Party/LwIP/system/OS -I../../../Middlewares/ST/STemWin/inc -I../../../Middlewares/Third_Party/FatFs/src -I../../../Middlewares/Third_Party/FatFs/src/drivers -I../../../Middlewares/Third_Party/FreeRTOS/Source/portable/GCC/ARM_CM7/r0p1 -I../../../Middlewares/Third_Party/FreeRTOS/Source/include -I../../../Middlewares/Third_Party/FreeRTOS/Source/CMSIS_RTOS -I../../../Modules/Common -I../../../Modules/audio_player -I../../../Modules/audio_recorder -I../../../Modules/videoplayer -I../../../Modules/vnc_server -I../../../Drivers/CMSIS/Include -Os -ffunction-sections -Wall -fstack-usage -fcyclomatic-complexity -MMD -MP -MF"Middlewares/LwIP/Netif/ethernet.d" -MT"Middlewares/LwIP/Netif/ethernet.o" --specs=nano.specs -mfpu=fpv5-sp-d16 -mfloat-abi=hard -mthumb -o "Middlewares/LwIP/Netif/ethernet.o"
arm-none-eabi-gcc "C:/Users/jyepi/OneDrive/Desktop/Mixer Project/STMCube/STemWin/Middlewares/Third_Party/LwIP/system/OS/sys_arch.c" -mcpu=cortex-m7 -std=gnu11 -g3 -DSTM32F746xx -DUSE_HAL_DRIVER -DUSE_STM32746G_DISCOVERY -c -I../../../Gui/STemWin_Addons -I../../../Gui/Target -I../../../Config -I../../../Core/Inc -I../../../Utilities/CPU -I../../../Drivers/CMSIS/Device/ST/STM32F7xx/Include -I../../../Drivers/STM32F7xx_HAL_Driver/Inc -I../../../Drivers/STM32F7xx_HAL_Driver/Inc/Legacy -I../../../Drivers/BSP/STM32746G-Discovery -I../../../Drivers/BSP/Components -I../../../Drivers/BSP/Components/Common -I../../../Middlewares/ST/STM32_USB_Host_Library/Core/Inc -I../../../Middlewares/ST/STM32_USB_Host_Library/Class/MSC/Inc -I../../../Middlewares/ST/STM32_USB_Device_Library/Class/MSC/Inc -I../../../Middlewares/Third_Party/LwIP/src/include/ -I../../../Middlewares/Third_Party/LwIP/system -I../../../Middlewares/Third_Party/LwIP/system/OS -I../../../Middlewares/ST/STemWin/inc -I../../../Middlewares/Third_Party/FatFs/src -I../../../Middlewares/Third_Party/FatFs/src/drivers -I../../../Middlewares/Third_Party/FreeRTOS/Source/portable/GCC/ARM_CM7/r0p1 -I../../../Middlewares/Third_Party/FreeRTOS/Source/include -I../../../Middlewares/Third_Party/FreeRTOS/Source/CMSIS_RTOS -I../../../Modules/Common -I../../../Modules/audio_player -I../../../Modules/audio_recorder -I../../../Modules/videoplayer -I../../../Modules/vnc_server -I../../../Drivers/CMSIS/Include -Os -ffunction-sections -Wall -fstack-usage -fcyclomatic-complexity -MMD -MP -MF"Middlewares/LwIP/Netif/sys_arch.d" -MT"Middlewares/LwIP/Netif/sys_arch.o" --specs=nano.specs -mfpu=fpv5-sp-d16 -mfloat-abi=hard -mthumb -o "Middlewares/LwIP/Netif/sys_arch.o"
arm-none-eabi-gcc "C:/Users/jyepi/OneDrive/Desktop/Mixer Project/STMCube/STemWin/Middlewares/Third_Party/LwIP/src/core/ipv4/autoip.c" -mcpu=cortex-m7 -std=gnu11 -g3 -DSTM32F746xx -DUSE_HAL_DRIVER -DUSE_STM32746G_DISCOVERY -c -I../../../Gui/STemWin_Addons -I../../../Gui/Target -I../../../Config -I../../../Core/Inc -I../../../Utilities/CPU -I../../../Drivers/CMSIS/Device/ST/STM32F7xx/Include -I../../../Drivers/STM32F7xx_HAL_Driver/Inc -I../../../Drivers/STM32F7xx_HAL_Driver/Inc/Legacy -I../../../Drivers/BSP/STM32746G-Discovery -I../../../Drivers/BSP/Components -I../../../Drivers/BSP/Components/Common -I../../../Middlewares/ST/STM32_USB_Host_Library/Core/Inc -I../../../Middlewares/ST/STM32_USB_Host_Library/Class/MSC/Inc -I../../../Middlewares/ST/STM32_USB_Device_Library/Class/MSC/Inc -I../../../Middlewares/Third_Party/LwIP/src/include/ -I../../../Middlewares/Third_Party/LwIP/system -I../../../Middlewares/Third_Party/LwIP/system/OS -I../../../Middlewares/ST/STemWin/inc -I../../../Middlewares/Third_Party/FatFs/src -I../../../Middlewares/Third_Party/FatFs/src/drivers -I../../../Middlewares/Third_Party/FreeRTOS/Source/portable/GCC/ARM_CM7/r0p1 -I../../../Middlewares/Third_Party/FreeRTOS/Source/include -I../../../Middlewares/Third_Party/FreeRTOS/Source/CMSIS_RTOS -I../../../Modules/Common -I../../../Modules/audio_player -I../../../Modules/audio_recorder -I../../../Modules/videoplayer -I../../../Modules/vnc_server -I../../../Drivers/CMSIS/Include -Os -ffunction-sections -Wall -fstack-usage -fcyclomatic-complexity -MMD -MP -MF"Middlewares/LwIP/Core/IPv4/autoip.d" -MT"Middlewares/LwIP/Core/IPv4/autoip.o" --specs=nano.specs -mfpu=fpv5-sp-d16 -mfloat-abi=hard -mthumb -o "Middlewares/LwIP/Core/IPv4/autoip.o"
arm-none-eabi-gcc "C:/Users/jyepi/OneDrive/Desktop/Mixer Project/STMCube/STemWin/Middlewares/Third_Party/LwIP/src/core/ipv4/dhcp.c" -mcpu=cortex-m7 -std=gnu11 -g3 -DSTM32F746xx -DUSE_HAL_DRIVER -DUSE_STM32746G_DISCOVERY -c -I../../../Gui/STemWin_Addons -I../../../Gui/Target -I../../../Config -I../../../Core/Inc -I../../../Utilities/CPU -I../../../Drivers/CMSIS/Device/ST/STM32F7xx/Include -I../../../Drivers/STM32F7xx_HAL_Driver/Inc -I../../../Drivers/STM32F7xx_HAL_Driver/Inc/Legacy -I../../../Drivers/BSP/STM32746G-Discovery -I../../../Drivers/BSP/Components -I../../../Drivers/BSP/Components/Common -I../../../Middlewares/ST/STM32_USB_Host_Library/Core/Inc -I../../../Middlewares/ST/STM32_USB_Host_Library/Class/MSC/Inc -I../../../Middlewares/ST/STM32_USB_Device_Library/Class/MSC/Inc -I../../../Middlewares/Third_Party/LwIP/src/include/ -I../../../Middlewares/Third_Party/LwIP/system -I../../../Middlewares/Third_Party/LwIP/system/OS -I../../../Middlewares/ST/STemWin/inc -I../../../Middlewares/Third_Party/FatFs/src -I../../../Middlewares/Third_Party/FatFs/src/drivers -I../../../Middlewares/Third_Party/FreeRTOS/Source/portable/GCC/ARM_CM7/r0p1 -I../../../Middlewares/Third_Party/FreeRTOS/Source/include -I../../../Middlewares/Third_Party/FreeRTOS/Source/CMSIS_RTOS -I../../../Modules/Common -I../../../Modules/audio_player -I../../../Modules/audio_recorder -I../../../Modules/videoplayer -I../../../Modules/vnc_server -I../../../Drivers/CMSIS/Include -Os -ffunction-sections -Wall -fstack-usage -fcyclomatic-complexity -MMD -MP -MF"Middlewares/LwIP/Core/IPv4/dhcp.d" -MT"Middlewares/LwIP/Core/IPv4/dhcp.o" --specs=nano.specs -mfpu=fpv5-sp-d16 -mfloat-abi=hard -mthumb -o "Middlewares/LwIP/Core/IPv4/dhcp.o"
arm-none-eabi-gcc "C:/Users/jyepi/OneDrive/Desktop/Mixer Project/STMCube/STemWin/Middlewares/Third_Party/LwIP/src/core/ipv4/etharp.c" -mcpu=cortex-m7 -std=gnu11 -g3 -DSTM32F746xx -DUSE_HAL_DRIVER -DUSE_STM32746G_DISCOVERY -c -I../../../Gui/STemWin_Addons -I../../../Gui/Target -I../../../Config -I../../../Core/Inc -I../../../Utilities/CPU -I../../../Drivers/CMSIS/Device/ST/STM32F7xx/Include -I../../../Drivers/STM32F7xx_HAL_Driver/Inc -I../../../Drivers/STM32F7xx_HAL_Driver/Inc/Legacy -I../../../Drivers/BSP/STM32746G-Discovery -I../../../Drivers/BSP/Components -I../../../Drivers/BSP/Components/Common -I../../../Middlewares/ST/STM32_USB_Host_Library/Core/Inc -I../../../Middlewares/ST/STM32_USB_Host_Library/Class/MSC/Inc -I../../../Middlewares/ST/STM32_USB_Device_Library/Class/MSC/Inc -I../../../Middlewares/Third_Party/LwIP/src/include/ -I../../../Middlewares/Third_Party/LwIP/system -I../../../Middlewares/Third_Party/LwIP/system/OS -I../../../Middlewares/ST/STemWin/inc -I../../../Middlewares/Third_Party/FatFs/src -I../../../Middlewares/Third_Party/FatFs/src/drivers -I../../../Middlewares/Third_Party/FreeRTOS/Source/portable/GCC/ARM_CM7/r0p1 -I../../../Middlewares/Third_Party/FreeRTOS/Source/include -I../../../Middlewares/Third_Party/FreeRTOS/Source/CMSIS_RTOS -I../../../Modules/Common -I../../../Modules/audio_player -I../../../Modules/audio_recorder -I../../../Modules/videoplayer -I../../../Modules/vnc_server -I../../../Drivers/CMSIS/Include -Os -ffunction-sections -Wall -fstack-usage -fcyclomatic-complexity -MMD -MP -MF"Middlewares/LwIP/Core/IPv4/etharp.d" -MT"Middlewares/LwIP/Core/IPv4/etharp.o" --specs=nano.specs -mfpu=fpv5-sp-d16 -mfloat-abi=hard -mthumb -o "Middlewares/LwIP/Core/IPv4/etharp.o"
arm-none-eabi-gcc "C:/Users/jyepi/OneDrive/Desktop/Mixer Project/STMCube/STemWin/Middlewares/Third_Party/LwIP/src/core/ipv4/icmp.c" -mcpu=cortex-m7 -std=gnu11 -g3 -DSTM32F746xx -DUSE_HAL_DRIVER -DUSE_STM32746G_DISCOVERY -c -I../../../Gui/STemWin_Addons -I../../../Gui/Target -I../../../Config -I../../../Core/Inc -I../../../Utilities/CPU -I../../../Drivers/CMSIS/Device/ST/STM32F7xx/Include -I../../../Drivers/STM32F7xx_HAL_Driver/Inc -I../../../Drivers/STM32F7xx_HAL_Driver/Inc/Legacy -I../../../Drivers/BSP/STM32746G-Discovery -I../../../Drivers/BSP/Components -I../../../Drivers/BSP/Components/Common -I../../../Middlewares/ST/STM32_USB_Host_Library/Core/Inc -I../../../Middlewares/ST/STM32_USB_Host_Library/Class/MSC/Inc -I../../../Middlewares/ST/STM32_USB_Device_Library/Class/MSC/Inc -I../../../Middlewares/Third_Party/LwIP/src/include/ -I../../../Middlewares/Third_Party/LwIP/system -I../../../Middlewares/Third_Party/LwIP/system/OS -I../../../Middlewares/ST/STemWin/inc -I../../../Middlewares/Third_Party/FatFs/src -I../../../Middlewares/Third_Party/FatFs/src/drivers -I../../../Middlewares/Third_Party/FreeRTOS/Source/portable/GCC/ARM_CM7/r0p1 -I../../../Middlewares/Third_Party/FreeRTOS/Source/include -I../../../Middlewares/Third_Party/FreeRTOS/Source/CMSIS_RTOS -I../../../Modules/Common -I../../../Modules/audio_player -I../../../Modules/audio_recorder -I../../../Modules/videoplayer -I../../../Modules/vnc_server -I../../../Drivers/CMSIS/Include -Os -ffunction-sections -Wall -fstack-usage -fcyclomatic-complexity -MMD -MP -MF"Middlewares/LwIP/Core/IPv4/icmp.d" -MT"Middlewares/LwIP/Core/IPv4/icmp.o" --specs=nano.specs -mfpu=fpv5-sp-d16 -mfloat-abi=hard -mthumb -o "Middlewares/LwIP/Core/IPv4/icmp.o"
arm-none-eabi-gcc "C:/Users/jyepi/OneDrive/Desktop/Mixer Project/STMCube/STemWin/Middlewares/Third_Party/LwIP/src/core/ipv4/igmp.c" -mcpu=cortex-m7 -std=gnu11 -g3 -DSTM32F746xx -DUSE_HAL_DRIVER -DUSE_STM32746G_DISCOVERY -c -I../../../Gui/STemWin_Addons -I../../../Gui/Target -I../../../Config -I../../../Core/Inc -I../../../Utilities/CPU -I../../../Drivers/CMSIS/Device/ST/STM32F7xx/Include -I../../../Drivers/STM32F7xx_HAL_Driver/Inc -I../../../Drivers/STM32F7xx_HAL_Driver/Inc/Legacy -I../../../Drivers/BSP/STM32746G-Discovery -I../../../Drivers/BSP/Components -I../../../Drivers/BSP/Components/Common -I../../../Middlewares/ST/STM32_USB_Host_Library/Core/Inc -I../../../Middlewares/ST/STM32_USB_Host_Library/Class/MSC/Inc -I../../../Middlewares/ST/STM32_USB_Device_Library/Class/MSC/Inc -I../../../Middlewares/Third_Party/LwIP/src/include/ -I../../../Middlewares/Third_Party/LwIP/system -I../../../Middlewares/Third_Party/LwIP/system/OS -I../../../Middlewares/ST/STemWin/inc -I../../../Middlewares/Third_Party/FatFs/src -I../../../Middlewares/Third_Party/FatFs/src/drivers -I../../../Middlewares/Third_Party/FreeRTOS/Source/portable/GCC/ARM_CM7/r0p1 -I../../../Middlewares/Third_Party/FreeRTOS/Source/include -I../../../Middlewares/Third_Party/FreeRTOS/Source/CMSIS_RTOS -I../../../Modules/Common -I../../../Modules/audio_player -I../../../Modules/audio_recorder -I../../../Modules/videoplayer -I../../../Modules/vnc_server -I../../../Drivers/CMSIS/Include -Os -ffunction-sections -Wall -fstack-usage -fcyclomatic-complexity -MMD -MP -MF"Middlewares/LwIP/Core/IPv4/igmp.d" -MT"Middlewares/LwIP/Core/IPv4/igmp.o" --specs=nano.specs -mfpu=fpv5-sp-d16 -mfloat-abi=hard -mthumb -o "Middlewares/LwIP/Core/IPv4/igmp.o"
arm-none-eabi-gcc "C:/Users/jyepi/OneDrive/Desktop/Mixer Project/STMCube/STemWin/Middlewares/Third_Party/LwIP/src/core/ipv4/ip4.c" -mcpu=cortex-m7 -std=gnu11 -g3 -DSTM32F746xx -DUSE_HAL_DRIVER -DUSE_STM32746G_DISCOVERY -c -I../../../Gui/STemWin_Addons -I../../../Gui/Target -I../../../Config -I../../../Core/Inc -I../../../Utilities/CPU -I../../../Drivers/CMSIS/Device/ST/STM32F7xx/Include -I../../../Drivers/STM32F7xx_HAL_Driver/Inc -I../../../Drivers/STM32F7xx_HAL_Driver/Inc/Legacy -I../../../Drivers/BSP/STM32746G-Discovery -I../../../Drivers/BSP/Components -I../../../Drivers/BSP/Components/Common -I../../../Middlewares/ST/STM32_USB_Host_Library/Core/Inc -I../../../Middlewares/ST/STM32_USB_Host_Library/Class/MSC/Inc -I../../../Middlewares/ST/STM32_USB_Device_Library/Class/MSC/Inc -I../../../Middlewares/Third_Party/LwIP/src/include/ -I../../../Middlewares/Third_Party/LwIP/system -I../../../Middlewares/Third_Party/LwIP/system/OS -I../../../Middlewares/ST/STemWin/inc -I../../../Middlewares/Third_Party/FatFs/src -I../../../Middlewares/Third_Party/FatFs/src/drivers -I../../../Middlewares/Third_Party/FreeRTOS/Source/portable/GCC/ARM_CM7/r0p1 -I../../../Middlewares/Third_Party/FreeRTOS/Source/include -I../../../Middlewares/Third_Party/FreeRTOS/Source/CMSIS_RTOS -I../../../Modules/Common -I../../../Modules/audio_player -I../../../Modules/audio_recorder -I../../../Modules/videoplayer -I../../../Modules/vnc_server -I../../../Drivers/CMSIS/Include -Os -ffunction-sections -Wall -fstack-usage -fcyclomatic-complexity -MMD -MP -MF"Middlewares/LwIP/Core/IPv4/ip4.d" -MT"Middlewares/LwIP/Core/IPv4/ip4.o" --specs=nano.specs -mfpu=fpv5-sp-d16 -mfloat-abi=hard -mthumb -o "Middlewares/LwIP/Core/IPv4/ip4.o"
arm-none-eabi-gcc "C:/Users/jyepi/OneDrive/Desktop/Mixer Project/STMCube/STemWin/Middlewares/Third_Party/LwIP/src/core/ipv4/ip4_addr.c" -mcpu=cortex-m7 -std=gnu11 -g3 -DSTM32F746xx -DUSE_HAL_DRIVER -DUSE_STM32746G_DISCOVERY -c -I../../../Gui/STemWin_Addons -I../../../Gui/Target -I../../../Config -I../../../Core/Inc -I../../../Utilities/CPU -I../../../Drivers/CMSIS/Device/ST/STM32F7xx/Include -I../../../Drivers/STM32F7xx_HAL_Driver/Inc -I../../../Drivers/STM32F7xx_HAL_Driver/Inc/Legacy -I../../../Drivers/BSP/STM32746G-Discovery -I../../../Drivers/BSP/Components -I../../../Drivers/BSP/Components/Common -I../../../Middlewares/ST/STM32_USB_Host_Library/Core/Inc -I../../../Middlewares/ST/STM32_USB_Host_Library/Class/MSC/Inc -I../../../Middlewares/ST/STM32_USB_Device_Library/Class/MSC/Inc -I../../../Middlewares/Third_Party/LwIP/src/include/ -I../../../Middlewares/Third_Party/LwIP/system -I../../../Middlewares/Third_Party/LwIP/system/OS -I../../../Middlewares/ST/STemWin/inc -I../../../Middlewares/Third_Party/FatFs/src -I../../../Middlewares/Third_Party/FatFs/src/drivers -I../../../Middlewares/Third_Party/FreeRTOS/Source/portable/GCC/ARM_CM7/r0p1 -I../../../Middlewares/Third_Party/FreeRTOS/Source/include -I../../../Middlewares/Third_Party/FreeRTOS/Source/CMSIS_RTOS -I../../../Modules/Common -I../../../Modules/audio_player -I../../../Modules/audio_recorder -I../../../Modules/videoplayer -I../../../Modules/vnc_server -I../../../Drivers/CMSIS/Include -Os -ffunction-sections -Wall -fstack-usage -fcyclomatic-complexity -MMD -MP -MF"Middlewares/LwIP/Core/IPv4/ip4_addr.d" -MT"Middlewares/LwIP/Core/IPv4/ip4_addr.o" --specs=nano.specs -mfpu=fpv5-sp-d16 -mfloat-abi=hard -mthumb -o "Middlewares/LwIP/Core/IPv4/ip4_addr.o"
arm-none-eabi-gcc "C:/Users/jyepi/OneDrive/Desktop/Mixer Project/STMCube/STemWin/Middlewares/Third_Party/LwIP/src/core/ipv4/ip4_frag.c" -mcpu=cortex-m7 -std=gnu11 -g3 -DSTM32F746xx -DUSE_HAL_DRIVER -DUSE_STM32746G_DISCOVERY -c -I../../../Gui/STemWin_Addons -I../../../Gui/Target -I../../../Config -I../../../Core/Inc -I../../../Utilities/CPU -I../../../Drivers/CMSIS/Device/ST/STM32F7xx/Include -I../../../Drivers/STM32F7xx_HAL_Driver/Inc -I../../../Drivers/STM32F7xx_HAL_Driver/Inc/Legacy -I../../../Drivers/BSP/STM32746G-Discovery -I../../../Drivers/BSP/Components -I../../../Drivers/BSP/Components/Common -I../../../Middlewares/ST/STM32_USB_Host_Library/Core/Inc -I../../../Middlewares/ST/STM32_USB_Host_Library/Class/MSC/Inc -I../../../Middlewares/ST/STM32_USB_Device_Library/Class/MSC/Inc -I../../../Middlewares/Third_Party/LwIP/src/include/ -I../../../Middlewares/Third_Party/LwIP/system -I../../../Middlewares/Third_Party/LwIP/system/OS -I../../../Middlewares/ST/STemWin/inc -I../../../Middlewares/Third_Party/FatFs/src -I../../../Middlewares/Third_Party/FatFs/src/drivers -I../../../Middlewares/Third_Party/FreeRTOS/Source/portable/GCC/ARM_CM7/r0p1 -I../../../Middlewares/Third_Party/FreeRTOS/Source/include -I../../../Middlewares/Third_Party/FreeRTOS/Source/CMSIS_RTOS -I../../../Modules/Common -I../../../Modules/audio_player -I../../../Modules/audio_recorder -I../../../Modules/videoplayer -I../../../Modules/vnc_server -I../../../Drivers/CMSIS/Include -Os -ffunction-sections -Wall -fstack-usage -fcyclomatic-complexity -MMD -MP -MF"Middlewares/LwIP/Core/IPv4/ip4_frag.d" -MT"Middlewares/LwIP/Core/IPv4/ip4_frag.o" --specs=nano.specs -mfpu=fpv5-sp-d16 -mfloat-abi=hard -mthumb -o "Middlewares/LwIP/Core/IPv4/ip4_frag.o"
arm-none-eabi-gcc "C:/Users/jyepi/OneDrive/Desktop/Mixer Project/STMCube/STemWin/Middlewares/Third_Party/LwIP/src/core/def.c" -mcpu=cortex-m7 -std=gnu11 -g3 -DSTM32F746xx -DUSE_HAL_DRIVER -DUSE_STM32746G_DISCOVERY -c -I../../../Gui/STemWin_Addons -I../../../Gui/Target -I../../../Config -I../../../Core/Inc -I../../../Utilities/CPU -I../../../Drivers/CMSIS/Device/ST/STM32F7xx/Include -I../../../Drivers/STM32F7xx_HAL_Driver/Inc -I../../../Drivers/STM32F7xx_HAL_Driver/Inc/Legacy -I../../../Drivers/BSP/STM32746G-Discovery -I../../../Drivers/BSP/Components -I../../../Drivers/BSP/Components/Common -I../../../Middlewares/ST/STM32_USB_Host_Library/Core/Inc -I../../../Middlewares/ST/STM32_USB_Host_Library/Class/MSC/Inc -I../../../Middlewares/ST/STM32_USB_Device_Library/Class/MSC/Inc -I../../../Middlewares/Third_Party/LwIP/src/include/ -I../../../Middlewares/Third_Party/LwIP/system -I../../../Middlewares/Third_Party/LwIP/system/OS -I../../../Middlewares/ST/STemWin/inc -I../../../Middlewares/Third_Party/FatFs/src -I../../../Middlewares/Third_Party/FatFs/src/drivers -I../../../Middlewares/Third_Party/FreeRTOS/Source/portable/GCC/ARM_CM7/r0p1 -I../../../Middlewares/Third_Party/FreeRTOS/Source/include -I../../../Middlewares/Third_Party/FreeRTOS/Source/CMSIS_RTOS -I../../../Modules/Common -I../../../Modules/audio_player -I../../../Modules/audio_recorder -I../../../Modules/videoplayer -I../../../Modules/vnc_server -I../../../Drivers/CMSIS/Include -Os -ffunction-sections -Wall -fstack-usage -fcyclomatic-complexity -MMD -MP -MF"Middlewares/LwIP/Core/def.d" -MT"Middlewares/LwIP/Core/def.o" --specs=nano.specs -mfpu=fpv5-sp-d16 -mfloat-abi=hard -mthumb -o "Middlewares/LwIP/Core/def.o"
arm-none-eabi-gcc "C:/Users/jyepi/OneDrive/Desktop/Mixer Project/STMCube/STemWin/Middlewares/Third_Party/LwIP/src/core/dns.c" -mcpu=cortex-m7 -std=gnu11 -g3 -DSTM32F746xx -DUSE_HAL_DRIVER -DUSE_STM32746G_DISCOVERY -c -I../../../Gui/STemWin_Addons -I../../../Gui/Target -I../../../Config -I../../../Core/Inc -I../../../Utilities/CPU -I../../../Drivers/CMSIS/Device/ST/STM32F7xx/Include -I../../../Drivers/STM32F7xx_HAL_Driver/Inc -I../../../Drivers/STM32F7xx_HAL_Driver/Inc/Legacy -I../../../Drivers/BSP/STM32746G-Discovery -I../../../Drivers/BSP/Components -I../../../Drivers/BSP/Components/Common -I../../../Middlewares/ST/STM32_USB_Host_Library/Core/Inc -I../../../Middlewares/ST/STM32_USB_Host_Library/Class/MSC/Inc -I../../../Middlewares/ST/STM32_USB_Device_Library/Class/MSC/Inc -I../../../Middlewares/Third_Party/LwIP/src/include/ -I../../../Middlewares/Third_Party/LwIP/system -I../../../Middlewares/Third_Party/LwIP/system/OS -I../../../Middlewares/ST/STemWin/inc -I../../../Middlewares/Third_Party/FatFs/src -I../../../Middlewares/Third_Party/FatFs/src/drivers -I../../../Middlewares/Third_Party/FreeRTOS/Source/portable/GCC/ARM_CM7/r0p1 -I../../../Middlewares/Third_Party/FreeRTOS/Source/include -I../../../Middlewares/Third_Party/FreeRTOS/Source/CMSIS_RTOS -I../../../Modules/Common -I../../../Modules/audio_player -I../../../Modules/audio_recorder -I../../../Modules/videoplayer -I../../../Modules/vnc_server -I../../../Drivers/CMSIS/Include -Os -ffunction-sections -Wall -fstack-usage -fcyclomatic-complexity -MMD -MP -MF"Middlewares/LwIP/Core/dns.d" -MT"Middlewares/LwIP/Core/dns.o" --specs=nano.specs -mfpu=fpv5-sp-d16 -mfloat-abi=hard -mthumb -o "Middlewares/LwIP/Core/dns.o"
arm-none-eabi-gcc "C:/Users/jyepi/OneDrive/Desktop/Mixer Project/STMCube/STemWin/Middlewares/Third_Party/LwIP/src/core/inet_chksum.c" -mcpu=cortex-m7 -std=gnu11 -g3 -DSTM32F746xx -DUSE_HAL_DRIVER -DUSE_STM32746G_DISCOVERY -c -I../../../Gui/STemWin_Addons -I../../../Gui/Target -I../../../Config -I../../../Core/Inc -I../../../Utilities/CPU -I../../../Drivers/CMSIS/Device/ST/STM32F7xx/Include -I../../../Drivers/STM32F7xx_HAL_Driver/Inc -I../../../Drivers/STM32F7xx_HAL_Driver/Inc/Legacy -I../../../Drivers/BSP/STM32746G-Discovery -I../../../Drivers/BSP/Components -I../../../Drivers/BSP/Components/Common -I../../../Middlewares/ST/STM32_USB_Host_Library/Core/Inc -I../../../Middlewares/ST/STM32_USB_Host_Library/Class/MSC/Inc -I../../../Middlewares/ST/STM32_USB_Device_Library/Class/MSC/Inc -I../../../Middlewares/Third_Party/LwIP/src/include/ -I../../../Middlewares/Third_Party/LwIP/system -I../../../Middlewares/Third_Party/LwIP/system/OS -I../../../Middlewares/ST/STemWin/inc -I../../../Middlewares/Third_Party/FatFs/src -I../../../Middlewares/Third_Party/FatFs/src/drivers -I../../../Middlewares/Third_Party/FreeRTOS/Source/portable/GCC/ARM_CM7/r0p1 -I../../../Middlewares/Third_Party/FreeRTOS/Source/include -I../../../Middlewares/Third_Party/FreeRTOS/Source/CMSIS_RTOS -I../../../Modules/Common -I../../../Modules/audio_player -I../../../Modules/audio_recorder -I../../../Modules/videoplayer -I../../../Modules/vnc_server -I../../../Drivers/CMSIS/Include -Os -ffunction-sections -Wall -fstack-usage -fcyclomatic-complexity -MMD -MP -MF"Middlewares/LwIP/Core/inet_chksum.d" -MT"Middlewares/LwIP/Core/inet_chksum.o" --specs=nano.specs -mfpu=fpv5-sp-d16 -mfloat-abi=hard -mthumb -o "Middlewares/LwIP/Core/inet_chksum.o"
arm-none-eabi-gcc "C:/Users/jyepi/OneDrive/Desktop/Mixer Project/STMCube/STemWin/Middlewares/Third_Party/LwIP/src/core/init.c" -mcpu=cortex-m7 -std=gnu11 -g3 -DSTM32F746xx -DUSE_HAL_DRIVER -DUSE_STM32746G_DISCOVERY -c -I../../../Gui/STemWin_Addons -I../../../Gui/Target -I../../../Config -I../../../Core/Inc -I../../../Utilities/CPU -I../../../Drivers/CMSIS/Device/ST/STM32F7xx/Include -I../../../Drivers/STM32F7xx_HAL_Driver/Inc -I../../../Drivers/STM32F7xx_HAL_Driver/Inc/Legacy -I../../../Drivers/BSP/STM32746G-Discovery -I../../../Drivers/BSP/Components -I../../../Drivers/BSP/Components/Common -I../../../Middlewares/ST/STM32_USB_Host_Library/Core/Inc -I../../../Middlewares/ST/STM32_USB_Host_Library/Class/MSC/Inc -I../../../Middlewares/ST/STM32_USB_Device_Library/Class/MSC/Inc -I../../../Middlewares/Third_Party/LwIP/src/include/ -I../../../Middlewares/Third_Party/LwIP/system -I../../../Middlewares/Third_Party/LwIP/system/OS -I../../../Middlewares/ST/STemWin/inc -I../../../Middlewares/Third_Party/FatFs/src -I../../../Middlewares/Third_Party/FatFs/src/drivers -I../../../Middlewares/Third_Party/FreeRTOS/Source/portable/GCC/ARM_CM7/r0p1 -I../../../Middlewares/Third_Party/FreeRTOS/Source/include -I../../../Middlewares/Third_Party/FreeRTOS/Source/CMSIS_RTOS -I../../../Modules/Common -I../../../Modules/audio_player -I../../../Modules/audio_recorder -I../../../Modules/videoplayer -I../../../Modules/vnc_server -I../../../Drivers/CMSIS/Include -Os -ffunction-sections -Wall -fstack-usage -fcyclomatic-complexity -MMD -MP -MF"Middlewares/LwIP/Core/init.d" -MT"Middlewares/LwIP/Core/init.o" --specs=nano.specs -mfpu=fpv5-sp-d16 -mfloat-abi=hard -mthumb -o "Middlewares/LwIP/Core/init.o"
arm-none-eabi-gcc "C:/Users/jyepi/OneDrive/Desktop/Mixer Project/STMCube/STemWin/Middlewares/Third_Party/LwIP/src/core/ip.c" -mcpu=cortex-m7 -std=gnu11 -g3 -DSTM32F746xx -DUSE_HAL_DRIVER -DUSE_STM32746G_DISCOVERY -c -I../../../Gui/STemWin_Addons -I../../../Gui/Target -I../../../Config -I../../../Core/Inc -I../../../Utilities/CPU -I../../../Drivers/CMSIS/Device/ST/STM32F7xx/Include -I../../../Drivers/STM32F7xx_HAL_Driver/Inc -I../../../Drivers/STM32F7xx_HAL_Driver/Inc/Legacy -I../../../Drivers/BSP/STM32746G-Discovery -I../../../Drivers/BSP/Components -I../../../Drivers/BSP/Components/Common -I../../../Middlewares/ST/STM32_USB_Host_Library/Core/Inc -I../../../Middlewares/ST/STM32_USB_Host_Library/Class/MSC/Inc -I../../../Middlewares/ST/STM32_USB_Device_Library/Class/MSC/Inc -I../../../Middlewares/Third_Party/LwIP/src/include/ -I../../../Middlewares/Third_Party/LwIP/system -I../../../Middlewares/Third_Party/LwIP/system/OS -I../../../Middlewares/ST/STemWin/inc -I../../../Middlewares/Third_Party/FatFs/src -I../../../Middlewares/Third_Party/FatFs/src/drivers -I../../../Middlewares/Third_Party/FreeRTOS/Source/portable/GCC/ARM_CM7/r0p1 -I../../../Middlewares/Third_Party/FreeRTOS/Source/include -I../../../Middlewares/Third_Party/FreeRTOS/Source/CMSIS_RTOS -I../../../Modules/Common -I../../../Modules/audio_player -I../../../Modules/audio_recorder -I../../../Modules/videoplayer -I../../../Modules/vnc_server -I../../../Drivers/CMSIS/Include -Os -ffunction-sections -Wall -fstack-usage -fcyclomatic-complexity -MMD -MP -MF"Middlewares/LwIP/Core/ip.d" -MT"Middlewares/LwIP/Core/ip.o" --specs=nano.specs -mfpu=fpv5-sp-d16 -mfloat-abi=hard -mthumb -o "Middlewares/LwIP/Core/ip.o"
arm-none-eabi-gcc "C:/Users/jyepi/OneDrive/Desktop/Mixer Project/STMCube/STemWin/Middlewares/Third_Party/LwIP/src/core/mem.c" -mcpu=cortex-m7 -std=gnu11 -g3 -DSTM32F746xx -DUSE_HAL_DRIVER -DUSE_STM32746G_DISCOVERY -c -I../../../Gui/STemWin_Addons -I../../../Gui/Target -I../../../Config -I../../../Core/Inc -I../../../Utilities/CPU -I../../../Drivers/CMSIS/Device/ST/STM32F7xx/Include -I../../../Drivers/STM32F7xx_HAL_Driver/Inc -I../../../Drivers/STM32F7xx_HAL_Driver/Inc/Legacy -I../../../Drivers/BSP/STM32746G-Discovery -I../../../Drivers/BSP/Components -I../../../Drivers/BSP/Components/Common -I../../../Middlewares/ST/STM32_USB_Host_Library/Core/Inc -I../../../Middlewares/ST/STM32_USB_Host_Library/Class/MSC/Inc -I../../../Middlewares/ST/STM32_USB_Device_Library/Class/MSC/Inc -I../../../Middlewares/Third_Party/LwIP/src/include/ -I../../../Middlewares/Third_Party/LwIP/system -I../../../Middlewares/Third_Party/LwIP/system/OS -I../../../Middlewares/ST/STemWin/inc -I../../../Middlewares/Third_Party/FatFs/src -I../../../Middlewares/Third_Party/FatFs/src/drivers -I../../../Middlewares/Third_Party/FreeRTOS/Source/portable/GCC/ARM_CM7/r0p1 -I../../../Middlewares/Third_Party/FreeRTOS/Source/include -I../../../Middlewares/Third_Party/FreeRTOS/Source/CMSIS_RTOS -I../../../Modules/Common -I../../../Modules/audio_player -I../../../Modules/audio_recorder -I../../../Modules/videoplayer -I../../../Modules/vnc_server -I../../../Drivers/CMSIS/Include -Os -ffunction-sections -Wall -fstack-usage -fcyclomatic-complexity -MMD -MP -MF"Middlewares/LwIP/Core/mem.d" -MT"Middlewares/LwIP/Core/mem.o" --specs=nano.specs -mfpu=fpv5-sp-d16 -mfloat-abi=hard -mthumb -o "Middlewares/LwIP/Core/mem.o"
[...]
arm-none-eabi-gcc "C:/Users/jyepi/OneDrive/Desktop/Mixer Project/STMCube/BSP/Drivers/STM32F7xx_HAL_Driver/Src/stm32f7xx_hal_sai_ex.c" -mcpu=cortex-m7 -std=gnu11 -g3 -DUSE_HAL_DRIVER -DSTM32F746xx -DUSE_STM32746G_DISCO -DUSE_IOEXPANDER -c -I../../../Inc -I../../../Drivers/CMSIS/Include -I../../../Drivers/CMSIS/Device/ST/STM32F7xx/Include -I../../../Drivers/STM32F7xx_HAL_Driver/Inc -I../../../Drivers/BSP/STM32746G-Discovery -I../../../Drivers/BSP/Components/Common -I../../../Utilities/Log -I../../../Utilities/Fonts -I../../../Utilities/CPU -Os -ffunction-sections -Wall -fstack-usage -fcyclomatic-complexity -MMD -MP -MF"Drivers/STM32F7xx_HAL_Driver/stm32f7xx_hal_sai_ex.d" -MT"Drivers/STM32F7xx_HAL_Driver/stm32f7xx_hal_sai_ex.o" --specs=nano.specs -mfpu=fpv5-sp-d16 -mfloat-abi=hard -mthumb -o "Drivers/STM32F7xx_HAL_Driver/stm32f7xx_hal_sai_ex.o"
arm-none-eabi-gcc "C:/Users/jyepi/OneDrive/Desktop/Mixer Project/STMCube/BSP/Drivers/STM32F7xx_HAL_Driver/Src/stm32f7xx_hal_sd.c" -mcpu=cortex-m7 -std=gnu11 -g3 -DUSE_HAL_DRIVER -DSTM32F746xx -DUSE_STM32746G_DISCO -DUSE_IOEXPANDER -c -I../../../Inc -I../../../Drivers/CMSIS/Include -I../../../Drivers/CMSIS/Device/ST/STM32F7xx/Include -I../../../Drivers/STM32F7xx_HAL_Driver/Inc -I../../../Drivers/BSP/STM32746G-Discovery -I../../../Drivers/BSP/Components/Common -I../../../Utilities/Log -I../../../Utilities/Fonts -I../../../Utilities/CPU -Os -ffunction-sections -Wall -fstack-usage -fcyclomatic-complexity -MMD -MP -MF"Drivers/STM32F7xx_HAL_Driver/stm32f7xx_hal_sd.d" -MT"Drivers/STM32F7xx_HAL_Driver/stm32f7xx_hal_sd.o" --specs=nano.specs -mfpu=fpv5-sp-d16 -mfloat-abi=hard -mthumb -o "Drivers/STM32F7xx_HAL_Driver/stm32f7xx_hal_sd.o"
arm-none-eabi-gcc "C:/Users/jyepi/OneDrive/Desktop/Mixer Project/STMCube/BSP/Drivers/STM32F7xx_HAL_Driver/Src/stm32f7xx_hal_sdram.c" -mcpu=cortex-m7 -std=gnu11 -g3 -DUSE_HAL_DRIVER -DSTM32F746xx -DUSE_STM32746G_DISCO -DUSE_IOEXPANDER -c -I../../../Inc -I../../../Drivers/CMSIS/Include -I../../../Drivers/CMSIS/Device/ST/STM32F7xx/Include -I../../../Drivers/STM32F7xx_HAL_Driver/Inc -I../../../Drivers/BSP/STM32746G-Discovery -I../../../Drivers/BSP/Components/Common -I../../../Utilities/Log -I../../../Utilities/Fonts -I../../../Utilities/CPU -Os -ffunction-sections -Wall -fstack-usage -fcyclomatic-complexity -MMD -MP -MF"Drivers/STM32F7xx_HAL_Driver/stm32f7xx_hal_sdram.d" -MT"Drivers/STM32F7xx_HAL_Driver/stm32f7xx_hal_sdram.o" --specs=nano.specs -mfpu=fpv5-sp-d16 -mfloat-abi=hard -mthumb -o "Drivers/STM32F7xx_HAL_Driver/stm32f7xx_hal_sdram.o"
arm-none-eabi-gcc "C:/Users/jyepi/OneDrive/Desktop/Mixer Project/STMCube/BSP/Drivers/STM32F7xx_HAL_Driver/Src/stm32f7xx_hal_sram.c" -mcpu=cortex-m7 -std=gnu11 -g3 -DUSE_HAL_DRIVER -DSTM32F746xx -DUSE_STM32746G_DISCO -DUSE_IOEXPANDER -c -I../../../Inc -I../../../Drivers/CMSIS/Include -I../../../Drivers/CMSIS/Device/ST/STM32F7xx/Include -I../../../Drivers/STM32F7xx_HAL_Driver/Inc -I../../../Drivers/BSP/STM32746G-Discovery -I../../../Drivers/BSP/Components/Common -I../../../Utilities/Log -I../../../Utilities/Fonts -I../../../Utilities/CPU -Os -ffunction-sections -Wall -fstack-usage -fcyclomatic-complexity -MMD -MP -MF"Drivers/STM32F7xx_HAL_Driver/stm32f7xx_hal_sram.d" -MT"Drivers/STM32F7xx_HAL_Driver/stm32f7xx_hal_sram.o" --specs=nano.specs -mfpu=fpv5-sp-d16 -mfloat-abi=hard -mthumb -o "Drivers/STM32F7xx_HAL_Driver/stm32f7xx_hal_sram.o"
arm-none-eabi-gcc "C:/Users/jyepi/OneDrive/Desktop/Mixer Project/STMCube/BSP/Drivers/STM32F7xx_HAL_Driver/Src/stm32f7xx_hal_tim.c" -mcpu=cortex-m7 -std=gnu11 -g3 -DUSE_HAL_DRIVER -DSTM32F746xx -DUSE_STM32746G_DISCO -DUSE_IOEXPANDER -c -I../../../Inc -I../../../Drivers/CMSIS/Include -I../../../Drivers/CMSIS/Device/ST/STM32F7xx/Include -I../../../Drivers/STM32F7xx_HAL_Driver/Inc -I../../../Drivers/BSP/STM32746G-Discovery -I../../../Drivers/BSP/Components/Common -I../../../Utilities/Log -I../../../Utilities/Fonts -I../../../Utilities/CPU -Os -ffunction-sections -Wall -fstack-usage -fcyclomatic-complexity -MMD -MP -MF"Drivers/STM32F7xx_HAL_Driver/stm32f7xx_hal_tim.d" -MT"Drivers/STM32F7xx_HAL_Driver/stm32f7xx_hal_tim.o" --specs=nano.specs -mfpu=fpv5-sp-d16 -mfloat-abi=hard -mthumb -o "Drivers/STM32F7xx_HAL_Driver/stm32f7xx_hal_tim.o"
arm-none-eabi-gcc "C:/Users/jyepi/OneDrive/Desktop/Mixer Project/STMCube/BSP/Drivers/STM32F7xx_HAL_Driver/Src/stm32f7xx_hal_tim_ex.c" -mcpu=cortex-m7 -std=gnu11 -g3 -DUSE_HAL_DRIVER -DSTM32F746xx -DUSE_STM32746G_DISCO -DUSE_IOEXPANDER -c -I../../../Inc -I../../../Drivers/CMSIS/Include -I../../../Drivers/CMSIS/Device/ST/STM32F7xx/Include -I../../../Drivers/STM32F7xx_HAL_Driver/Inc -I../../../Drivers/BSP/STM32746G-Discovery -I../../../Drivers/BSP/Components/Common -I../../../Utilities/Log -I../../../Utilities/Fonts -I../../../Utilities/CPU -Os -ffunction-sections -Wall -fstack-usage -fcyclomatic-complexity -MMD -MP -MF"Drivers/STM32F7xx_HAL_Driver/stm32f7xx_hal_tim_ex.d" -MT"Drivers/STM32F7xx_HAL_Driver/stm32f7xx_hal_tim_ex.o" --specs=nano.specs -mfpu=fpv5-sp-d16 -mfloat-abi=hard -mthumb -o "Drivers/STM32F7xx_HAL_Driver/stm32f7xx_hal_tim_ex.o"
arm-none-eabi-gcc "C:/Users/jyepi/OneDrive/Desktop/Mixer Project/STMCube/BSP/Drivers/STM32F7xx_HAL_Driver/Src/stm32f7xx_hal_uart.c" -mcpu=cortex-m7 -std=gnu11 -g3 -DUSE_HAL_DRIVER -DSTM32F746xx -DUSE_STM32746G_DISCO -DUSE_IOEXPANDER -c -I../../../Inc -I../../../Drivers/CMSIS/Include -I../../../Drivers/CMSIS/Device/ST/STM32F7xx/Include -I../../../Drivers/STM32F7xx_HAL_Driver/Inc -I../../../Drivers/BSP/STM32746G-Discovery -I../../../Drivers/BSP/Components/Common -I../../../Utilities/Log -I../../../Utilities/Fonts -I../../../Utilities/CPU -Os -ffunction-sections -Wall -fstack-usage -fcyclomatic-complexity -MMD -MP -MF"Drivers/STM32F7xx_HAL_Driver/stm32f7xx_hal_uart.d" -MT"Drivers/STM32F7xx_HAL_Driver/stm32f7xx_hal_uart.o" --specs=nano.specs -mfpu=fpv5-sp-d16 -mfloat-abi=hard -mthumb -o "Drivers/STM32F7xx_HAL_Driver/stm32f7xx_hal_uart.o"
arm-none-eabi-gcc "C:/Users/jyepi/OneDrive/Desktop/Mixer Project/STMCube/BSP/Drivers/STM32F7xx_HAL_Driver/Src/stm32f7xx_ll_fmc.c" -mcpu=cortex-m7 -std=gnu11 -g3 -DUSE_HAL_DRIVER -DSTM32F746xx -DUSE_STM32746G_DISCO -DUSE_IOEXPANDER -c -I../../../Inc -I../../../Drivers/CMSIS/Include -I../../../Drivers/CMSIS/Device/ST/STM32F7xx/Include -I../../../Drivers/STM32F7xx_HAL_Driver/Inc -I../../../Drivers/BSP/STM32746G-Discovery -I../../../Drivers/BSP/Components/Common -I../../../Utilities/Log -I../../../Utilities/Fonts -I../../../Utilities/CPU -Os -ffunction-sections -Wall -fstack-usage -fcyclomatic-complexity -MMD -MP -MF"Drivers/STM32F7xx_HAL_Driver/stm32f7xx_ll_fmc.d" -MT"Drivers/STM32F7xx_HAL_Driver/stm32f7xx_ll_fmc.o" --specs=nano.specs -mfpu=fpv5-sp-d16 -mfloat-abi=hard -mthumb -o "Drivers/STM32F7xx_HAL_Driver/stm32f7xx_ll_fmc.o"
arm-none-eabi-gcc "C:/Users/jyepi/OneDrive/Desktop/Mixer Project/STMCube/BSP/Drivers/STM32F7xx_HAL_Driver/Src/stm32f7xx_ll_sdmmc.c" -mcpu=cortex-m7 -std=gnu11 -g3 -DUSE_HAL_DRIVER -DSTM32F746xx -DUSE_STM32746G_DISCO -DUSE_IOEXPANDER -c -I../../../Inc -I../../../Drivers/CMSIS/Include -I../../../Drivers/CMSIS/Device/ST/STM32F7xx/Include -I../../../Drivers/STM32F7xx_HAL_Driver/Inc -I../../../Drivers/BSP/STM32746G-Discovery -I../../../Drivers/BSP/Components/Common -I../../../Utilities/Log -I../../../Utilities/Fonts -I../../../Utilities/CPU -Os -ffunction-sections -Wall -fstack-usage -fcyclomatic-complexity -MMD -MP -MF"Drivers/STM32F7xx_HAL_Driver/stm32f7xx_ll_sdmmc.d" -MT"Drivers/STM32F7xx_HAL_Driver/stm32f7xx_ll_sdmmc.o" --specs=nano.specs -mfpu=fpv5-sp-d16 -mfloat-abi=hard -mthumb -o "Drivers/STM32F7xx_HAL_Driver/stm32f7xx_ll_sdmmc.o"
arm-none-eabi-gcc "C:/Users/jyepi/OneDrive/Desktop/Mixer Project/STMCube/BSP/Src/system_stm32f7xx.c" -mcpu=cortex-m7 -std=gnu11 -g3 -DUSE_HAL_DRIVER -DSTM32F746xx -DUSE_STM32746G_DISCO -DUSE_IOEXPANDER -c -I../../../Inc -I../../../Drivers/CMSIS/Include -I../../../Drivers/CMSIS/Device/ST/STM32F7xx/Include -I../../../Drivers/STM32F7xx_HAL_Driver/Inc -I../../../Drivers/BSP/STM32746G-Discovery -I../../../Drivers/BSP/Components/Common -I../../../Utilities/Log -I../../../Utilities/Fonts -I../../../Utilities/CPU -Os -ffunction-sections -Wall -fstack-usage -fcyclomatic-complexity -MMD -MP -MF"Drivers/CMSIS/system_stm32f7xx.d" -MT"Drivers/CMSIS/system_stm32f7xx.o" --specs=nano.specs -mfpu=fpv5-sp-d16 -mfloat-abi=hard -mthumb -o "Drivers/CMSIS/system_stm32f7xx.o"
arm-none-eabi-gcc "C:/Users/jyepi/OneDrive/Desktop/Mixer Project/STMCube/BSP/Drivers/BSP/STM32746G-Discovery/stm32746g_discovery.c" -mcpu=cortex-m7 -std=gnu11 -g3 -DUSE_HAL_DRIVER -DSTM32F746xx -DUSE_STM32746G_DISCO -DUSE_IOEXPANDER -c -I../../../Inc -I../../../Drivers/CMSIS/Include -I../../../Drivers/CMSIS/Device/ST/STM32F7xx/Include -I../../../Drivers/STM32F7xx_HAL_Driver/Inc -I../../../Drivers/BSP/STM32746G-Discovery -I../../../Drivers/BSP/Components/Common -I../../../Utilities/Log -I../../../Utilities/Fonts -I../../../Utilities/CPU -Os -ffunction-sections -Wall -fstack-usage -fcyclomatic-complexity -MMD -MP -MF"Drivers/BSP/STM32746G_DISCOVERY/stm32746g_discovery.d" -MT"Drivers/BSP/STM32746G_DISCOVERY/stm32746g_discovery.o" --specs=nano.specs -mfpu=fpv5-sp-d16 -mfloat-abi=hard -mthumb -o "Drivers/BSP/STM32746G_DISCOVERY/stm32746g_discovery.o"
arm-none-eabi-gcc "C:/Users/jyepi/OneDrive/Desktop/Mixer Project/STMCube/BSP/Drivers/BSP/STM32746G-Discovery/stm32746g_discovery_audio.c" -mcpu=cortex-m7 -std=gnu11 -g3 -DUSE_HAL_DRIVER -DSTM32F746xx -DUSE_STM32746G_DISCO -DUSE_IOEXPANDER -c -I../../../Inc -I../../../Drivers/CMSIS/Include -I../../../Drivers/CMSIS/Device/ST/STM32F7xx/Include -I../../../Drivers/STM32F7xx_HAL_Driver/Inc -I../../../Drivers/BSP/STM32746G-Discovery -I../../../Drivers/BSP/Components/Common -I../../../Utilities/Log -I../../../Utilities/Fonts -I../../../Utilities/CPU -Os -ffunction-sections -Wall -fstack-usage -fcyclomatic-complexity -MMD -MP -MF"Drivers/BSP/STM32746G_DISCOVERY/stm32746g_discovery_audio.d" -MT"Drivers/BSP/STM32746G_DISCOVERY/stm32746g_discovery_audio.o" --specs=nano.specs -mfpu=fpv5-sp-d16 -mfloat-abi=hard -mthumb -o "Drivers/BSP/STM32746G_DISCOVERY/stm32746g_discovery_audio.o"
arm-none-eabi-gcc "C:/Users/jyepi/OneDrive/Desktop/Mixer Project/STMCube/BSP/Drivers/BSP/STM32746G-Discovery/stm32746g_discovery_camera.c" -mcpu=cortex-m7 -std=gnu11 -g3 -DUSE_HAL_DRIVER -DSTM32F746xx -DUSE_STM32746G_DISCO -DUSE_IOEXPANDER -c -I../../../Inc -I../../../Drivers/CMSIS/Include -I../../../Drivers/CMSIS/Device/ST/STM32F7xx/Include -I../../../Drivers/STM32F7xx_HAL_Driver/Inc -I../../../Drivers/BSP/STM32746G-Discovery -I../../../Drivers/BSP/Components/Common -I../../../Utilities/Log -I../../../Utilities/Fonts -I../../../Utilities/CPU -Os -ffunction-sections -Wall -fstack-usage -fcyclomatic-complexity -MMD -MP -MF"Drivers/BSP/STM32746G_DISCOVERY/stm32746g_discovery_camera.d" -MT"Drivers/BSP/STM32746G_DISCOVERY/stm32746g_discovery_camera.o" --specs=nano.specs -mfpu=fpv5-sp-d16 -mfloat-abi=hard -mthumb -o "Drivers/BSP/STM32746G_DISCOVERY/stm32746g_discovery_camera.o"
arm-none-eabi-gcc "C:/Users/jyepi/OneDrive/Desktop/Mixer Project/STMCube/BSP/Drivers/BSP/STM32746G-Discovery/stm32746g_discovery_eeprom.c" -mcpu=cortex-m7 -std=gnu11 -g3 -DUSE_HAL_DRIVER -DSTM32F746xx -DUSE_STM32746G_DISCO -DUSE_IOEXPANDER -c -I../../../Inc -I../../../Drivers/CMSIS/Include -I../../../Drivers/CMSIS/Device/ST/STM32F7xx/Include -I../../../Drivers/STM32F7xx_HAL_Driver/Inc -I../../../Drivers/BSP/STM32746G-Discovery -I../../../Drivers/BSP/Components/Common -I../../../Utilities/Log -I../../../Utilities/Fonts -I../../../Utilities/CPU -Os -ffunction-sections -Wall -fstack-usage -fcyclomatic-complexity -MMD -MP -MF"Drivers/BSP/STM32746G_DISCOVERY/stm32746g_discovery_eeprom.d" -MT"Drivers/BSP/STM32746G_DISCOVERY/stm32746g_discovery_eeprom.o" --specs=nano.specs -mfpu=fpv5-sp-d16 -mfloat-abi=hard -mthumb -o "Drivers/BSP/STM32746G_DISCOVERY/stm32746g_discovery_eeprom.o"
arm-none-eabi-gcc "C:/Users/jyepi/OneDrive/Desktop/Mixer Project/STMCube/BSP/Drivers/BSP/STM32746G-Discovery/stm32746g_discovery_lcd.c" -mcpu=cortex-m7 -std=gnu11 -g3 -DUSE_HAL_DRIVER -DSTM32F746xx -DUSE_STM32746G_DISCO -DUSE_IOEXPANDER -c -I../../../Inc -I../../../Drivers/CMSIS/Include -I../../../Drivers/CMSIS/Device/ST/STM32F7xx/Include -I../../../Drivers/STM32F7xx_HAL_Driver/Inc -I../../../Drivers/BSP/STM32746G-Discovery -I../../../Drivers/BSP/Components/Common -I../../../Utilities/Log -I../../../Utilities/Fonts -I../../../Utilities/CPU -Os -ffunction-sections -Wall -fstack-usage -fcyclomatic-complexity -MMD -MP -MF"Drivers/BSP/STM32746G_DISCOVERY/stm32746g_discovery_lcd.d" -MT"Drivers/BSP/STM32746G_DISCOVERY/stm32746g_discovery_lcd.o" --specs=nano.specs -mfpu=fpv5-sp-d16 -mfloat-abi=hard -mthumb -o "Drivers/BSP/STM32746G_DISCOVERY/stm32746g_discovery_lcd.o"
arm-none-eabi-gcc "C:/Users/jyepi/OneDrive/Desktop/Mixer Project/STMCube/BSP/Drivers/BSP/STM32746G-Discovery/stm32746g_discovery_qspi.c" -mcpu=cortex-m7 -std=gnu11 -g3 -DUSE_HAL_DRIVER -DSTM32F746xx -DUSE_STM32746G_DISCO -DUSE_IOEXPANDER -c -I../../../Inc -I../../../Drivers/CMSIS/Include -I../../../Drivers/CMSIS/Device/ST/STM32F7xx/Include -I../../../Drivers/STM32F7xx_HAL_Driver/Inc -I../../../Drivers/BSP/STM32746G-Discovery -I../../../Drivers/BSP/Components/Common -I../../../Utilities/Log -I../../../Utilities/Fonts -I../../../Utilities/CPU -Os -ffunction-sections -Wall -fstack-usage -fcyclomatic-complexity -MMD -MP -MF"Drivers/BSP/STM32746G_DISCOVERY/stm32746g_discovery_qspi.d" -MT"Drivers/BSP/STM32746G_DISCOVERY/stm32746g_discovery_qspi.o" --specs=nano.specs -mfpu=fpv5-sp-d16 -mfloat-abi=hard -mthumb -o "Drivers/BSP/STM32746G_DISCOVERY/stm32746g_discovery_qspi.o"
arm-none-eabi-gcc "C:/Users/jyepi/OneDrive/Desktop/Mixer Project/STMCube/BSP/Drivers/BSP/STM32746G-Discovery/stm32746g_discovery_sd.c" -mcpu=cortex-m7 -std=gnu11 -g3 -DUSE_HAL_DRIVER -DSTM32F746xx -DUSE_STM32746G_DISCO -DUSE_IOEXPANDER -c -I../../../Inc -I../../../Drivers/CMSIS/Include -I../../../Drivers/CMSIS/Device/ST/STM32F7xx/Include -I../../../Drivers/STM32F7xx_HAL_Driver/Inc -I../../../Drivers/BSP/STM32746G-Discovery -I../../../Drivers/BSP/Components/Common -I../../../Utilities/Log -I../../../Utilities/Fonts -I../../../Utilities/CPU -Os -ffunction-sections -Wall -fstack-usage -fcyclomatic-complexity -MMD -MP -MF"Drivers/BSP/STM32746G_DISCOVERY/stm32746g_discovery_sd.d" -MT"Drivers/BSP/STM32746G_DISCOVERY/stm32746g_discovery_sd.o" --specs=nano.specs -mfpu=fpv5-sp-d16 -mfloat-abi=hard -mthumb -o "Drivers/BSP/STM32746G_DISCOVERY/stm32746g_discovery_sd.o"
arm-none-eabi-gcc "C:/Users/jyepi/OneDrive/Desktop/Mixer Project/STMCube/BSP/Drivers/BSP/STM32746G-Discovery/stm32746g_discovery_sdram.c" -mcpu=cortex-m7 -std=gnu11 -g3 -DUSE_HAL_DRIVER -DSTM32F746xx -DUSE_STM32746G_DISCO -DUSE_IOEXPANDER -c -I../../../Inc -I../../../Drivers/CMSIS/Include -I../../../Drivers/CMSIS/Device/ST/STM32F7xx/Include -I../../../Drivers/STM32F7xx_HAL_Driver/Inc -I../../../Drivers/BSP/STM32746G-Discovery -I../../../Drivers/BSP/Components/Common -I../../../Utilities/Log -I../../../Utilities/Fonts -I../../../Utilities/CPU -Os -ffunction-sections -Wall -fstack-usage -fcyclomatic-complexity -MMD -MP -MF"Drivers/BSP/STM32746G_DISCOVERY/stm32746g_discovery_sdram.d" -MT"Drivers/BSP/STM32746G_DISCOVERY/stm32746g_discovery_sdram.o" --specs=nano.specs -mfpu=fpv5-sp-d16 -mfloat-abi=hard -mthumb -o "Drivers/BSP/STM32746G_DISCOVERY/stm32746g_discovery_sdram.o"
arm-none-eabi-gcc "C:/Users/jyepi/OneDrive/Desktop/Mixer Project/STMCube/BSP/Drivers/BSP/STM32746G-Discovery/stm32746g_discovery_ts.c" -mcpu=cortex-m7 -std=gnu11 -g3 -DUSE_HAL_DRIVER -DSTM32F746xx -DUSE_STM32746G_DISCO -DUSE_IOEXPANDER -c -I../../../Inc -I../../../Drivers/CMSIS/Include -I../../../Drivers/CMSIS/Device/ST/STM32F7xx/Include -I../../../Drivers/STM32F7xx_HAL_Driver/Inc -I../../../Drivers/BSP/STM32746G-Discovery -I../../../Drivers/BSP/Components/Common -I../../../Utilities/Log -I../../../Utilities/Fonts -I../../../Utilities/CPU -Os -ffunction-sections -Wall -fstack-usage -fcyclomatic-complexity -MMD -MP -MF"Drivers/BSP/STM32746G_DISCOVERY/stm32746g_discovery_ts.d" -MT"Drivers/BSP/STM32746G_DISCOVERY/stm32746g_discovery_ts.o" --specs=nano.specs -mfpu=fpv5-sp-d16 -mfloat-abi=hard -mthumb -o "Drivers/BSP/STM32746G_DISCOVERY/stm32746g_discovery_ts.o"
arm-none-eabi-gcc "C:/Users/jyepi/OneDrive/Desktop/Mixer Project/STMCube/BSP/Drivers/BSP/Components/ft5336/ft5336.c" -mcpu=cortex-m7 -std=gnu11 -g3 -DUSE_HAL_DRIVER -DSTM32F746xx -DUSE_STM32746G_DISCO -DUSE_IOEXPANDER -c -I../../../Inc -I../../../Drivers/CMSIS/Include -I../../../Drivers/CMSIS/Device/ST/STM32F7xx/Include -I../../../Drivers/STM32F7xx_HAL_Driver/Inc -I../../../Drivers/BSP/STM32746G-Discovery -I../../../Drivers/BSP/Components/Common -I../../../Utilities/Log -I../../../Utilities/Fonts -I../../../Utilities/CPU -Os -ffunction-sections -Wall -fstack-usage -fcyclomatic-complexity -MMD -MP -MF"Drivers/BSP/Components/ft5336.d" -MT"Drivers/BSP/Components/ft5336.o" --specs=nano.specs -mfpu=fpv5-sp-d16 -mfloat-abi=hard -mthumb -o "Drivers/BSP/Components/ft5336.o"
arm-none-eabi-gcc "C:/Users/jyepi/OneDrive/Desktop/Mixer Project/STMCube/BSP/Drivers/BSP/Components/ov9655/ov9655.c" -mcpu=cortex-m7 -std=gnu11 -g3 -DUSE_HAL_DRIVER -DSTM32F746xx -DUSE_STM32746G_DISCO -DUSE_IOEXPANDER -c -I../../../Inc -I../../../Drivers/CMSIS/Include -I../../../Drivers/CMSIS/Device/ST/STM32F7xx/Include -I../../../Drivers/STM32F7xx_HAL_Driver/Inc -I../../../Drivers/BSP/STM32746G-Discovery -I../../../Drivers/BSP/Components/Common -I../../../Utilities/Log -I../../../Utilities/Fonts -I../../../Utilities/CPU -Os -ffunction-sections -Wall -fstack-usage -fcyclomatic-complexity -MMD -MP -MF"Drivers/BSP/Components/ov9655.d" -MT"Drivers/BSP/Components/ov9655.o" --specs=nano.specs -mfpu=fpv5-sp-d16 -mfloat-abi=hard -mthumb -o "Drivers/BSP/Components/ov9655.o"
arm-none-eabi-gcc "C:/Users/jyepi/OneDrive/Desktop/Mixer Project/STMCube/BSP/Drivers/BSP/Components/wm8994/wm8994.c" -mcpu=cortex-m7 -std=gnu11 -g3 -DUSE_HAL_DRIVER -DSTM32F746xx -DUSE_STM32746G_DISCO -DUSE_IOEXPANDER -c -I../../../Inc -I../../../Drivers/CMSIS/Include -I../../../Drivers/CMSIS/Device/ST/STM32F7xx/Include -I../../../Drivers/STM32F7xx_HAL_Driver/Inc -I../../../Drivers/BSP/STM32746G-Discovery -I../../../Drivers/BSP/Components/Common -I../../../Utilities/Log -I../../../Utilities/Fonts -I../../../Utilities/CPU -Os -ffunction-sections -Wall -fstack-usage -fcyclomatic-complexity -MMD -MP -MF"Drivers/BSP/Components/wm8994.d" -MT"Drivers/BSP/Components/wm8994.o" --specs=nano.specs -mfpu=fpv5-sp-d16 -mfloat-abi=hard -mthumb -o "Drivers/BSP/Components/wm8994.o"
arm-none-eabi-gcc -o "STM32746G_DISCOVERY.elf" @"objects.list"   -mcpu=cortex-m7 -T"../STM32F746NGHx_FLASH.ld" --specs=nosys.specs -Wl,-Map="STM32746G_DISCOVERY.map" -Wl,--gc-sections -static --specs=nano.specs -mfpu=fpv5-sp-d16 -mfloat-abi=hard -mthumb -Wl,--start-group -lc -lm -Wl,--end-group
C:/ST/STM32CubeIDE_1.15.1/STM32CubeIDE/plugins/com.st.stm32cube.ide.mcu.externaltools.gnu-tools-for-stm32.12.3.rel1.win32_1.0.200.202406191623/tools/bin/../lib/gcc/arm-none-eabi/12.3.1/../../../../arm-none-eabi/bin/ld.exe: warning: STM32746G_DISCOVERY.elf has a LOAD segment with RWX permissions
Finished building target: STM32746G_DISCOVERY.elf
 
arm-none-eabi-size  STM32746G_DISCOVERY.elf 
arm-none-eabi-objdump -h -S STM32746G_DISCOVERY.elf  > "STM32746G_DISCOVERY.list"
arm-none-eabi-objcopy  -O binary STM32746G_DISCOVERY.elf  "STM32746G_DISCOVERY.bin"
   text	   data	    bss	    dec	    hex	filename
  75488	   1500	 164224	 241212	  3ae3c	STM32746G_DISCOVERY.elf
Finished building: default.size.stdout
 
Finished building: STM32746G_DISCOVERY.bin
 
Finished building: STM32746G_DISCOVERY.list
 
20:59:08 **** Incremental Build of configuration Debug for project BSP ****
make -j16 all 
arm-none-eabi-size  STM32746G_DISCOVERY.elf 
   text	   data	    bss	    dec	    hex	filename
  75488	   1500	 164224	 241212	  3ae3c	STM32746G_DISCOVERY.elf
Finished building: default.size.stdout
 
