C:/Users/jyepi/OneDrive/Desktop/Mixer Project/STMCube/STemWin/Core/Src/k_rtc.c:44:6:k_CalendarBkupInit	0	static
C:/Users/jyepi/OneDrive/Desktop/Mixer Project/STMCube/STemWin/Core/Src/k_rtc.c:76:6:HAL_RTC_MspInit	192	static
C:/Users/jyepi/OneDrive/Desktop/Mixer Project/STMCube/STemWin/Core/Src/k_rtc.c:110:6:HAL_RTC_MspDeInit	0	static
C:/Users/jyepi/OneDrive/Desktop/Mixer Project/STMCube/STemWin/Core/Src/k_rtc.c:125:6:k_BkupSaveParameter	0	static
C:/Users/jyepi/OneDrive/Desktop/Mixer Project/STMCube/STemWin/Core/Src/k_rtc.c:137:10:k_BkupRestoreParameter	0	static
C:/Users/jyepi/OneDrive/Desktop/Mixer Project/STMCube/STemWin/Core/Src/k_rtc.c:147:6:k_GetTime	0	static
C:/Users/jyepi/OneDrive/Desktop/Mixer Project/STMCube/STemWin/Core/Src/k_rtc.c:157:6:k_SetTime	0	static
C:/Users/jyepi/OneDrive/Desktop/Mixer Project/STMCube/STemWin/Core/Src/k_rtc.c:170:6:k_GetDate	8	static
C:/Users/jyepi/OneDrive/Desktop/Mixer Project/STMCube/STemWin/Core/Src/k_rtc.c:185:6:k_SetDate	0	static
