C:/Users/jyepi/OneDrive/Desktop/Mixer Project/STMCube/STemWin/Modules/videoplayer/GUI_AVI.c:332:12:_Stopavi	24	static
C:/Users/jyepi/OneDrive/Desktop/Mixer Project/STMCube/STemWin/Modules/videoplayer/GUI_AVI.c:319:12:_GetData	16	static
C:/Users/jyepi/OneDrive/Desktop/Mixer Project/STMCube/STemWin/Modules/videoplayer/GUI_AVI.c:42:5:_AVI_SearchID	16	static
C:/Users/jyepi/OneDrive/Desktop/Mixer Project/STMCube/STemWin/Modules/videoplayer/GUI_AVI.c:63:11:_AVI_GetStreamInfo	16	static
C:/Users/jyepi/OneDrive/Desktop/Mixer Project/STMCube/STemWin/Modules/videoplayer/GUI_AVI.c:94:11:_AVI_Init	32	static
C:/Users/jyepi/OneDrive/Desktop/Mixer Project/STMCube/STemWin/Modules/videoplayer/GUI_AVI.c:355:12:_DecodeFrame	32	static
C:/Users/jyepi/OneDrive/Desktop/Mixer Project/STMCube/STemWin/Modules/videoplayer/GUI_AVI.c:436:13:_OnTimer	32	static
C:/Users/jyepi/OneDrive/Desktop/Mixer Project/STMCube/STemWin/Modules/videoplayer/GUI_AVI.c:504:16:GUI_AVI_CreateEx	24	static
C:/Users/jyepi/OneDrive/Desktop/Mixer Project/STMCube/STemWin/Modules/videoplayer/GUI_AVI.c:534:5:GUI_AVI_Start	32	static
C:/Users/jyepi/OneDrive/Desktop/Mixer Project/STMCube/STemWin/Modules/videoplayer/GUI_AVI.c:605:5:GUI_AVI_Stop	16	static
C:/Users/jyepi/OneDrive/Desktop/Mixer Project/STMCube/STemWin/Modules/videoplayer/GUI_AVI.c:629:16:GUI_AVI_Create	0	static
C:/Users/jyepi/OneDrive/Desktop/Mixer Project/STMCube/STemWin/Modules/videoplayer/GUI_AVI.c:642:5:GUI_AVI_Play	24	static
C:/Users/jyepi/OneDrive/Desktop/Mixer Project/STMCube/STemWin/Modules/videoplayer/GUI_AVI.c:680:5:GUI_AVI_Show	32	static
C:/Users/jyepi/OneDrive/Desktop/Mixer Project/STMCube/STemWin/Modules/videoplayer/GUI_AVI.c:708:5:GUI_AVI_SelectMode	24	static
C:/Users/jyepi/OneDrive/Desktop/Mixer Project/STMCube/STemWin/Modules/videoplayer/GUI_AVI.c:735:6:GUI_AVI_SetDevFunc	24	static
C:/Users/jyepi/OneDrive/Desktop/Mixer Project/STMCube/STemWin/Modules/videoplayer/GUI_AVI.c:771:6:GUI_AVI_SetBuffers	32	static
C:/Users/jyepi/OneDrive/Desktop/Mixer Project/STMCube/STemWin/Modules/videoplayer/GUI_AVI.c:794:5:GUI_AVI_Delete	24	static
C:/Users/jyepi/OneDrive/Desktop/Mixer Project/STMCube/STemWin/Modules/videoplayer/GUI_AVI.c:829:5:GUI_AVI_Pause	8	static
C:/Users/jyepi/OneDrive/Desktop/Mixer Project/STMCube/STemWin/Modules/videoplayer/GUI_AVI.c:848:5:GUI_AVI_GotoFrame	40	static
C:/Users/jyepi/OneDrive/Desktop/Mixer Project/STMCube/STemWin/Modules/videoplayer/GUI_AVI.c:937:5:GUI_AVI_GetFrameIndex	16	static
C:/Users/jyepi/OneDrive/Desktop/Mixer Project/STMCube/STemWin/Modules/videoplayer/GUI_AVI.c:959:5:GUI_AVI_GetInfo	16	static
