C:/Users/jyepi/OneDrive/Desktop/Mixer Project/STMCube/STemWin/Config/usbh_diskio.c:65:9:USBH_initialize	0	static
C:/Users/jyepi/OneDrive/Desktop/Mixer Project/STMCube/STemWin/Config/usbh_diskio.c:77:9:USBH_status	8	static
C:/Users/jyepi/OneDrive/Desktop/Mixer Project/STMCube/STemWin/Config/usbh_diskio.c:100:9:USBH_read	96	static
C:/Users/jyepi/OneDrive/Desktop/Mixer Project/STMCube/STemWin/Config/usbh_diskio.c:227:9:USBH_ioctl	64	static
C:/Users/jyepi/OneDrive/Desktop/Mixer Project/STMCube/STemWin/Config/usbh_diskio.c:162:9:USBH_write	96	static
