../Drivers/STM32F7xx_HAL_Driver/Src/stm32f7xx_hal_dcmi.c:195:19:HAL_DCMI_Init	16	static
../Drivers/STM32F7xx_HAL_Driver/Src/stm32f7xx_hal_dcmi.c:306:19:HAL_DCMI_DeInit	16	static
../Drivers/STM32F7xx_HAL_Driver/Src/stm32f7xx_hal_dcmi.c:338:13:HAL_DCMI_MspInit	16	static
../Drivers/STM32F7xx_HAL_Driver/Src/stm32f7xx_hal_dcmi.c:354:13:HAL_DCMI_MspDeInit	16	static
../Drivers/STM32F7xx_HAL_Driver/Src/stm32f7xx_hal_dcmi.c:393:19:HAL_DCMI_Start_DMA	40	static
../Drivers/STM32F7xx_HAL_Driver/Src/stm32f7xx_hal_dcmi.c:499:19:HAL_DCMI_Stop	24	static
../Drivers/STM32F7xx_HAL_Driver/Src/stm32f7xx_hal_dcmi.c:552:19:HAL_DCMI_Suspend	24	static
../Drivers/STM32F7xx_HAL_Driver/Src/stm32f7xx_hal_dcmi.c:598:19:HAL_DCMI_Resume	16	static
../Drivers/STM32F7xx_HAL_Driver/Src/stm32f7xx_hal_dcmi.c:624:6:HAL_DCMI_IRQHandler	24	static
../Drivers/STM32F7xx_HAL_Driver/Src/stm32f7xx_hal_dcmi.c:730:13:HAL_DCMI_ErrorCallback	16	static
../Drivers/STM32F7xx_HAL_Driver/Src/stm32f7xx_hal_dcmi.c:746:13:HAL_DCMI_LineEventCallback	16	static
../Drivers/STM32F7xx_HAL_Driver/Src/stm32f7xx_hal_dcmi.c:761:13:HAL_DCMI_VsyncEventCallback	16	static
../Drivers/STM32F7xx_HAL_Driver/Src/stm32f7xx_hal_dcmi.c:777:13:HAL_DCMI_FrameEventCallback	16	static
../Drivers/STM32F7xx_HAL_Driver/Src/stm32f7xx_hal_dcmi.c:817:19:HAL_DCMI_ConfigCrop	24	static
../Drivers/STM32F7xx_HAL_Driver/Src/stm32f7xx_hal_dcmi.c:851:19:HAL_DCMI_DisableCrop	16	static
../Drivers/STM32F7xx_HAL_Driver/Src/stm32f7xx_hal_dcmi.c:877:19:HAL_DCMI_EnableCrop	16	static
../Drivers/STM32F7xx_HAL_Driver/Src/stm32f7xx_hal_dcmi.c:905:20:HAL_DCMI_ConfigSyncUnmask	16	static
../Drivers/STM32F7xx_HAL_Driver/Src/stm32f7xx_hal_dcmi.c:954:23:HAL_DCMI_GetState	16	static
../Drivers/STM32F7xx_HAL_Driver/Src/stm32f7xx_hal_dcmi.c:965:10:HAL_DCMI_GetError	16	static
../Drivers/STM32F7xx_HAL_Driver/Src/stm32f7xx_hal_dcmi.c:1170:13:DCMI_DMAXferCplt	24	static
../Drivers/STM32F7xx_HAL_Driver/Src/stm32f7xx_hal_dcmi.c:1235:13:DCMI_DMAError	24	static
