../Drivers/STM32F7xx_HAL_Driver/Src/stm32f7xx_hal_sdram.c:171:19:HAL_SDRAM_Init	16	static
../Drivers/STM32F7xx_HAL_Driver/Src/stm32f7xx_hal_sdram.c:220:19:HAL_SDRAM_DeInit	16	static
../Drivers/STM32F7xx_HAL_Driver/Src/stm32f7xx_hal_sdram.c:253:13:HAL_SDRAM_MspInit	16	static
../Drivers/STM32F7xx_HAL_Driver/Src/stm32f7xx_hal_sdram.c:269:13:HAL_SDRAM_MspDeInit	16	static
../Drivers/STM32F7xx_HAL_Driver/Src/stm32f7xx_hal_sdram.c:285:6:HAL_SDRAM_IRQHandler	16	static
../Drivers/STM32F7xx_HAL_Driver/Src/stm32f7xx_hal_sdram.c:308:13:HAL_SDRAM_RefreshErrorCallback	16	static
../Drivers/STM32F7xx_HAL_Driver/Src/stm32f7xx_hal_sdram.c:324:13:HAL_SDRAM_DMA_XferCpltCallback	16	static
../Drivers/STM32F7xx_HAL_Driver/Src/stm32f7xx_hal_sdram.c:339:13:HAL_SDRAM_DMA_XferErrorCallback	16	static
../Drivers/STM32F7xx_HAL_Driver/Src/stm32f7xx_hal_sdram.c:376:19:HAL_SDRAM_Read_8b	40	static
../Drivers/STM32F7xx_HAL_Driver/Src/stm32f7xx_hal_sdram.c:428:19:HAL_SDRAM_Write_8b	40	static
../Drivers/STM32F7xx_HAL_Driver/Src/stm32f7xx_hal_sdram.c:479:19:HAL_SDRAM_Read_16b	40	static
../Drivers/STM32F7xx_HAL_Driver/Src/stm32f7xx_hal_sdram.c:539:19:HAL_SDRAM_Write_16b	40	static
../Drivers/STM32F7xx_HAL_Driver/Src/stm32f7xx_hal_sdram.c:598:19:HAL_SDRAM_Read_32b	40	static
../Drivers/STM32F7xx_HAL_Driver/Src/stm32f7xx_hal_sdram.c:650:19:HAL_SDRAM_Write_32b	40	static
../Drivers/STM32F7xx_HAL_Driver/Src/stm32f7xx_hal_sdram.c:701:19:HAL_SDRAM_Read_DMA	32	static
../Drivers/STM32F7xx_HAL_Driver/Src/stm32f7xx_hal_sdram.c:754:19:HAL_SDRAM_Write_DMA	32	static
../Drivers/STM32F7xx_HAL_Driver/Src/stm32f7xx_hal_sdram.c:1007:19:HAL_SDRAM_WriteProtection_Enable	16	static
../Drivers/STM32F7xx_HAL_Driver/Src/stm32f7xx_hal_sdram.c:1039:19:HAL_SDRAM_WriteProtection_Disable	24	static
../Drivers/STM32F7xx_HAL_Driver/Src/stm32f7xx_hal_sdram.c:1075:19:HAL_SDRAM_SendCommand	32	static
../Drivers/STM32F7xx_HAL_Driver/Src/stm32f7xx_hal_sdram.c:1118:19:HAL_SDRAM_ProgramRefreshRate	16	static
../Drivers/STM32F7xx_HAL_Driver/Src/stm32f7xx_hal_sdram.c:1151:19:HAL_SDRAM_SetAutoRefreshNumber	16	static
../Drivers/STM32F7xx_HAL_Driver/Src/stm32f7xx_hal_sdram.c:1183:10:HAL_SDRAM_GetModeStatus	16	static
../Drivers/STM32F7xx_HAL_Driver/Src/stm32f7xx_hal_sdram.c:1214:24:HAL_SDRAM_GetState	16	static
../Drivers/STM32F7xx_HAL_Driver/Src/stm32f7xx_hal_sdram.c:1235:13:SDRAM_DMACplt	24	static
../Drivers/STM32F7xx_HAL_Driver/Src/stm32f7xx_hal_sdram.c:1257:13:SDRAM_DMACpltProt	24	static
../Drivers/STM32F7xx_HAL_Driver/Src/stm32f7xx_hal_sdram.c:1279:13:SDRAM_DMAError	24	static
