C:/Users/jyepi/OneDrive/Desktop/Mixer Project/STMCube/STemWin/Gui/Core/games/games_win.c:327:12:_valuePieces	36	static
C:/Users/jyepi/OneDrive/Desktop/Mixer Project/STMCube/STemWin/Gui/Core/games/games_win.c:550:13:_cbMessageBox	8	static
C:/Users/jyepi/OneDrive/Desktop/Mixer Project/STMCube/STemWin/Gui/Core/games/games_win.c:134:13:_CalcBoardDimensions	16	static
C:/Users/jyepi/OneDrive/Desktop/Mixer Project/STMCube/STemWin/Gui/Core/games/games_win.c:148:13:_InvalidateCell	16	static
C:/Users/jyepi/OneDrive/Desktop/Mixer Project/STMCube/STemWin/Gui/Core/games/games_win.c:164:13:_GetStone	0	static
C:/Users/jyepi/OneDrive/Desktop/Mixer Project/STMCube/STemWin/Gui/Core/games/games_win.c:210:13:_CheckDirection	24	static
C:/Users/jyepi/OneDrive/Desktop/Mixer Project/STMCube/STemWin/Gui/Core/games/games_win.c:231:12:_CalcValidMoves	56	static
C:/Users/jyepi/OneDrive/Desktop/Mixer Project/STMCube/STemWin/Gui/Core/games/games_win.c:179:13:_SetStone	0	static
C:/Users/jyepi/OneDrive/Desktop/Mixer Project/STMCube/STemWin/Gui/Core/games/games_win.c:268:13:_DoDirection	24	static
C:/Users/jyepi/OneDrive/Desktop/Mixer Project/STMCube/STemWin/Gui/Core/games/games_win.c:283:13:_MakeMove	32	static
C:/Users/jyepi/OneDrive/Desktop/Mixer Project/STMCube/STemWin/Gui/Core/games/games_win.c:592:12:_ShowMessageBox.constprop	64	static
C:/Users/jyepi/OneDrive/Desktop/Mixer Project/STMCube/STemWin/Gui/Core/games/games_win.c:302:12:_CalcScore.constprop	12	static
C:/Users/jyepi/OneDrive/Desktop/Mixer Project/STMCube/STemWin/Gui/Core/games/games_win.c:627:13:_SetPlayer	280	static
C:/Users/jyepi/OneDrive/Desktop/Mixer Project/STMCube/STemWin/Gui/Core/games/games_win.c:692:13:_StartNewGame	8	static
C:/Users/jyepi/OneDrive/Desktop/Mixer Project/STMCube/STemWin/Gui/Core/games/games_win.c:904:13:Startup	40	static
C:/Users/jyepi/OneDrive/Desktop/Mixer Project/STMCube/STemWin/Gui/Core/games/games_win.c:404:12:_Eval	24	static
C:/Users/jyepi/OneDrive/Desktop/Mixer Project/STMCube/STemWin/Gui/Core/games/games_win.c:445:12:_Descend	56	static
C:/Users/jyepi/OneDrive/Desktop/Mixer Project/STMCube/STemWin/Gui/Core/games/games_win.c:511:13:_PlayerAI_SmartGecko	24	static
C:/Users/jyepi/OneDrive/Desktop/Mixer Project/STMCube/STemWin/Gui/Core/games/games_win.c:842:13:_cbButton_exit	8	static
C:/Users/jyepi/OneDrive/Desktop/Mixer Project/STMCube/STemWin/Gui/Core/games/games_win.c:859:13:_cbReversiWin	80	static
