C:/Users/jyepi/OneDrive/Desktop/Mixer Project/STMCube/STemWin/Gui/Core/home_alarme/home_alarm_win.c:1063:13:Startup	24	static
C:/Users/jyepi/OneDrive/Desktop/Mixer Project/STMCube/STemWin/Gui/Core/home_alarme/home_alarm_win.c:702:13:_cbDialog	32	static
C:/Users/jyepi/OneDrive/Desktop/Mixer Project/STMCube/STemWin/Gui/Core/home_alarme/home_alarm_win.c:583:13:_cbCameraWindow	40	static
C:/Users/jyepi/OneDrive/Desktop/Mixer Project/STMCube/STemWin/Gui/Core/home_alarme/home_alarm_win.c:145:13:_cbButton_exit	8	static
C:/Users/jyepi/OneDrive/Desktop/Mixer Project/STMCube/STemWin/Gui/Core/home_alarme/home_alarm_win.c:187:13:_cbButton_camera	8	static
C:/Users/jyepi/OneDrive/Desktop/Mixer Project/STMCube/STemWin/Gui/Core/home_alarme/home_alarm_win.c:430:13:_cbButton_alarm	8	static
C:/Users/jyepi/OneDrive/Desktop/Mixer Project/STMCube/STemWin/Gui/Core/home_alarme/home_alarm_win.c:447:13:_cbButton_cam1	8	static
C:/Users/jyepi/OneDrive/Desktop/Mixer Project/STMCube/STemWin/Gui/Core/home_alarme/home_alarm_win.c:464:13:_cbButton_cam2	8	static
C:/Users/jyepi/OneDrive/Desktop/Mixer Project/STMCube/STemWin/Gui/Core/home_alarme/home_alarm_win.c:481:13:_cbButton_cam3	8	static
C:/Users/jyepi/OneDrive/Desktop/Mixer Project/STMCube/STemWin/Gui/Core/home_alarme/home_alarm_win.c:498:13:_cbButton_cam4	8	static
C:/Users/jyepi/OneDrive/Desktop/Mixer Project/STMCube/STemWin/Gui/Core/home_alarme/home_alarm_win.c:515:13:_cbButton_cam5	8	static
C:/Users/jyepi/OneDrive/Desktop/Mixer Project/STMCube/STemWin/Gui/Core/home_alarme/home_alarm_win.c:532:13:_cbButton_cam5_1	8	static
C:/Users/jyepi/OneDrive/Desktop/Mixer Project/STMCube/STemWin/Gui/Core/home_alarme/home_alarm_win.c:566:13:_cbButton_menu	8	static
C:/Users/jyepi/OneDrive/Desktop/Mixer Project/STMCube/STemWin/Gui/Core/home_alarme/home_alarm_win.c:549:13:_cbButton_exit1	8	static
