C:/Users/jyepi/OneDrive/Desktop/Mixer Project/STMCube/STemWin/Middlewares/Third_Party/LwIP/src/core/mem.c:516:1:mem_init	8	static
C:/Users/jyepi/OneDrive/Desktop/Mixer Project/STMCube/STemWin/Middlewares/Third_Party/LwIP/src/core/mem.c:617:1:mem_free	16	static
C:/Users/jyepi/OneDrive/Desktop/Mixer Project/STMCube/STemWin/Middlewares/Third_Party/LwIP/src/core/mem.c:699:1:mem_trim	40	static
C:/Users/jyepi/OneDrive/Desktop/Mixer Project/STMCube/STemWin/Middlewares/Third_Party/LwIP/src/core/mem.c:831:1:mem_malloc	24	static
C:/Users/jyepi/OneDrive/Desktop/Mixer Project/STMCube/STemWin/Middlewares/Third_Party/LwIP/src/core/mem.c:999:1:mem_calloc	16	static
