C:/Users/jyepi/OneDrive/Desktop/Mixer Project/STMCube/STemWin/Config/usbh_conf.c:33:6:HAL_HCD_MspInit	80	static
C:/Users/jyepi/OneDrive/Desktop/Mixer Project/STMCube/STemWin/Config/usbh_conf.c:105:6:HAL_HCD_MspDeInit	0	static
C:/Users/jyepi/OneDrive/Desktop/Mixer Project/STMCube/STemWin/Config/usbh_conf.c:121:6:HAL_HCD_SOF_Callback	0	static
C:/Users/jyepi/OneDrive/Desktop/Mixer Project/STMCube/STemWin/Config/usbh_conf.c:131:6:HAL_HCD_Connect_Callback	0	static
C:/Users/jyepi/OneDrive/Desktop/Mixer Project/STMCube/STemWin/Config/usbh_conf.c:141:6:HAL_HCD_Disconnect_Callback	0	static
C:/Users/jyepi/OneDrive/Desktop/Mixer Project/STMCube/STemWin/Config/usbh_conf.c:151:6:HAL_HCD_PortEnabled_Callback	0	static
C:/Users/jyepi/OneDrive/Desktop/Mixer Project/STMCube/STemWin/Config/usbh_conf.c:162:6:HAL_HCD_PortDisabled_Callback	0	static
C:/Users/jyepi/OneDrive/Desktop/Mixer Project/STMCube/STemWin/Config/usbh_conf.c:175:6:HAL_HCD_HC_NotifyURBChange_Callback	0	static
C:/Users/jyepi/OneDrive/Desktop/Mixer Project/STMCube/STemWin/Config/usbh_conf.c:191:20:USBH_LL_Init	16	static
C:/Users/jyepi/OneDrive/Desktop/Mixer Project/STMCube/STemWin/Config/usbh_conf.c:221:20:USBH_LL_DeInit	8	static
C:/Users/jyepi/OneDrive/Desktop/Mixer Project/STMCube/STemWin/Config/usbh_conf.c:232:20:USBH_LL_Start	8	static
C:/Users/jyepi/OneDrive/Desktop/Mixer Project/STMCube/STemWin/Config/usbh_conf.c:243:20:USBH_LL_Stop	8	static
C:/Users/jyepi/OneDrive/Desktop/Mixer Project/STMCube/STemWin/Config/usbh_conf.c:254:19:USBH_LL_GetSpeed	8	static
C:/Users/jyepi/OneDrive/Desktop/Mixer Project/STMCube/STemWin/Config/usbh_conf.c:284:20:USBH_LL_ResetPort	8	static
C:/Users/jyepi/OneDrive/Desktop/Mixer Project/STMCube/STemWin/Config/usbh_conf.c:296:10:USBH_LL_GetLastXferSize	0	static
C:/Users/jyepi/OneDrive/Desktop/Mixer Project/STMCube/STemWin/Config/usbh_conf.c:312:20:USBH_LL_OpenPipe	24	static
C:/Users/jyepi/OneDrive/Desktop/Mixer Project/STMCube/STemWin/Config/usbh_conf.c:336:20:USBH_LL_ClosePipe	8	static
C:/Users/jyepi/OneDrive/Desktop/Mixer Project/STMCube/STemWin/Config/usbh_conf.c:369:20:USBH_LL_SubmitURB	24	static
C:/Users/jyepi/OneDrive/Desktop/Mixer Project/STMCube/STemWin/Config/usbh_conf.c:403:22:USBH_LL_GetURBState	0	static
C:/Users/jyepi/OneDrive/Desktop/Mixer Project/STMCube/STemWin/Config/usbh_conf.c:417:20:USBH_LL_DriverVBUS	8	static
C:/Users/jyepi/OneDrive/Desktop/Mixer Project/STMCube/STemWin/Config/usbh_conf.c:431:20:USBH_LL_SetToggle	0	static
C:/Users/jyepi/OneDrive/Desktop/Mixer Project/STMCube/STemWin/Config/usbh_conf.c:450:9:USBH_LL_GetToggle	0	static
C:/Users/jyepi/OneDrive/Desktop/Mixer Project/STMCube/STemWin/Config/usbh_conf.c:470:6:USBH_Delay	0	static
