C:/Users/jyepi/OneDrive/Desktop/Mixer Project/STMCube/STemWin/Drivers/STM32F7xx_HAL_Driver/Src/stm32f7xx_hal_dcmi.c:1170:13:DCMI_DMAXferCplt	8	static
C:/Users/jyepi/OneDrive/Desktop/Mixer Project/STMCube/STemWin/Drivers/STM32F7xx_HAL_Driver/Src/stm32f7xx_hal_dcmi.c:338:13:HAL_DCMI_MspInit	0	static
C:/Users/jyepi/OneDrive/Desktop/Mixer Project/STMCube/STemWin/Drivers/STM32F7xx_HAL_Driver/Src/stm32f7xx_hal_dcmi.c:195:19:HAL_DCMI_Init	16	static
C:/Users/jyepi/OneDrive/Desktop/Mixer Project/STMCube/STemWin/Drivers/STM32F7xx_HAL_Driver/Src/stm32f7xx_hal_dcmi.c:354:13:HAL_DCMI_MspDeInit	0	static
C:/Users/jyepi/OneDrive/Desktop/Mixer Project/STMCube/STemWin/Drivers/STM32F7xx_HAL_Driver/Src/stm32f7xx_hal_dcmi.c:306:19:HAL_DCMI_DeInit	8	static
C:/Users/jyepi/OneDrive/Desktop/Mixer Project/STMCube/STemWin/Drivers/STM32F7xx_HAL_Driver/Src/stm32f7xx_hal_dcmi.c:393:19:HAL_DCMI_Start_DMA	32	static
C:/Users/jyepi/OneDrive/Desktop/Mixer Project/STMCube/STemWin/Drivers/STM32F7xx_HAL_Driver/Src/stm32f7xx_hal_dcmi.c:499:19:HAL_DCMI_Stop	16	static
C:/Users/jyepi/OneDrive/Desktop/Mixer Project/STMCube/STemWin/Drivers/STM32F7xx_HAL_Driver/Src/stm32f7xx_hal_dcmi.c:552:19:HAL_DCMI_Suspend	0	static
C:/Users/jyepi/OneDrive/Desktop/Mixer Project/STMCube/STemWin/Drivers/STM32F7xx_HAL_Driver/Src/stm32f7xx_hal_dcmi.c:598:19:HAL_DCMI_Resume	0	static
C:/Users/jyepi/OneDrive/Desktop/Mixer Project/STMCube/STemWin/Drivers/STM32F7xx_HAL_Driver/Src/stm32f7xx_hal_dcmi.c:730:13:HAL_DCMI_ErrorCallback	0	static
C:/Users/jyepi/OneDrive/Desktop/Mixer Project/STMCube/STemWin/Drivers/STM32F7xx_HAL_Driver/Src/stm32f7xx_hal_dcmi.c:1235:13:DCMI_DMAError	8	static
C:/Users/jyepi/OneDrive/Desktop/Mixer Project/STMCube/STemWin/Drivers/STM32F7xx_HAL_Driver/Src/stm32f7xx_hal_dcmi.c:746:13:HAL_DCMI_LineEventCallback	0	static
C:/Users/jyepi/OneDrive/Desktop/Mixer Project/STMCube/STemWin/Drivers/STM32F7xx_HAL_Driver/Src/stm32f7xx_hal_dcmi.c:761:13:HAL_DCMI_VsyncEventCallback	0	static
C:/Users/jyepi/OneDrive/Desktop/Mixer Project/STMCube/STemWin/Drivers/STM32F7xx_HAL_Driver/Src/stm32f7xx_hal_dcmi.c:777:13:HAL_DCMI_FrameEventCallback	0	static
C:/Users/jyepi/OneDrive/Desktop/Mixer Project/STMCube/STemWin/Drivers/STM32F7xx_HAL_Driver/Src/stm32f7xx_hal_dcmi.c:624:6:HAL_DCMI_IRQHandler	16	static
C:/Users/jyepi/OneDrive/Desktop/Mixer Project/STMCube/STemWin/Drivers/STM32F7xx_HAL_Driver/Src/stm32f7xx_hal_dcmi.c:817:19:HAL_DCMI_ConfigCrop	12	static
C:/Users/jyepi/OneDrive/Desktop/Mixer Project/STMCube/STemWin/Drivers/STM32F7xx_HAL_Driver/Src/stm32f7xx_hal_dcmi.c:851:19:HAL_DCMI_DisableCrop	0	static
C:/Users/jyepi/OneDrive/Desktop/Mixer Project/STMCube/STemWin/Drivers/STM32F7xx_HAL_Driver/Src/stm32f7xx_hal_dcmi.c:877:19:HAL_DCMI_EnableCrop	0	static
C:/Users/jyepi/OneDrive/Desktop/Mixer Project/STMCube/STemWin/Drivers/STM32F7xx_HAL_Driver/Src/stm32f7xx_hal_dcmi.c:905:20:HAL_DCMI_ConfigSyncUnmask	0	static
C:/Users/jyepi/OneDrive/Desktop/Mixer Project/STMCube/STemWin/Drivers/STM32F7xx_HAL_Driver/Src/stm32f7xx_hal_dcmi.c:954:23:HAL_DCMI_GetState	0	static
C:/Users/jyepi/OneDrive/Desktop/Mixer Project/STMCube/STemWin/Drivers/STM32F7xx_HAL_Driver/Src/stm32f7xx_hal_dcmi.c:965:10:HAL_DCMI_GetError	0	static
