C:/Users/jyepi/OneDrive/Desktop/Mixer Project/STMCube/STemWin/Drivers/STM32F7xx_HAL_Driver/Src/stm32f7xx_hal_rng.c:262:13:HAL_RNG_MspInit	0	static
C:/Users/jyepi/OneDrive/Desktop/Mixer Project/STMCube/STemWin/Drivers/STM32F7xx_HAL_Driver/Src/stm32f7xx_hal_rng.c:155:19:HAL_RNG_Init	8	static
C:/Users/jyepi/OneDrive/Desktop/Mixer Project/STMCube/STemWin/Drivers/STM32F7xx_HAL_Driver/Src/stm32f7xx_hal_rng.c:277:13:HAL_RNG_MspDeInit	0	static
C:/Users/jyepi/OneDrive/Desktop/Mixer Project/STMCube/STemWin/Drivers/STM32F7xx_HAL_Driver/Src/stm32f7xx_hal_rng.c:216:19:HAL_RNG_DeInit	8	static
C:/Users/jyepi/OneDrive/Desktop/Mixer Project/STMCube/STemWin/Drivers/STM32F7xx_HAL_Driver/Src/stm32f7xx_hal_rng.c:544:19:HAL_RNG_GenerateRandomNumber	24	static
C:/Users/jyepi/OneDrive/Desktop/Mixer Project/STMCube/STemWin/Drivers/STM32F7xx_HAL_Driver/Src/stm32f7xx_hal_rng.c:602:19:HAL_RNG_GenerateRandomNumber_IT	0	static
C:/Users/jyepi/OneDrive/Desktop/Mixer Project/STMCube/STemWin/Drivers/STM32F7xx_HAL_Driver/Src/stm32f7xx_hal_rng.c:637:10:HAL_RNG_GetRandomNumber	8	static
C:/Users/jyepi/OneDrive/Desktop/Mixer Project/STMCube/STemWin/Drivers/STM32F7xx_HAL_Driver/Src/stm32f7xx_hal_rng.c:656:10:HAL_RNG_GetRandomNumber_IT	0	static
C:/Users/jyepi/OneDrive/Desktop/Mixer Project/STMCube/STemWin/Drivers/STM32F7xx_HAL_Driver/Src/stm32f7xx_hal_rng.c:772:10:HAL_RNG_ReadLastRandomNumber	0	static
C:/Users/jyepi/OneDrive/Desktop/Mixer Project/STMCube/STemWin/Drivers/STM32F7xx_HAL_Driver/Src/stm32f7xx_hal_rng.c:789:13:HAL_RNG_ReadyDataCallback	0	static
C:/Users/jyepi/OneDrive/Desktop/Mixer Project/STMCube/STemWin/Drivers/STM32F7xx_HAL_Driver/Src/stm32f7xx_hal_rng.c:805:13:HAL_RNG_ErrorCallback	0	static
C:/Users/jyepi/OneDrive/Desktop/Mixer Project/STMCube/STemWin/Drivers/STM32F7xx_HAL_Driver/Src/stm32f7xx_hal_rng.c:697:6:HAL_RNG_IRQHandler	16	static
C:/Users/jyepi/OneDrive/Desktop/Mixer Project/STMCube/STemWin/Drivers/STM32F7xx_HAL_Driver/Src/stm32f7xx_hal_rng.c:839:22:HAL_RNG_GetState	0	static
C:/Users/jyepi/OneDrive/Desktop/Mixer Project/STMCube/STemWin/Drivers/STM32F7xx_HAL_Driver/Src/stm32f7xx_hal_rng.c:849:10:HAL_RNG_GetError	0	static
