C:/Users/jyepi/OneDrive/Desktop/Mixer Project/STMCube/STemWin/Gui/Core/gardening_control/gardening_control_win.c:320:13:Startup	16	static
C:/Users/jyepi/OneDrive/Desktop/Mixer Project/STMCube/STemWin/Gui/Core/gardening_control/gardening_control_win.c:237:13:_cbDialog	32	static
C:/Users/jyepi/OneDrive/Desktop/Mixer Project/STMCube/STemWin/Gui/Core/gardening_control/gardening_control_win.c:104:13:_cbButton_exit	8	static
C:/Users/jyepi/OneDrive/Desktop/Mixer Project/STMCube/STemWin/Gui/Core/gardening_control/gardening_control_win.c:144:13:_cbButton_control	8	static
C:/Users/jyepi/OneDrive/Desktop/Mixer Project/STMCube/STemWin/Gui/Core/gardening_control/gardening_control_win.c:184:13:_cbButton_sprinklers	8	static
C:/Users/jyepi/OneDrive/Desktop/Mixer Project/STMCube/STemWin/Gui/Core/gardening_control/gardening_control_win.c:224:13:_cbButton_drowise	8	static
