C:/Users/jyepi/OneDrive/Desktop/Mixer Project/STMCube/STemWin/Middlewares/ST/STM32_USB_Host_Library/Class/MSC/Src/usbh_msc.c:568:27:USBH_MSC_SOFProcess	0	static
C:/Users/jyepi/OneDrive/Desktop/Mixer Project/STMCube/STemWin/Middlewares/ST/STM32_USB_Host_Library/Class/MSC/Src/usbh_msc.c:326:27:USBH_MSC_Process	16	static
C:/Users/jyepi/OneDrive/Desktop/Mixer Project/STMCube/STemWin/Middlewares/ST/STM32_USB_Host_Library/Class/MSC/Src/usbh_msc.c:269:27:USBH_MSC_ClassRequest	8	static
C:/Users/jyepi/OneDrive/Desktop/Mixer Project/STMCube/STemWin/Middlewares/ST/STM32_USB_Host_Library/Class/MSC/Src/usbh_msc.c:235:27:USBH_MSC_InterfaceDeInit	16	static
C:/Users/jyepi/OneDrive/Desktop/Mixer Project/STMCube/STemWin/Middlewares/ST/STM32_USB_Host_Library/Class/MSC/Src/usbh_msc.c:137:27:USBH_MSC_InterfaceInit	40	static
C:/Users/jyepi/OneDrive/Desktop/Mixer Project/STMCube/STemWin/Middlewares/ST/STM32_USB_Host_Library/Class/MSC/Src/usbh_msc.c:582:27:USBH_MSC_RdWrProcess	32	static
C:/Users/jyepi/OneDrive/Desktop/Mixer Project/STMCube/STemWin/Middlewares/ST/STM32_USB_Host_Library/Class/MSC/Src/usbh_msc.c:702:9:USBH_MSC_IsReady	0	static
C:/Users/jyepi/OneDrive/Desktop/Mixer Project/STMCube/STemWin/Middlewares/ST/STM32_USB_Host_Library/Class/MSC/Src/usbh_msc.c:725:9:USBH_MSC_GetMaxLUN	0	static
C:/Users/jyepi/OneDrive/Desktop/Mixer Project/STMCube/STemWin/Middlewares/ST/STM32_USB_Host_Library/Class/MSC/Src/usbh_msc.c:744:9:USBH_MSC_UnitIsReady	0	static
C:/Users/jyepi/OneDrive/Desktop/Mixer Project/STMCube/STemWin/Middlewares/ST/STM32_USB_Host_Library/Class/MSC/Src/usbh_msc.c:771:20:USBH_MSC_GetLUNInfo	0	static
C:/Users/jyepi/OneDrive/Desktop/Mixer Project/STMCube/STemWin/Middlewares/ST/STM32_USB_Host_Library/Class/MSC/Src/usbh_msc.c:799:20:USBH_MSC_Read	32	static
C:/Users/jyepi/OneDrive/Desktop/Mixer Project/STMCube/STemWin/Middlewares/ST/STM32_USB_Host_Library/Class/MSC/Src/usbh_msc.c:845:20:USBH_MSC_Write	32	static
