C:/Users/jyepi/OneDrive/Desktop/Mixer Project/STMCube/STemWin/Middlewares/ST/STM32_USB_Host_Library/Class/MSC/Src/usbh_msc_scsi.c:102:20:USBH_MSC_SCSI_TestUnitReady	16	static
C:/Users/jyepi/OneDrive/Desktop/Mixer Project/STMCube/STemWin/Middlewares/ST/STM32_USB_Host_Library/Class/MSC/Src/usbh_msc_scsi.c:144:20:USBH_MSC_SCSI_ReadCapacity	16	static
C:/Users/jyepi/OneDrive/Desktop/Mixer Project/STMCube/STemWin/Middlewares/ST/STM32_USB_Host_Library/Class/MSC/Src/usbh_msc_scsi.c:200:20:USBH_MSC_SCSI_Inquiry	16	static
C:/Users/jyepi/OneDrive/Desktop/Mixer Project/STMCube/STemWin/Middlewares/ST/STM32_USB_Host_Library/Class/MSC/Src/usbh_msc_scsi.c:271:20:USBH_MSC_SCSI_RequestSense	24	static
C:/Users/jyepi/OneDrive/Desktop/Mixer Project/STMCube/STemWin/Middlewares/ST/STM32_USB_Host_Library/Class/MSC/Src/usbh_msc_scsi.c:337:20:USBH_MSC_SCSI_Write	32	static
C:/Users/jyepi/OneDrive/Desktop/Mixer Project/STMCube/STemWin/Middlewares/ST/STM32_USB_Host_Library/Class/MSC/Src/usbh_msc_scsi.c:398:20:USBH_MSC_SCSI_Read	32	static
