C:/Users/jyepi/OneDrive/Desktop/Mixer Project/STMCube/STemWin/Modules/vnc_server/vnc_app.c:73:12:_Recv	4	static
C:/Users/jyepi/OneDrive/Desktop/Mixer Project/STMCube/STemWin/Modules/vnc_server/vnc_app.c:62:12:_Send	4	static
C:/Users/jyepi/OneDrive/Desktop/Mixer Project/STMCube/STemWin/Modules/vnc_server/vnc_app.c:353:6:VNC_Thread	56	static
C:/Users/jyepi/OneDrive/Desktop/Mixer Project/STMCube/STemWin/Modules/vnc_server/vnc_app.c:197:6:VNC_SERVER_Start	72	static
C:/Users/jyepi/OneDrive/Desktop/Mixer Project/STMCube/STemWin/Modules/vnc_server/vnc_app.c:256:6:VNC_SERVER_Stop	8	static
C:/Users/jyepi/OneDrive/Desktop/Mixer Project/STMCube/STemWin/Modules/vnc_server/vnc_app.c:276:6:ethernetif_notify_conn_changed	32	static
C:/Users/jyepi/OneDrive/Desktop/Mixer Project/STMCube/STemWin/Modules/vnc_server/vnc_app.c:314:10:VNC_GetState	0	static
C:/Users/jyepi/OneDrive/Desktop/Mixer Project/STMCube/STemWin/Modules/vnc_server/vnc_app.c:325:6:VNC_SetState	0	static
C:/Users/jyepi/OneDrive/Desktop/Mixer Project/STMCube/STemWin/Modules/vnc_server/vnc_app.c:334:10:VNC_GetLockState	0	static
C:/Users/jyepi/OneDrive/Desktop/Mixer Project/STMCube/STemWin/Modules/vnc_server/vnc_app.c:344:7:VNC_SetLockState	0	static
