C:/Users/jyepi/OneDrive/Desktop/Mixer Project/STMCube/BSP/Src/audio_play.c:379:17:GetData	16	static
../../../Drivers/CMSIS/Include/core_cm7.h:2491:22:SCB_CleanDCache_by_Addr.constprop	0	static,ignoring_inline_asm
C:/Users/jyepi/OneDrive/Desktop/Mixer Project/STMCube/BSP/Src/audio_play.c:285:20:AUDIO_Start	16	static
C:/Users/jyepi/OneDrive/Desktop/Mixer Project/STMCube/BSP/Src/audio_play.c:314:9:AUDIO_Process	16	static
C:/Users/jyepi/OneDrive/Desktop/Mixer Project/STMCube/BSP/Src/audio_play.c:91:6:AudioPlay_demo	336	static
C:/Users/jyepi/OneDrive/Desktop/Mixer Project/STMCube/BSP/Src/audio_play.c:404:6:BSP_AUDIO_OUT_TransferComplete_CallBack	0	static
C:/Users/jyepi/OneDrive/Desktop/Mixer Project/STMCube/BSP/Src/audio_play.c:418:6:BSP_AUDIO_OUT_HalfTransfer_CallBack	0	static
C:/Users/jyepi/OneDrive/Desktop/Mixer Project/STMCube/BSP/Src/audio_play.c:432:6:BSP_AUDIO_OUT_Error_CallBack	8	static
