C:/Users/jyepi/OneDrive/Desktop/Mixer Project/STMCube/BSP/Src/stm32f7xx_it.c:59:6:NMI_Handler	0	static
C:/Users/jyepi/OneDrive/Desktop/Mixer Project/STMCube/BSP/Src/stm32f7xx_it.c:68:6:HardFault_Handler	0	static
C:/Users/jyepi/OneDrive/Desktop/Mixer Project/STMCube/BSP/Src/stm32f7xx_it.c:81:6:MemManage_Handler	0	static
C:/Users/jyepi/OneDrive/Desktop/Mixer Project/STMCube/BSP/Src/stm32f7xx_it.c:94:6:BusFault_Handler	0	static
C:/Users/jyepi/OneDrive/Desktop/Mixer Project/STMCube/BSP/Src/stm32f7xx_it.c:107:6:UsageFault_Handler	0	static
C:/Users/jyepi/OneDrive/Desktop/Mixer Project/STMCube/BSP/Src/stm32f7xx_it.c:120:6:SVC_Handler	0	static
C:/Users/jyepi/OneDrive/Desktop/Mixer Project/STMCube/BSP/Src/stm32f7xx_it.c:129:6:DebugMon_Handler	0	static
C:/Users/jyepi/OneDrive/Desktop/Mixer Project/STMCube/BSP/Src/stm32f7xx_it.c:138:6:PendSV_Handler	0	static
C:/Users/jyepi/OneDrive/Desktop/Mixer Project/STMCube/BSP/Src/stm32f7xx_it.c:147:6:SysTick_Handler	0	static
C:/Users/jyepi/OneDrive/Desktop/Mixer Project/STMCube/BSP/Src/stm32f7xx_it.c:166:6:EXTI0_IRQHandler	0	static
C:/Users/jyepi/OneDrive/Desktop/Mixer Project/STMCube/BSP/Src/stm32f7xx_it.c:176:6:EXTI2_IRQHandler	0	static
C:/Users/jyepi/OneDrive/Desktop/Mixer Project/STMCube/BSP/Src/stm32f7xx_it.c:186:6:EXTI15_10_IRQHandler	0	static
C:/Users/jyepi/OneDrive/Desktop/Mixer Project/STMCube/BSP/Src/stm32f7xx_it.c:204:6:DMA2_Stream7_IRQHandler	0	static
C:/Users/jyepi/OneDrive/Desktop/Mixer Project/STMCube/BSP/Src/stm32f7xx_it.c:213:6:DMA2_Stream0_IRQHandler	0	static
C:/Users/jyepi/OneDrive/Desktop/Mixer Project/STMCube/BSP/Src/stm32f7xx_it.c:223:6:DMA2_Stream1_IRQHandler	0	static
C:/Users/jyepi/OneDrive/Desktop/Mixer Project/STMCube/BSP/Src/stm32f7xx_it.c:233:6:DMA2_Stream4_IRQHandler	0	static
C:/Users/jyepi/OneDrive/Desktop/Mixer Project/STMCube/BSP/Src/stm32f7xx_it.c:243:6:DCMI_IRQHandler	0	static
C:/Users/jyepi/OneDrive/Desktop/Mixer Project/STMCube/BSP/Src/stm32f7xx_it.c:253:6:DMA2D_IRQHandler	0	static
