C:/Users/jyepi/OneDrive/Desktop/Mixer Project/STMCube/STemWin/Modules/audio_recorder/audio_recorder_app.c:435:13:AUDIO_HalfTransfer_CallBack	8	static
C:/Users/jyepi/OneDrive/Desktop/Mixer Project/STMCube/STemWin/Modules/audio_recorder/audio_recorder_app.c:421:13:AUDIO_TransferComplete_CallBack	8	static
C:/Users/jyepi/OneDrive/Desktop/Mixer Project/STMCube/STemWin/Modules/audio_recorder/audio_recorder_app.c:449:13:AUDIO_Error_CallBack	0	static
C:/Users/jyepi/OneDrive/Desktop/Mixer Project/STMCube/STemWin/Modules/audio_recorder/audio_recorder_app.c:61:29:AUDIO_RECORDER_Init	56	static
C:/Users/jyepi/OneDrive/Desktop/Mixer Project/STMCube/STemWin/Modules/audio_recorder/audio_recorder_app.c:89:29:AUDIO_RECORDER_GetState	0	static
C:/Users/jyepi/OneDrive/Desktop/Mixer Project/STMCube/STemWin/Modules/audio_recorder/audio_recorder_app.c:99:11:AUDIO_RECORDER_GetVolume	0	static
C:/Users/jyepi/OneDrive/Desktop/Mixer Project/STMCube/STemWin/Modules/audio_recorder/audio_recorder_app.c:109:29:AUDIO_RECORDER_StartRec	40	static
C:/Users/jyepi/OneDrive/Desktop/Mixer Project/STMCube/STemWin/Modules/audio_recorder/audio_recorder_app.c:147:18:AUDIO_RECORDER_GetFileInfo	0	static
C:/Users/jyepi/OneDrive/Desktop/Mixer Project/STMCube/STemWin/Modules/audio_recorder/audio_recorder_app.c:158:6:AUDIO_RECORDER_RemoveAudioFile	0	static
C:/Users/jyepi/OneDrive/Desktop/Mixer Project/STMCube/STemWin/Modules/audio_recorder/audio_recorder_app.c:168:29:AUDIO_RECORDER_SelectFile	24	static
C:/Users/jyepi/OneDrive/Desktop/Mixer Project/STMCube/STemWin/Modules/audio_recorder/audio_recorder_app.c:193:29:AUDIO_RECORDER_Play	24	static
C:/Users/jyepi/OneDrive/Desktop/Mixer Project/STMCube/STemWin/Modules/audio_recorder/audio_recorder_app.c:227:29:AUDIO_RECORDER_DeInit	152	static
C:/Users/jyepi/OneDrive/Desktop/Mixer Project/STMCube/STemWin/Modules/audio_recorder/audio_recorder_app.c:274:29:AUDIO_RECORDER_StopRec	24	static
C:/Users/jyepi/OneDrive/Desktop/Mixer Project/STMCube/STemWin/Modules/audio_recorder/audio_recorder_app.c:311:29:AUDIO_RECORDER_StopPlayer	8	static
C:/Users/jyepi/OneDrive/Desktop/Mixer Project/STMCube/STemWin/Modules/audio_recorder/audio_recorder_app.c:459:13:Audio_Thread	32	static
C:/Users/jyepi/OneDrive/Desktop/Mixer Project/STMCube/STemWin/Modules/audio_recorder/audio_recorder_app.c:331:29:AUDIO_RECORDER_PauseResume	8	static
C:/Users/jyepi/OneDrive/Desktop/Mixer Project/STMCube/STemWin/Modules/audio_recorder/audio_recorder_app.c:366:29:AUDIO_RECORDER_Resume	8	static
C:/Users/jyepi/OneDrive/Desktop/Mixer Project/STMCube/STemWin/Modules/audio_recorder/audio_recorder_app.c:390:6:BSP_AUDIO_IN_TransferComplete_CallBack	0	static
C:/Users/jyepi/OneDrive/Desktop/Mixer Project/STMCube/STemWin/Modules/audio_recorder/audio_recorder_app.c:400:6:BSP_AUDIO_IN_HalfTransfer_CallBack	0	static
C:/Users/jyepi/OneDrive/Desktop/Mixer Project/STMCube/STemWin/Modules/audio_recorder/audio_recorder_app.c:410:6:BSP_AUDIO_IN_Error_CallBack	0	static
C:/Users/jyepi/OneDrive/Desktop/Mixer Project/STMCube/STemWin/Modules/audio_recorder/audio_recorder_app.c:570:10:AUDIO_RECORDER_GetElapsedTime	0	static
C:/Users/jyepi/OneDrive/Desktop/Mixer Project/STMCube/STemWin/Modules/audio_recorder/audio_recorder_app.c:585:10:AUDIO_RECORDER_GetPlayedTime	0	static
C:/Users/jyepi/OneDrive/Desktop/Mixer Project/STMCube/STemWin/Modules/audio_recorder/audio_recorder_app.c:601:10:AUDIO_RECORDER_GetTotalTime	0	static
