C:/Users/jyepi/OneDrive/Desktop/Mixer Project/STMCube/STemWin/Gui/Core/vnc_server/vnc_server_win.c:395:13:Startup	32	static
C:/Users/jyepi/OneDrive/Desktop/Mixer Project/STMCube/STemWin/Gui/Core/vnc_server/vnc_server_win.c:233:13:_cbButton_exit	8	static
C:/Users/jyepi/OneDrive/Desktop/Mixer Project/STMCube/STemWin/Gui/Core/vnc_server/vnc_server_win.c:200:13:_cbButton_start	16	static
C:/Users/jyepi/OneDrive/Desktop/Mixer Project/STMCube/STemWin/Gui/Core/vnc_server/vnc_server_win.c:183:13:_cbButton_bg	8	static
C:/Users/jyepi/OneDrive/Desktop/Mixer Project/STMCube/STemWin/Gui/Core/vnc_server/vnc_server_win.c:217:13:_cbButton_lock	8	static
C:/Users/jyepi/OneDrive/Desktop/Mixer Project/STMCube/STemWin/Gui/Core/vnc_server/vnc_server_win.c:384:9:VNC_IsRunning	8	static
C:/Users/jyepi/OneDrive/Desktop/Mixer Project/STMCube/STemWin/Gui/Core/vnc_server/vnc_server_win.c:418:6:VNC_SERVER_LogMessage	8	static
C:/Users/jyepi/OneDrive/Desktop/Mixer Project/STMCube/STemWin/Gui/Core/vnc_server/vnc_server_win.c:246:13:_cbDialog	40	static
C:/Users/jyepi/OneDrive/Desktop/Mixer Project/STMCube/STemWin/Gui/Core/vnc_server/vnc_server_win.c:434:6:VNC_SERVER_StatusChanged	16	static
