C:/Users/jyepi/OneDrive/Desktop/Mixer Project/STMCube/STemWin/Gui/Core/audio_recorder/audio_recorder_win.c:773:13:Startup	24	static
C:/Users/jyepi/OneDrive/Desktop/Mixer Project/STMCube/STemWin/Gui/Core/audio_recorder/audio_recorder_win.c:319:13:_cbMediaConnection	16	static
C:/Users/jyepi/OneDrive/Desktop/Mixer Project/STMCube/STemWin/Gui/Core/audio_recorder/audio_recorder_win.c:412:13:_cbAudioProcess	32	static
C:/Users/jyepi/OneDrive/Desktop/Mixer Project/STMCube/STemWin/Gui/Core/audio_recorder/audio_recorder_win.c:510:13:_cbDialog	48	static
C:/Users/jyepi/OneDrive/Desktop/Mixer Project/STMCube/STemWin/Gui/Core/audio_recorder/audio_recorder_win.c:251:13:_cbButton_exit	8	static
C:/Users/jyepi/OneDrive/Desktop/Mixer Project/STMCube/STemWin/Gui/Core/audio_recorder/audio_recorder_win.c:285:13:_cbButton_pause	8	static
C:/Users/jyepi/OneDrive/Desktop/Mixer Project/STMCube/STemWin/Gui/Core/audio_recorder/audio_recorder_win.c:268:13:_cbButton_stop	8	static
C:/Users/jyepi/OneDrive/Desktop/Mixer Project/STMCube/STemWin/Gui/Core/audio_recorder/audio_recorder_win.c:302:13:_cbButton_record	8	static
C:/Users/jyepi/OneDrive/Desktop/Mixer Project/STMCube/STemWin/Gui/Core/audio_recorder/audio_recorder_win.c:472:6:_cbNotifyStateChange	16	static
