C:/Users/jyepi/OneDrive/Desktop/Mixer Project/STMCube/STemWin/Gui/Core/videoplayer/video_player_win.c:1196:13:FILEMGR_GetFileOnly	16	static
C:/Users/jyepi/OneDrive/Desktop/Mixer Project/STMCube/STemWin/Gui/Core/videoplayer/video_player_win.c:1088:13:_cbPlaylistDialog	72	static
C:/Users/jyepi/OneDrive/Desktop/Mixer Project/STMCube/STemWin/Gui/Core/videoplayer/video_player_win.c:1040:13:_cbFileInfoDialog	8	static
C:/Users/jyepi/OneDrive/Desktop/Mixer Project/STMCube/STemWin/Gui/Core/videoplayer/video_player_win.c:662:12:_GetData	24	static
C:/Users/jyepi/OneDrive/Desktop/Mixer Project/STMCube/STemWin/Gui/Core/videoplayer/video_player_win.c:1615:13:_AddEntireFolder	360	static
C:/Users/jyepi/OneDrive/Desktop/Mixer Project/STMCube/STemWin/Gui/Core/videoplayer/video_player_win.c:1670:13:Startup	40	static
C:/Users/jyepi/OneDrive/Desktop/Mixer Project/STMCube/STemWin/Gui/Core/videoplayer/video_player_win.c:516:13:_cbTouch	16	static
C:/Users/jyepi/OneDrive/Desktop/Mixer Project/STMCube/STemWin/Gui/Core/videoplayer/video_player_win.c:1431:13:_cbVideoWindow	56	static
C:/Users/jyepi/OneDrive/Desktop/Mixer Project/STMCube/STemWin/Gui/Core/videoplayer/video_player_win.c:1405:13:_StopPlay.constprop	16	static
C:/Users/jyepi/OneDrive/Desktop/Mixer Project/STMCube/STemWin/Gui/Core/videoplayer/video_player_win.c:1300:16:_StartPlay.constprop	32	static
C:/Users/jyepi/OneDrive/Desktop/Mixer Project/STMCube/STemWin/Gui/Core/videoplayer/video_player_win.c:1464:13:_cbDialog	56	static
C:/Users/jyepi/OneDrive/Desktop/Mixer Project/STMCube/STemWin/Gui/Core/videoplayer/video_player_win.c:1227:6:_cbNotify	48	static
C:/Users/jyepi/OneDrive/Desktop/Mixer Project/STMCube/STemWin/Gui/Core/videoplayer/video_player_win.c:556:13:_cbMediaConnection	40	static
C:/Users/jyepi/OneDrive/Desktop/Mixer Project/STMCube/STemWin/Gui/Core/videoplayer/video_player_win.c:690:13:_cbplaybackwin	112	static
C:/Users/jyepi/OneDrive/Desktop/Mixer Project/STMCube/STemWin/Gui/Core/videoplayer/video_player_win.c:307:13:_cbButton_back	0	static
C:/Users/jyepi/OneDrive/Desktop/Mixer Project/STMCube/STemWin/Gui/Core/videoplayer/video_player_win.c:340:13:_cbButton_stop	0	static
C:/Users/jyepi/OneDrive/Desktop/Mixer Project/STMCube/STemWin/Gui/Core/videoplayer/video_player_win.c:291:13:_cbButton_play	0	static
C:/Users/jyepi/OneDrive/Desktop/Mixer Project/STMCube/STemWin/Gui/Core/videoplayer/video_player_win.c:324:13:_cbButton_fore	0	static
C:/Users/jyepi/OneDrive/Desktop/Mixer Project/STMCube/STemWin/Gui/Core/videoplayer/video_player_win.c:391:13:_cbButton_exit	8	static
C:/Users/jyepi/OneDrive/Desktop/Mixer Project/STMCube/STemWin/Gui/Core/videoplayer/video_player_win.c:374:13:_cbButton_menu	8	static
C:/Users/jyepi/OneDrive/Desktop/Mixer Project/STMCube/STemWin/Gui/Core/videoplayer/video_player_win.c:357:13:_cbButton_exit1	8	static
C:/Users/jyepi/OneDrive/Desktop/Mixer Project/STMCube/STemWin/Gui/Core/videoplayer/video_player_win.c:500:13:_cbButton_okMessage	8	static
C:/Users/jyepi/OneDrive/Desktop/Mixer Project/STMCube/STemWin/Gui/Core/videoplayer/video_player_win.c:483:13:_cbButton_okPL	8	static
C:/Users/jyepi/OneDrive/Desktop/Mixer Project/STMCube/STemWin/Gui/Core/videoplayer/video_player_win.c:466:13:_cbButton_add2PL	8	static
