Archive member included to satisfy reference by file (symbol)

C:/ST/STM32CubeIDE_1.15.1/STM32CubeIDE/plugins/com.st.stm32cube.ide.mcu.externaltools.gnu-tools-for-stm32.12.3.rel1.win32_1.0.200.202406191623/tools/bin/../lib/gcc/arm-none-eabi/12.3.1/../../../../arm-none-eabi/lib/thumb/v7e-m+fp/hard\libc_nano.a(libc_a-exit.o)
                              C:/ST/STM32CubeIDE_1.15.1/STM32CubeIDE/plugins/com.st.stm32cube.ide.mcu.externaltools.gnu-tools-for-stm32.12.3.rel1.win32_1.0.200.202406191623/tools/bin/../lib/gcc/arm-none-eabi/12.3.1/../../../../arm-none-eabi/lib/thumb/v7e-m+fp/hard/crt0.o (exit)
C:/ST/STM32CubeIDE_1.15.1/STM32CubeIDE/plugins/com.st.stm32cube.ide.mcu.externaltools.gnu-tools-for-stm32.12.3.rel1.win32_1.0.200.202406191623/tools/bin/../lib/gcc/arm-none-eabi/12.3.1/../../../../arm-none-eabi/lib/thumb/v7e-m+fp/hard\libc_nano.a(libc_a-findfp.o)
                              C:/ST/STM32CubeIDE_1.15.1/STM32CubeIDE/plugins/com.st.stm32cube.ide.mcu.externaltools.gnu-tools-for-stm32.12.3.rel1.win32_1.0.200.202406191623/tools/bin/../lib/gcc/arm-none-eabi/12.3.1/../../../../arm-none-eabi/lib/thumb/v7e-m+fp/hard\libc_nano.a(libc_a-exit.o) (__stdio_exit_handler)
C:/ST/STM32CubeIDE_1.15.1/STM32CubeIDE/plugins/com.st.stm32cube.ide.mcu.externaltools.gnu-tools-for-stm32.12.3.rel1.win32_1.0.200.202406191623/tools/bin/../lib/gcc/arm-none-eabi/12.3.1/../../../../arm-none-eabi/lib/thumb/v7e-m+fp/hard\libc_nano.a(libc_a-fwalk.o)
                              C:/ST/STM32CubeIDE_1.15.1/STM32CubeIDE/plugins/com.st.stm32cube.ide.mcu.externaltools.gnu-tools-for-stm32.12.3.rel1.win32_1.0.200.202406191623/tools/bin/../lib/gcc/arm-none-eabi/12.3.1/../../../../arm-none-eabi/lib/thumb/v7e-m+fp/hard\libc_nano.a(libc_a-findfp.o) (_fwalk_sglue)
C:/ST/STM32CubeIDE_1.15.1/STM32CubeIDE/plugins/com.st.stm32cube.ide.mcu.externaltools.gnu-tools-for-stm32.12.3.rel1.win32_1.0.200.202406191623/tools/bin/../lib/gcc/arm-none-eabi/12.3.1/../../../../arm-none-eabi/lib/thumb/v7e-m+fp/hard\libc_nano.a(libc_a-printf.o)
                              ./Example/User/log.o (printf)
C:/ST/STM32CubeIDE_1.15.1/STM32CubeIDE/plugins/com.st.stm32cube.ide.mcu.externaltools.gnu-tools-for-stm32.12.3.rel1.win32_1.0.200.202406191623/tools/bin/../lib/gcc/arm-none-eabi/12.3.1/../../../../arm-none-eabi/lib/thumb/v7e-m+fp/hard\libc_nano.a(libc_a-snprintf.o)
                              ./Example/User/eeprom.o (snprintf)
C:/ST/STM32CubeIDE_1.15.1/STM32CubeIDE/plugins/com.st.stm32cube.ide.mcu.externaltools.gnu-tools-for-stm32.12.3.rel1.win32_1.0.200.202406191623/tools/bin/../lib/gcc/arm-none-eabi/12.3.1/../../../../arm-none-eabi/lib/thumb/v7e-m+fp/hard\libc_nano.a(libc_a-sprintf.o)
                              ./Example/User/audio_play.o (sprintf)
C:/ST/STM32CubeIDE_1.15.1/STM32CubeIDE/plugins/com.st.stm32cube.ide.mcu.externaltools.gnu-tools-for-stm32.12.3.rel1.win32_1.0.200.202406191623/tools/bin/../lib/gcc/arm-none-eabi/12.3.1/../../../../arm-none-eabi/lib/thumb/v7e-m+fp/hard\libc_nano.a(libc_a-stdio.o)
                              C:/ST/STM32CubeIDE_1.15.1/STM32CubeIDE/plugins/com.st.stm32cube.ide.mcu.externaltools.gnu-tools-for-stm32.12.3.rel1.win32_1.0.200.202406191623/tools/bin/../lib/gcc/arm-none-eabi/12.3.1/../../../../arm-none-eabi/lib/thumb/v7e-m+fp/hard\libc_nano.a(libc_a-findfp.o) (__sread)
C:/ST/STM32CubeIDE_1.15.1/STM32CubeIDE/plugins/com.st.stm32cube.ide.mcu.externaltools.gnu-tools-for-stm32.12.3.rel1.win32_1.0.200.202406191623/tools/bin/../lib/gcc/arm-none-eabi/12.3.1/../../../../arm-none-eabi/lib/thumb/v7e-m+fp/hard\libc_nano.a(libc_a-memset.o)
                              C:/ST/STM32CubeIDE_1.15.1/STM32CubeIDE/plugins/com.st.stm32cube.ide.mcu.externaltools.gnu-tools-for-stm32.12.3.rel1.win32_1.0.200.202406191623/tools/bin/../lib/gcc/arm-none-eabi/12.3.1/../../../../arm-none-eabi/lib/thumb/v7e-m+fp/hard/crt0.o (memset)
C:/ST/STM32CubeIDE_1.15.1/STM32CubeIDE/plugins/com.st.stm32cube.ide.mcu.externaltools.gnu-tools-for-stm32.12.3.rel1.win32_1.0.200.202406191623/tools/bin/../lib/gcc/arm-none-eabi/12.3.1/../../../../arm-none-eabi/lib/thumb/v7e-m+fp/hard\libc_nano.a(libc_a-closer.o)
                              C:/ST/STM32CubeIDE_1.15.1/STM32CubeIDE/plugins/com.st.stm32cube.ide.mcu.externaltools.gnu-tools-for-stm32.12.3.rel1.win32_1.0.200.202406191623/tools/bin/../lib/gcc/arm-none-eabi/12.3.1/../../../../arm-none-eabi/lib/thumb/v7e-m+fp/hard\libc_nano.a(libc_a-stdio.o) (_close_r)
C:/ST/STM32CubeIDE_1.15.1/STM32CubeIDE/plugins/com.st.stm32cube.ide.mcu.externaltools.gnu-tools-for-stm32.12.3.rel1.win32_1.0.200.202406191623/tools/bin/../lib/gcc/arm-none-eabi/12.3.1/../../../../arm-none-eabi/lib/thumb/v7e-m+fp/hard\libc_nano.a(libc_a-reent.o)
                              C:/ST/STM32CubeIDE_1.15.1/STM32CubeIDE/plugins/com.st.stm32cube.ide.mcu.externaltools.gnu-tools-for-stm32.12.3.rel1.win32_1.0.200.202406191623/tools/bin/../lib/gcc/arm-none-eabi/12.3.1/../../../../arm-none-eabi/lib/thumb/v7e-m+fp/hard\libc_nano.a(libc_a-closer.o) (errno)
[...]
Memory Configuration

Name             Origin             Length             Attributes
FLASH            0x08000000         0x00100000         xr
RAM              0x20000000         0x00050000         xrw
*default*        0x00000000         0xffffffff

Linker script and memory map

LOAD C:/ST/STM32CubeIDE_1.15.1/STM32CubeIDE/plugins/com.st.stm32cube.ide.mcu.externaltools.gnu-tools-for-stm32.12.3.rel1.win32_1.0.200.202406191623/tools/bin/../lib/gcc/arm-none-eabi/12.3.1/thumb/v7e-m+fp/hard/crti.o
LOAD C:/ST/STM32CubeIDE_1.15.1/STM32CubeIDE/plugins/com.st.stm32cube.ide.mcu.externaltools.gnu-tools-for-stm32.12.3.rel1.win32_1.0.200.202406191623/tools/bin/../lib/gcc/arm-none-eabi/12.3.1/thumb/v7e-m+fp/hard/crtbegin.o
LOAD C:/ST/STM32CubeIDE_1.15.1/STM32CubeIDE/plugins/com.st.stm32cube.ide.mcu.externaltools.gnu-tools-for-stm32.12.3.rel1.win32_1.0.200.202406191623/tools/bin/../lib/gcc/arm-none-eabi/12.3.1/../../../../arm-none-eabi/lib/thumb/v7e-m+fp/hard/crt0.o
LOAD ./Drivers/BSP/Components/ft5336.o
LOAD ./Drivers/BSP/Components/ov9655.o
LOAD ./Drivers/BSP/Components/wm8994.o
LOAD ./Drivers/BSP/STM32746G_DISCOVERY/stm32746g_discovery.o
LOAD ./Drivers/BSP/STM32746G_DISCOVERY/stm32746g_discovery_audio.o
LOAD ./Drivers/BSP/STM32746G_DISCOVERY/stm32746g_discovery_camera.o
LOAD ./Drivers/BSP/STM32746G_DISCOVERY/stm32746g_discovery_eeprom.o
LOAD ./Drivers/BSP/STM32746G_DISCOVERY/stm32746g_discovery_lcd.o
LOAD ./Drivers/BSP/STM32746G_DISCOVERY/stm32746g_discovery_qspi.o
LOAD ./Drivers/BSP/STM32746G_DISCOVERY/stm32746g_discovery_sd.o
LOAD ./Drivers/BSP/STM32746G_DISCOVERY/stm32746g_discovery_sdram.o
LOAD ./Drivers/BSP/STM32746G_DISCOVERY/stm32746g_discovery_ts.o
LOAD ./Drivers/CMSIS/system_stm32f7xx.o
LOAD ./Drivers/STM32F7xx_HAL_Driver/stm32f7xx_hal.o
LOAD ./Drivers/STM32F7xx_HAL_Driver/stm32f7xx_hal_cortex.o
LOAD ./Drivers/STM32F7xx_HAL_Driver/stm32f7xx_hal_dcmi.o
LOAD ./Drivers/STM32F7xx_HAL_Driver/stm32f7xx_hal_dma.o
LOAD ./Drivers/STM32F7xx_HAL_Driver/stm32f7xx_hal_dma2d.o
LOAD ./Drivers/STM32F7xx_HAL_Driver/stm32f7xx_hal_dma_ex.o
LOAD ./Drivers/STM32F7xx_HAL_Driver/stm32f7xx_hal_flash.o
LOAD ./Drivers/STM32F7xx_HAL_Driver/stm32f7xx_hal_flash_ex.o
LOAD ./Drivers/STM32F7xx_HAL_Driver/stm32f7xx_hal_gpio.o
LOAD ./Drivers/STM32F7xx_HAL_Driver/stm32f7xx_hal_i2c.o
LOAD ./Drivers/STM32F7xx_HAL_Driver/stm32f7xx_hal_i2s.o
LOAD ./Drivers/STM32F7xx_HAL_Driver/stm32f7xx_hal_ltdc.o
LOAD ./Drivers/STM32F7xx_HAL_Driver/stm32f7xx_hal_nor.o
LOAD ./Drivers/STM32F7xx_HAL_Driver/stm32f7xx_hal_pwr.o
LOAD ./Drivers/STM32F7xx_HAL_Driver/stm32f7xx_hal_pwr_ex.o
LOAD ./Drivers/STM32F7xx_HAL_Driver/stm32f7xx_hal_qspi.o
LOAD ./Drivers/STM32F7xx_HAL_Driver/stm32f7xx_hal_rcc.o
LOAD ./Drivers/STM32F7xx_HAL_Driver/stm32f7xx_hal_rcc_ex.o
LOAD ./Drivers/STM32F7xx_HAL_Driver/stm32f7xx_hal_sai.o
LOAD ./Drivers/STM32F7xx_HAL_Driver/stm32f7xx_hal_sai_ex.o
LOAD ./Drivers/STM32F7xx_HAL_Driver/stm32f7xx_hal_sd.o
LOAD ./Drivers/STM32F7xx_HAL_Driver/stm32f7xx_hal_sdram.o
LOAD ./Drivers/STM32F7xx_HAL_Driver/stm32f7xx_hal_sram.o
LOAD ./Drivers/STM32F7xx_HAL_Driver/stm32f7xx_hal_tim.o
LOAD ./Drivers/STM32F7xx_HAL_Driver/stm32f7xx_hal_tim_ex.o
LOAD ./Drivers/STM32F7xx_HAL_Driver/stm32f7xx_hal_uart.o
LOAD ./Drivers/STM32F7xx_HAL_Driver/stm32f7xx_ll_fmc.o
LOAD ./Drivers/STM32F7xx_HAL_Driver/stm32f7xx_ll_sdmmc.o
LOAD ./Example/SW4STM32/startup_stm32f746xx.o
LOAD ./Example/SW4STM32/syscalls.o
LOAD ./Example/User/audio_loopback.o
LOAD ./Example/User/audio_play.o
LOAD ./Example/User/audio_rec.o
LOAD ./Example/User/camera.o
LOAD ./Example/User/eeprom.o
LOAD ./Example/User/lcd.o
LOAD ./Example/User/log.o
LOAD ./Example/User/main.o
LOAD ./Example/User/qspi.o
LOAD ./Example/User/sd.o
LOAD ./Example/User/sdram.o
LOAD ./Example/User/sdram_dma.o
LOAD ./Example/User/stm32f7xx_it.o
LOAD ./Example/User/touchscreen.o
LOAD ./Utilities/lcd_log.o
START GROUP
LOAD C:/ST/STM32CubeIDE_1.15.1/STM32CubeIDE/plugins/com.st.stm32cube.ide.mcu.externaltools.gnu-tools-for-stm32.12.3.rel1.win32_1.0.200.202406191623/tools/bin/../lib/gcc/arm-none-eabi/12.3.1/../../../../arm-none-eabi/lib/thumb/v7e-m+fp/hard\libc_nano.a
LOAD C:/ST/STM32CubeIDE_1.15.1/STM32CubeIDE/plugins/com.st.stm32cube.ide.mcu.externaltools.gnu-tools-for-stm32.12.3.rel1.win32_1.0.200.202406191623/tools/bin/../lib/gcc/arm-none-eabi/12.3.1/../../../../arm-none-eabi/lib/thumb/v7e-m+fp/hard\libm.a
END GROUP
START GROUP
LOAD C:/ST/STM32CubeIDE_1.15.1/STM32CubeIDE/plugins/com.st.stm32cube.ide.mcu.externaltools.gnu-tools-for-stm32.12.3.rel1.win32_1.0.200.202406191623/tools/bin/../lib/gcc/arm-none-eabi/12.3.1/thumb/v7e-m+fp/hard\libgcc.a
LOAD C:/ST/STM32CubeIDE_1.15.1/STM32CubeIDE/plugins/com.st.stm32cube.ide.mcu.externaltools.gnu-tools-for-stm32.12.3.rel1.win32_1.0.200.202406191623/tools/bin/../lib/gcc/arm-none-eabi/12.3.1/../../../../arm-none-eabi/lib/thumb/v7e-m+fp/hard\libc_nano.a
END GROUP
START GROUP
LOAD C:/ST/STM32CubeIDE_1.15.1/STM32CubeIDE/plugins/com.st.stm32cube.ide.mcu.externaltools.gnu-tools-for-stm32.12.3.rel1.win32_1.0.200.202406191623/tools/bin/../lib/gcc/arm-none-eabi/12.3.1/thumb/v7e-m+fp/hard\libgcc.a
LOAD C:/ST/STM32CubeIDE_1.15.1/STM32CubeIDE/plugins/com.st.stm32cube.ide.mcu.externaltools.gnu-tools-for-stm32.12.3.rel1.win32_1.0.200.202406191623/tools/bin/../lib/gcc/arm-none-eabi/12.3.1/../../../../arm-none-eabi/lib/thumb/v7e-m+fp/hard\libc_nano.a
LOAD C:/ST/STM32CubeIDE_1.15.1/STM32CubeIDE/plugins/com.st.stm32cube.ide.mcu.externaltools.gnu-tools-for-stm32.12.3.rel1.win32_1.0.200.202406191623/tools/bin/../lib/gcc/arm-none-eabi/12.3.1/../../../../arm-none-eabi/lib/thumb/v7e-m+fp/hard\libnosys.a
END GROUP
START GROUP
LOAD C:/ST/STM32CubeIDE_1.15.1/STM32CubeIDE/plugins/com.st.stm32cube.ide.mcu.externaltools.gnu-tools-for-stm32.12.3.rel1.win32_1.0.200.202406191623/tools/bin/../lib/gcc/arm-none-eabi/12.3.1/thumb/v7e-m+fp/hard\libgcc.a
LOAD C:/ST/STM32CubeIDE_1.15.1/STM32CubeIDE/plugins/com.st.stm32cube.ide.mcu.externaltools.gnu-tools-for-stm32.12.3.rel1.win32_1.0.200.202406191623/tools/bin/../lib/gcc/arm-none-eabi/12.3.1/../../../../arm-none-eabi/lib/thumb/v7e-m+fp/hard\libc_nano.a
LOAD C:/ST/STM32CubeIDE_1.15.1/STM32CubeIDE/plugins/com.st.stm32cube.ide.mcu.externaltools.gnu-tools-for-stm32.12.3.rel1.win32_1.0.200.202406191623/tools/bin/../lib/gcc/arm-none-eabi/12.3.1/../../../../arm-none-eabi/lib/thumb/v7e-m+fp/hard\libnosys.a
END GROUP
LOAD C:/ST/STM32CubeIDE_1.15.1/STM32CubeIDE/plugins/com.st.stm32cube.ide.mcu.externaltools.gnu-tools-for-stm32.12.3.rel1.win32_1.0.200.202406191623/tools/bin/../lib/gcc/arm-none-eabi/12.3.1/thumb/v7e-m+fp/hard/crtend.o
LOAD C:/ST/STM32CubeIDE_1.15.1/STM32CubeIDE/plugins/com.st.stm32cube.ide.mcu.externaltools.gnu-tools-for-stm32.12.3.rel1.win32_1.0.200.202406191623/tools/bin/../lib/gcc/arm-none-eabi/12.3.1/thumb/v7e-m+fp/hard/crtn.o
                0x20050000                        _estack = 0x20050000
                0x00000200                        _Min_Heap_Size = 0x200
                0x00000400                        _Min_Stack_Size = 0x400

.isr_vector     0x08000000      0x1c8
                0x08000000                        . = ALIGN (0x4)
 *(.isr_vector)
 .isr_vector    0x08000000      0x1c8 ./Example/SW4STM32/startup_stm32f746xx.o
                0x08000000                g_pfnVectors
                0x080001c8                        . = ALIGN (0x4)

.text           0x080001d0     0xb82c
                0x080001d0                        . = ALIGN (0x4)
 *(.text)
 .text          0x080001d0       0x40 C:/ST/STM32CubeIDE_1.15.1/STM32CubeIDE/plugins/com.st.stm32cube.ide.mcu.externaltools.gnu-tools-for-stm32.12.3.rel1.win32_1.0.200.202406191623/tools/bin/../lib/gcc/arm-none-eabi/12.3.1/thumb/v7e-m+fp/hard/crtbegin.o
 .text          0x08000210       0x10 C:/ST/STM32CubeIDE_1.15.1/STM32CubeIDE/plugins/com.st.stm32cube.ide.mcu.externaltools.gnu-tools-for-stm32.12.3.rel1.win32_1.0.200.202406191623/tools/bin/../lib/gcc/arm-none-eabi/12.3.1/../../../../arm-none-eabi/lib/thumb/v7e-m+fp/hard\libc_nano.a(libc_a-strlen.o)
                0x08000210                strlen
 .text          0x08000220       0xa0 C:/ST/STM32CubeIDE_1.15.1/STM32CubeIDE/plugins/com.st.stm32cube.ide.mcu.externaltools.gnu-tools-for-stm32.12.3.rel1.win32_1.0.200.202406191623/tools/bin/../lib/gcc/arm-none-eabi/12.3.1/../../../../arm-none-eabi/lib/thumb/v7e-m+fp/hard\libc_nano.a(libc_a-memchr.o)
                0x08000220                memchr
 .text          0x080002c0       0x30 C:/ST/STM32CubeIDE_1.15.1/STM32CubeIDE/plugins/com.st.stm32cube.ide.mcu.externaltools.gnu-tools-for-stm32.12.3.rel1.win32_1.0.200.202406191623/tools/bin/../lib/gcc/arm-none-eabi/12.3.1/thumb/v7e-m+fp/hard\libgcc.a(_aeabi_uldivmod.o)
                0x080002c0                __aeabi_uldivmod
 .text          0x080002f0      0x2bc C:/ST/STM32CubeIDE_1.15.1/STM32CubeIDE/plugins/com.st.stm32cube.ide.mcu.externaltools.gnu-tools-for-stm32.12.3.rel1.win32_1.0.200.202406191623/tools/bin/../lib/gcc/arm-none-eabi/12.3.1/thumb/v7e-m+fp/hard\libgcc.a(_udivmoddi4.o)
                0x080002f0                __udivmoddi4
 .text          0x080005ac        0x4 C:/ST/STM32CubeIDE_1.15.1/STM32CubeIDE/plugins/com.st.stm32cube.ide.mcu.externaltools.gnu-tools-for-stm32.12.3.rel1.win32_1.0.200.202406191623/tools/bin/../lib/gcc/arm-none-eabi/12.3.1/thumb/v7e-m+fp/hard\libgcc.a(_dvmd_tls.o)
                0x080005ac                __aeabi_idiv0
                0x080005ac                __aeabi_ldiv0
 *(.text*)
 .text.ft5336_Reset
                0x080005b0        0x2 ./Drivers/BSP/Components/ft5336.o
                0x080005b0                ft5336_Reset
 .text.ft5336_TS_ITStatus
                0x080005b2        0x4 ./Drivers/BSP/Components/ft5336.o
                0x080005b2                ft5336_TS_ITStatus
 *fill*         0x080005b6        0x2 
 .text.ft5336_TS_DetectTouch
                0x080005b8       0x44 ./Drivers/BSP/Components/ft5336.o
                0x080005b8                ft5336_TS_DetectTouch
 .text.ft5336_TS_GetXY
                0x080005fc       0xb8 ./Drivers/BSP/Components/ft5336.o
                0x080005fc                ft5336_TS_GetXY
 .text.ft5336_TS_EnableIT
                0x080006b4        0xa ./Drivers/BSP/Components/ft5336.o
                0x080006b4                ft5336_TS_EnableIT
 .text.ft5336_TS_DisableIT
                0x080006be        0xa ./Drivers/BSP/Components/ft5336.o
                0x080006be                ft5336_TS_DisableIT
 .text.ft5336_TS_Start
                0x080006c8        0x4 ./Drivers/BSP/Components/ft5336.o
                0x080006c8                ft5336_TS_Start
 .text.ft5336_Init
                0x080006cc       0x1c ./Drivers/BSP/Components/ft5336.o
                0x080006cc                ft5336_Init
 .text.ft5336_TS_ClearIT
                0x080006e8        0x2 ./Drivers/BSP/Components/ft5336.o
                0x080006e8                ft5336_TS_ClearIT
 *fill*         0x080006ea        0x2 
 .text.ft5336_ReadID
                0x080006ec       0x48 ./Drivers/BSP/Components/ft5336.o
                0x080006ec                ft5336_ReadID
 .text.ft5336_TS_GetGestureID
                0x08000734       0x20 ./Drivers/BSP/Components/ft5336.o
                0x08000734                ft5336_TS_GetGestureID
 .text.ft5336_TS_GetTouchInfo
                0x08000754       0x80 ./Drivers/BSP/Components/ft5336.o
                0x08000754                ft5336_TS_GetTouchInfo
 .text.wm8994_SetOutputMode
                0x080007d4       0x9c ./Drivers/BSP/Components/wm8994.o
                0x080007d4                wm8994_SetOutputMode
 .text.wm8994_SetFrequency
                0x08000870       0x64 ./Drivers/BSP/Components/wm8994.o
                0x08000870                wm8994_SetFrequency
 .text.wm8994_Reset
                0x080008d4       0x1c ./Drivers/BSP/Components/wm8994.o
                0x080008d4                wm8994_Reset
 .text.wm8994_DeInit
                0x080008f0        0x4 ./Drivers/BSP/Components/wm8994.o
                0x080008f0                wm8994_DeInit
 .text.wm8994_ReadID
                0x080008f4       0x12 ./Drivers/BSP/Components/wm8994.o
                0x080008f4                wm8994_ReadID
 *fill*         0x08000906        0x2 
 .text.wm8994_SetMute
                0x08000908       0x44 ./Drivers/BSP/Components/wm8994.o
                0x08000908                wm8994_SetMute
 .text.wm8994_Play
                0x0800094c        0x6 ./Drivers/BSP/Components/wm8994.o
                0x0800094c                wm8994_Play
 .text.wm8994_Resume
                0x08000952        0x6 ./Drivers/BSP/Components/wm8994.o
                0x08000952                wm8994_Resume
 .text.wm8994_Pause
                0x08000958       0x1a ./Drivers/BSP/Components/wm8994.o
                0x08000958                wm8994_Pause
 *fill*         0x08000972        0x2 
 .text.wm8994_SetVolume
                0x08000974      0x104 ./Drivers/BSP/Components/wm8994.o
                0x08000974                wm8994_SetVolume
 .text.wm8994_Init
                0x08000a78      0x560 ./Drivers/BSP/Components/wm8994.o
                0x08000a78                wm8994_Init
 .text.wm8994_Stop
                0x08000fd8       0x6c ./Drivers/BSP/Components/wm8994.o
                0x08000fd8                wm8994_Stop
 .text.I2Cx_Init
                0x08001044      0x15c ./Drivers/BSP/STM32746G_DISCOVERY/stm32746g_discovery.o
 .text.I2Cx_WriteMultiple
                0x080011a0       0x30 ./Drivers/BSP/STM32746G_DISCOVERY/stm32746g_discovery.o
 .text.I2Cx_ReadMultiple
                0x080011d0       0x30 ./Drivers/BSP/STM32746G_DISCOVERY/stm32746g_discovery.o
 .text.BSP_LED_Init
                0x08001200       0x48 ./Drivers/BSP/STM32746G_DISCOVERY/stm32746g_discovery.o
                0x08001200                BSP_LED_Init
 .text.BSP_PB_Init
                0x08001248       0xa4 ./Drivers/BSP/STM32746G_DISCOVERY/stm32746g_discovery.o
                0x08001248                BSP_PB_Init
 .text.BSP_PB_GetState
                0x080012ec       0x1c ./Drivers/BSP/STM32746G_DISCOVERY/stm32746g_discovery.o
                0x080012ec                BSP_PB_GetState
 .text.AUDIO_IO_Init
                0x08001308        0xc ./Drivers/BSP/STM32746G_DISCOVERY/stm32746g_discovery.o
                0x08001308                AUDIO_IO_Init
 .text.AUDIO_IO_DeInit
                0x08001314        0x2 ./Drivers/BSP/STM32746G_DISCOVERY/stm32746g_discovery.o
                0x08001314                AUDIO_IO_DeInit
 *fill*         0x08001316        0x2 
 .text.AUDIO_IO_Write
                0x08001318       0x28 ./Drivers/BSP/STM32746G_DISCOVERY/stm32746g_discovery.o
                0x08001318                AUDIO_IO_Write
 .text.AUDIO_IO_Read
                0x08001340       0x30 ./Drivers/BSP/STM32746G_DISCOVERY/stm32746g_discovery.o
                0x08001340                AUDIO_IO_Read
 .text.AUDIO_IO_Delay
                0x08001370        0x4 ./Drivers/BSP/STM32746G_DISCOVERY/stm32746g_discovery.o
                0x08001370                AUDIO_IO_Delay
 .text.CAMERA_IO_Init
                0x08001374        0xc ./Drivers/BSP/STM32746G_DISCOVERY/stm32746g_discovery.o
                0x08001374                CAMERA_IO_Init
 .text.EEPROM_IO_Init
                0x08001380        0x4 ./Drivers/BSP/STM32746G_DISCOVERY/stm32746g_discovery.o
                0x08001380                EEPROM_IO_Init
 .text.EEPROM_IO_WriteData
                0x08001384       0x20 ./Drivers/BSP/STM32746G_DISCOVERY/stm32746g_discovery.o
                0x08001384                EEPROM_IO_WriteData
 .text.EEPROM_IO_ReadData
                0x080013a4       0x20 ./Drivers/BSP/STM32746G_DISCOVERY/stm32746g_discovery.o
                0x080013a4                EEPROM_IO_ReadData
 .text.EEPROM_IO_IsDeviceReady
                0x080013c4       0x14 ./Drivers/BSP/STM32746G_DISCOVERY/stm32746g_discovery.o
                0x080013c4                EEPROM_IO_IsDeviceReady
 .text.TS_IO_Init
                0x080013d8        0x4 ./Drivers/BSP/STM32746G_DISCOVERY/stm32746g_discovery.o
                0x080013d8                TS_IO_Init
 .text.TS_IO_Write
                0x080013dc       0x24 ./Drivers/BSP/STM32746G_DISCOVERY/stm32746g_discovery.o
                0x080013dc                TS_IO_Write
 .text.TS_IO_Read
                0x08001400       0x2c ./Drivers/BSP/STM32746G_DISCOVERY/stm32746g_discovery.o
                0x08001400                TS_IO_Read
 .text.TS_IO_Delay
                0x0800142c        0x4 ./Drivers/BSP/STM32746G_DISCOVERY/stm32746g_discovery.o
                0x0800142c                TS_IO_Delay
 .text.SAIx_Out_DeInit
                0x08001430       0x20 ./Drivers/BSP/STM32746G_DISCOVERY/stm32746g_discovery_audio.o
 .text.SAIx_In_DeInit
                0x08001450       0x24 ./Drivers/BSP/STM32746G_DISCOVERY/stm32746g_discovery_audio.o
 .text.SAIx_In_Init
                0x08001474       0xec ./Drivers/BSP/STM32746G_DISCOVERY/stm32746g_discovery_audio.o
 .text.BSP_AUDIO_OUT_Play
                0x08001560       0x3c ./Drivers/BSP/STM32746G_DISCOVERY/stm32746g_discovery_audio.o
                0x08001560                BSP_AUDIO_OUT_Play
 .text.BSP_AUDIO_OUT_Pause
                0x0800159c       0x24 ./Drivers/BSP/STM32746G_DISCOVERY/stm32746g_discovery_audio.o
                0x0800159c                BSP_AUDIO_OUT_Pause
 .text.BSP_AUDIO_OUT_Resume
                0x080015c0       0x24 ./Drivers/BSP/STM32746G_DISCOVERY/stm32746g_discovery_audio.o
                0x080015c0                BSP_AUDIO_OUT_Resume
 .text.BSP_AUDIO_OUT_Stop
                0x080015e4       0x30 ./Drivers/BSP/STM32746G_DISCOVERY/stm32746g_discovery_audio.o
                0x080015e4                BSP_AUDIO_OUT_Stop
 .text.BSP_AUDIO_OUT_SetVolume
                0x08001614       0x1c ./Drivers/BSP/STM32746G_DISCOVERY/stm32746g_discovery_audio.o
                0x08001614                BSP_AUDIO_OUT_SetVolume
 .text.BSP_AUDIO_OUT_SetAudioFrameSlot
                0x08001630       0x28 ./Drivers/BSP/STM32746G_DISCOVERY/stm32746g_discovery_audio.o
                0x08001630                BSP_AUDIO_OUT_SetAudioFrameSlot
 .text.HAL_SAI_TxCpltCallback
                0x08001658        0x8 ./Drivers/BSP/STM32746G_DISCOVERY/stm32746g_discovery_audio.o
                0x08001658                HAL_SAI_TxCpltCallback
 .text.HAL_SAI_TxHalfCpltCallback
                0x08001660        0x8 ./Drivers/BSP/STM32746G_DISCOVERY/stm32746g_discovery_audio.o
                0x08001660                HAL_SAI_TxHalfCpltCallback
 .text.BSP_AUDIO_OUT_MspInit
                0x08001668      0x150 ./Drivers/BSP/STM32746G_DISCOVERY/stm32746g_discovery_audio.o
                0x08001668                BSP_AUDIO_OUT_MspInit
 .text.BSP_AUDIO_OUT_MspDeInit
                0x080017b8       0x5c ./Drivers/BSP/STM32746G_DISCOVERY/stm32746g_discovery_audio.o
                0x080017b8                BSP_AUDIO_OUT_MspDeInit
 .text.BSP_AUDIO_OUT_DeInit
                0x08001814       0x14 ./Drivers/BSP/STM32746G_DISCOVERY/stm32746g_discovery_audio.o
                0x08001814                BSP_AUDIO_OUT_DeInit
 .text.BSP_AUDIO_OUT_ClockConfig
                0x08001828       0x62 ./Drivers/BSP/STM32746G_DISCOVERY/stm32746g_discovery_audio.o
                0x08001828                BSP_AUDIO_OUT_ClockConfig
 *fill*         0x0800188a        0x2 
 .text.BSP_AUDIO_OUT_Init
                0x0800188c       0xd4 ./Drivers/BSP/STM32746G_DISCOVERY/stm32746g_discovery_audio.o
                0x0800188c                BSP_AUDIO_OUT_Init
 .text.BSP_AUDIO_OUT_SetFrequency
                0x08001960       0x34 ./Drivers/BSP/STM32746G_DISCOVERY/stm32746g_discovery_audio.o
                0x08001960                BSP_AUDIO_OUT_SetFrequency
 .text.BSP_AUDIO_IN_Record
                0x08001994       0x14 ./Drivers/BSP/STM32746G_DISCOVERY/stm32746g_discovery_audio.o
                0x08001994                BSP_AUDIO_IN_Record
 .text.BSP_AUDIO_IN_Stop
                0x080019a8       0x34 ./Drivers/BSP/STM32746G_DISCOVERY/stm32746g_discovery_audio.o
                0x080019a8                BSP_AUDIO_IN_Stop
 .text.HAL_SAI_RxCpltCallback
                0x080019dc        0x8 ./Drivers/BSP/STM32746G_DISCOVERY/stm32746g_discovery_audio.o
                0x080019dc                HAL_SAI_RxCpltCallback
 .text.HAL_SAI_RxHalfCpltCallback
                0x080019e4        0x8 ./Drivers/BSP/STM32746G_DISCOVERY/stm32746g_discovery_audio.o
                0x080019e4                HAL_SAI_RxHalfCpltCallback
 .text.HAL_SAI_ErrorCallback
                0x080019ec       0x34 ./Drivers/BSP/STM32746G_DISCOVERY/stm32746g_discovery_audio.o
                0x080019ec                HAL_SAI_ErrorCallback
 .text.BSP_AUDIO_IN_MspInit
                0x08001a20      0x114 ./Drivers/BSP/STM32746G_DISCOVERY/stm32746g_discovery_audio.o
                0x08001a20                BSP_AUDIO_IN_MspInit
 .text.BSP_AUDIO_IN_InitEx
                0x08001b34       0x94 ./Drivers/BSP/STM32746G_DISCOVERY/stm32746g_discovery_audio.o
                0x08001b34                BSP_AUDIO_IN_InitEx
 .text.BSP_AUDIO_IN_Init
                0x08001bc8        0xe ./Drivers/BSP/STM32746G_DISCOVERY/stm32746g_discovery_audio.o
                0x08001bc8                BSP_AUDIO_IN_Init
 *fill*         0x08001bd6        0x2 
 .text.BSP_AUDIO_IN_OUT_Init
                0x08001bd8       0x98 ./Drivers/BSP/STM32746G_DISCOVERY/stm32746g_discovery_audio.o
                0x08001bd8                BSP_AUDIO_IN_OUT_Init
 .text.BSP_EEPROM_Init
                0x08001c70       0x38 ./Drivers/BSP/STM32746G_DISCOVERY/stm32746g_discovery_eeprom.o
                0x08001c70                BSP_EEPROM_Init
 .text.BSP_EEPROM_ReadBuffer
                0x08001ca8       0x20 ./Drivers/BSP/STM32746G_DISCOVERY/stm32746g_discovery_eeprom.o
                0x08001ca8                BSP_EEPROM_ReadBuffer
 .text.BSP_EEPROM_WaitEepromStandbyState
                0x08001cc8       0x20 ./Drivers/BSP/STM32746G_DISCOVERY/stm32746g_discovery_eeprom.o
                0x08001cc8                BSP_EEPROM_WaitEepromStandbyState
 .text.BSP_EEPROM_WritePage
                0x08001ce8       0x30 ./Drivers/BSP/STM32746G_DISCOVERY/stm32746g_discovery_eeprom.o
                0x08001ce8                BSP_EEPROM_WritePage
 .text.BSP_EEPROM_WriteBuffer
                0x08001d18      0x104 ./Drivers/BSP/STM32746G_DISCOVERY/stm32746g_discovery_eeprom.o
                0x08001d18                BSP_EEPROM_WriteBuffer
 .text.LL_FillBuffer
                0x08001e1c       0x78 ./Drivers/BSP/STM32746G_DISCOVERY/stm32746g_discovery_lcd.o
 .text.BSP_LCD_GetXSize
                0x08001e94       0x18 ./Drivers/BSP/STM32746G_DISCOVERY/stm32746g_discovery_lcd.o
                0x08001e94                BSP_LCD_GetXSize
 .text.BSP_LCD_GetYSize
                0x08001eac       0x18 ./Drivers/BSP/STM32746G_DISCOVERY/stm32746g_discovery_lcd.o
                0x08001eac                BSP_LCD_GetYSize
 .text.BSP_LCD_LayerDefaultInit
                0x08001ec4       0x78 ./Drivers/BSP/STM32746G_DISCOVERY/stm32746g_discovery_lcd.o
                0x08001ec4                BSP_LCD_LayerDefaultInit
 .text.BSP_LCD_SelectLayer
                0x08001f3c        0xc ./Drivers/BSP/STM32746G_DISCOVERY/stm32746g_discovery_lcd.o
                0x08001f3c                BSP_LCD_SelectLayer
 .text.BSP_LCD_SetTextColor
                0x08001f48       0x18 ./Drivers/BSP/STM32746G_DISCOVERY/stm32746g_discovery_lcd.o
                0x08001f48                BSP_LCD_SetTextColor
 .text.BSP_LCD_SetBackColor
                0x08001f60       0x18 ./Drivers/BSP/STM32746G_DISCOVERY/stm32746g_discovery_lcd.o
                0x08001f60                BSP_LCD_SetBackColor
 .text.BSP_LCD_SetFont
                0x08001f78       0x18 ./Drivers/BSP/STM32746G_DISCOVERY/stm32746g_discovery_lcd.o
                0x08001f78                BSP_LCD_SetFont
 .text.BSP_LCD_GetFont
                0x08001f90       0x18 ./Drivers/BSP/STM32746G_DISCOVERY/stm32746g_discovery_lcd.o
                0x08001f90                BSP_LCD_GetFont
 .text.BSP_LCD_Clear
                0x08001fa8       0x38 ./Drivers/BSP/STM32746G_DISCOVERY/stm32746g_discovery_lcd.o
                0x08001fa8                BSP_LCD_Clear
 .text.BSP_LCD_DrawHLine
                0x08001fe0       0x5c ./Drivers/BSP/STM32746G_DISCOVERY/stm32746g_discovery_lcd.o
                0x08001fe0                BSP_LCD_DrawHLine
 .text.BSP_LCD_DrawVLine
                0x0800203c       0x60 ./Drivers/BSP/STM32746G_DISCOVERY/stm32746g_discovery_lcd.o
                0x0800203c                BSP_LCD_DrawVLine
 .text.BSP_LCD_DrawRect
                0x0800209c       0x34 ./Drivers/BSP/STM32746G_DISCOVERY/stm32746g_discovery_lcd.o
                0x0800209c                BSP_LCD_DrawRect
 .text.BSP_LCD_DrawPixel
                0x080020d0       0x40 ./Drivers/BSP/STM32746G_DISCOVERY/stm32746g_discovery_lcd.o
                0x080020d0                BSP_LCD_DrawPixel
 .text.BSP_LCD_DisplayChar
                0x08002110       0xb8 ./Drivers/BSP/STM32746G_DISCOVERY/stm32746g_discovery_lcd.o
                0x08002110                BSP_LCD_DisplayChar
 .text.BSP_LCD_DisplayStringAt
                0x080021c8       0xa8 ./Drivers/BSP/STM32746G_DISCOVERY/stm32746g_discovery_lcd.o
                0x080021c8                BSP_LCD_DisplayStringAt
 .text.BSP_LCD_DisplayStringAtLine
                0x08002270       0x20 ./Drivers/BSP/STM32746G_DISCOVERY/stm32746g_discovery_lcd.o
                0x08002270                BSP_LCD_DisplayStringAtLine
 .text.BSP_LCD_DrawLine
                0x08002290       0xd4 ./Drivers/BSP/STM32746G_DISCOVERY/stm32746g_discovery_lcd.o
                0x08002290                BSP_LCD_DrawLine
 .text.BSP_LCD_DrawPolygon
                0x08002364       0x44 ./Drivers/BSP/STM32746G_DISCOVERY/stm32746g_discovery_lcd.o
                0x08002364                BSP_LCD_DrawPolygon
 .text.FillTriangle
                0x080023a8       0xcc ./Drivers/BSP/STM32746G_DISCOVERY/stm32746g_discovery_lcd.o
 .text.BSP_LCD_DrawCircle
                0x08002474       0xe0 ./Drivers/BSP/STM32746G_DISCOVERY/stm32746g_discovery_lcd.o
                0x08002474                BSP_LCD_DrawCircle
 .text.BSP_LCD_DrawEllipse
                0x08002554       0xd0 ./Drivers/BSP/STM32746G_DISCOVERY/stm32746g_discovery_lcd.o
                0x08002554                BSP_LCD_DrawEllipse
 .text.BSP_LCD_DrawBitmap
                0x08002624       0xd8 ./Drivers/BSP/STM32746G_DISCOVERY/stm32746g_discovery_lcd.o
                0x08002624                BSP_LCD_DrawBitmap
 .text.BSP_LCD_FillRect
                0x080026fc       0x78 ./Drivers/BSP/STM32746G_DISCOVERY/stm32746g_discovery_lcd.o
                0x080026fc                BSP_LCD_FillRect
 .text.BSP_LCD_ClearStringLine
                0x08002774       0x50 ./Drivers/BSP/STM32746G_DISCOVERY/stm32746g_discovery_lcd.o
                0x08002774                BSP_LCD_ClearStringLine
 .text.BSP_LCD_FillCircle
                0x080027c4       0xd8 ./Drivers/BSP/STM32746G_DISCOVERY/stm32746g_discovery_lcd.o
                0x080027c4                BSP_LCD_FillCircle
 .text.BSP_LCD_FillPolygon
                0x0800289c       0xe6 ./Drivers/BSP/STM32746G_DISCOVERY/stm32746g_discovery_lcd.o
                0x0800289c                BSP_LCD_FillPolygon
 .text.BSP_LCD_FillEllipse
                0x08002982       0xa8 ./Drivers/BSP/STM32746G_DISCOVERY/stm32746g_discovery_lcd.o
                0x08002982                BSP_LCD_FillEllipse
 *fill*         0x08002a2a        0x2 
 .text.BSP_LCD_MspInit
                0x08002a2c      0x148 ./Drivers/BSP/STM32746G_DISCOVERY/stm32746g_discovery_lcd.o
                0x08002a2c                BSP_LCD_MspInit
 .text.BSP_LCD_ClockConfig
                0x08002b74       0x24 ./Drivers/BSP/STM32746G_DISCOVERY/stm32746g_discovery_lcd.o
                0x08002b74                BSP_LCD_ClockConfig
 .text.BSP_LCD_Init
                0x08002b98       0xb0 ./Drivers/BSP/STM32746G_DISCOVERY/stm32746g_discovery_lcd.o
                0x08002b98                BSP_LCD_Init
 .text.QSPI_AutoPollingMemReady.constprop.0
                0x08002c48       0x54 ./Drivers/BSP/STM32746G_DISCOVERY/stm32746g_discovery_qspi.o
 .text.QSPI_WriteEnable.constprop.0
                0x08002c9c       0x70 ./Drivers/BSP/STM32746G_DISCOVERY/stm32746g_discovery_qspi.o
 .text.BSP_QSPI_Read
                0x08002d0c       0x7c ./Drivers/BSP/STM32746G_DISCOVERY/stm32746g_discovery_qspi.o
                0x08002d0c                BSP_QSPI_Read
 .text.BSP_QSPI_Write
                0x08002d88       0x98 ./Drivers/BSP/STM32746G_DISCOVERY/stm32746g_discovery_qspi.o
                0x08002d88                BSP_QSPI_Write
 .text.BSP_QSPI_Erase_Block
                0x08002e20       0x5c ./Drivers/BSP/STM32746G_DISCOVERY/stm32746g_discovery_qspi.o
                0x08002e20                BSP_QSPI_Erase_Block
 .text.BSP_QSPI_GetInfo
                0x08002e7c       0x1e ./Drivers/BSP/STM32746G_DISCOVERY/stm32746g_discovery_qspi.o
                0x08002e7c                BSP_QSPI_GetInfo
 *fill*         0x08002e9a        0x2 
 .text.BSP_QSPI_MspInit
                0x08002e9c      0x124 ./Drivers/BSP/STM32746G_DISCOVERY/stm32746g_discovery_qspi.o
                0x08002e9c                BSP_QSPI_MspInit
 .text.BSP_QSPI_Init
                0x08002fc0      0x130 ./Drivers/BSP/STM32746G_DISCOVERY/stm32746g_discovery_qspi.o
                0x08002fc0                BSP_QSPI_Init
 .text.BSP_SD_IsDetected
                0x080030f0       0x2c ./Drivers/BSP/STM32746G_DISCOVERY/stm32746g_discovery_sd.o
                0x080030f0                BSP_SD_IsDetected
 .text.BSP_SD_ReadBlocks
                0x0800311c       0x20 ./Drivers/BSP/STM32746G_DISCOVERY/stm32746g_discovery_sd.o
                0x0800311c                BSP_SD_ReadBlocks
 .text.BSP_SD_WriteBlocks
                0x0800313c       0x20 ./Drivers/BSP/STM32746G_DISCOVERY/stm32746g_discovery_sd.o
                0x0800313c                BSP_SD_WriteBlocks
 .text.BSP_SD_Erase
                0x0800315c       0x18 ./Drivers/BSP/STM32746G_DISCOVERY/stm32746g_discovery_sd.o
                0x0800315c                BSP_SD_Erase
 .text.BSP_SD_MspInit
                0x08003174      0x17c ./Drivers/BSP/STM32746G_DISCOVERY/stm32746g_discovery_sd.o
                0x08003174                BSP_SD_MspInit
 .text.BSP_SD_Detect_MspInit
                0x080032f0       0x40 ./Drivers/BSP/STM32746G_DISCOVERY/stm32746g_discovery_sd.o
                0x080032f0                BSP_SD_Detect_MspInit
 .text.BSP_SD_Init
                0x08003330       0x58 ./Drivers/BSP/STM32746G_DISCOVERY/stm32746g_discovery_sd.o
                0x08003330                BSP_SD_Init
 .text.BSP_SD_GetCardState
                0x08003388       0x14 ./Drivers/BSP/STM32746G_DISCOVERY/stm32746g_discovery_sd.o
                0x08003388                BSP_SD_GetCardState
 .text.BSP_SDRAM_Initialization_sequence
                0x0800339c       0x90 ./Drivers/BSP/STM32746G_DISCOVERY/stm32746g_discovery_sdram.o
                0x0800339c                BSP_SDRAM_Initialization_sequence
 .text.BSP_SDRAM_ReadData
                0x0800342c       0x1c ./Drivers/BSP/STM32746G_DISCOVERY/stm32746g_discovery_sdram.o
                0x0800342c                BSP_SDRAM_ReadData
 .text.BSP_SDRAM_ReadData_DMA
                0x08003448       0x1c ./Drivers/BSP/STM32746G_DISCOVERY/stm32746g_discovery_sdram.o
                0x08003448                BSP_SDRAM_ReadData_DMA
 .text.BSP_SDRAM_WriteData
                0x08003464       0x1c ./Drivers/BSP/STM32746G_DISCOVERY/stm32746g_discovery_sdram.o
                0x08003464                BSP_SDRAM_WriteData
 .text.BSP_SDRAM_WriteData_DMA
                0x08003480       0x1c ./Drivers/BSP/STM32746G_DISCOVERY/stm32746g_discovery_sdram.o
                0x08003480                BSP_SDRAM_WriteData_DMA
 .text.BSP_SDRAM_MspInit
                0x0800349c      0x17c ./Drivers/BSP/STM32746G_DISCOVERY/stm32746g_discovery_sdram.o
                0x0800349c                BSP_SDRAM_MspInit
 .text.BSP_SDRAM_Init
                0x08003618       0x7c ./Drivers/BSP/STM32746G_DISCOVERY/stm32746g_discovery_sdram.o
                0x08003618                BSP_SDRAM_Init
 .text.BSP_TS_Init
                0x08003694       0x38 ./Drivers/BSP/STM32746G_DISCOVERY/stm32746g_discovery_ts.o
                0x08003694                BSP_TS_Init
 .text.BSP_TS_Get_GestureId
                0x080036cc       0x58 ./Drivers/BSP/STM32746G_DISCOVERY/stm32746g_discovery_ts.o
                0x080036cc                BSP_TS_Get_GestureId
 .text.BSP_TS_GetState
                0x08003724      0x160 ./Drivers/BSP/STM32746G_DISCOVERY/stm32746g_discovery_ts.o
                0x08003724                BSP_TS_GetState
 .text.SystemInit
                0x08003884       0x4c ./Drivers/CMSIS/system_stm32f7xx.o
                0x08003884                SystemInit
 .text.HAL_MspInit
                0x080038d0        0x2 ./Drivers/STM32F7xx_HAL_Driver/stm32f7xx_hal.o
                0x080038d0                HAL_MspInit
 *fill*         0x080038d2        0x2 
 .text.HAL_InitTick
                0x080038d4       0x44 ./Drivers/STM32F7xx_HAL_Driver/stm32f7xx_hal.o
                0x080038d4                HAL_InitTick
 .text.HAL_Init
                0x08003918       0x2c ./Drivers/STM32F7xx_HAL_Driver/stm32f7xx_hal.o
                0x08003918                HAL_Init
 .text.HAL_IncTick
                0x08003944       0x18 ./Drivers/STM32F7xx_HAL_Driver/stm32f7xx_hal.o
                0x08003944                HAL_IncTick
 .text.HAL_GetTick
                0x0800395c        0xc ./Drivers/STM32F7xx_HAL_Driver/stm32f7xx_hal.o
                0x0800395c                HAL_GetTick
 .text.HAL_Delay
                0x08003968       0x24 ./Drivers/STM32F7xx_HAL_Driver/stm32f7xx_hal.o
                0x08003968                HAL_Delay
 .text.HAL_NVIC_SetPriorityGrouping
                0x0800398c       0x24 ./Drivers/STM32F7xx_HAL_Driver/stm32f7xx_hal_cortex.o
                0x0800398c                HAL_NVIC_SetPriorityGrouping
 .text.HAL_NVIC_SetPriority
                0x080039b0       0x64 ./Drivers/STM32F7xx_HAL_Driver/stm32f7xx_hal_cortex.o
                0x080039b0                HAL_NVIC_SetPriority
 .text.HAL_NVIC_EnableIRQ
                0x08003a14       0x1c ./Drivers/STM32F7xx_HAL_Driver/stm32f7xx_hal_cortex.o
                0x08003a14                HAL_NVIC_EnableIRQ
 .text.HAL_NVIC_DisableIRQ
                0x08003a30       0x24 ./Drivers/STM32F7xx_HAL_Driver/stm32f7xx_hal_cortex.o
                0x08003a30                HAL_NVIC_DisableIRQ
 .text.HAL_SYSTICK_Config
                0x08003a54       0x28 ./Drivers/STM32F7xx_HAL_Driver/stm32f7xx_hal_cortex.o
                0x08003a54                HAL_SYSTICK_Config
 .text.HAL_MPU_Disable
                0x08003a7c       0x1c ./Drivers/STM32F7xx_HAL_Driver/stm32f7xx_hal_cortex.o
                0x08003a7c                HAL_MPU_Disable
 .text.HAL_MPU_Enable
                0x08003a98       0x20 ./Drivers/STM32F7xx_HAL_Driver/stm32f7xx_hal_cortex.o
                0x08003a98                HAL_MPU_Enable
 .text.HAL_MPU_ConfigRegion
                0x08003ab8       0x58 ./Drivers/STM32F7xx_HAL_Driver/stm32f7xx_hal_cortex.o
                0x08003ab8                HAL_MPU_ConfigRegion
 .text.DMA_CalcBaseAndBitshift
                0x08003b10       0x2c ./Drivers/STM32F7xx_HAL_Driver/stm32f7xx_hal_dma.o
 .text.HAL_DMA_Init
                0x08003b3c       0xfc ./Drivers/STM32F7xx_HAL_Driver/stm32f7xx_hal_dma.o
                0x08003b3c                HAL_DMA_Init
 .text.HAL_DMA_DeInit
                0x08003c38       0x54 ./Drivers/STM32F7xx_HAL_Driver/stm32f7xx_hal_dma.o
                0x08003c38                HAL_DMA_DeInit
 .text.HAL_DMA_Start_IT
                0x08003c8c       0x7a ./Drivers/STM32F7xx_HAL_Driver/stm32f7xx_hal_dma.o
                0x08003c8c                HAL_DMA_Start_IT
 .text.HAL_DMA_Abort
                0x08003d06       0x7c ./Drivers/STM32F7xx_HAL_Driver/stm32f7xx_hal_dma.o
                0x08003d06                HAL_DMA_Abort
 *fill*         0x08003d82        0x2 
 .text.HAL_DMA_IRQHandler
                0x08003d84      0x17c ./Drivers/STM32F7xx_HAL_Driver/stm32f7xx_hal_dma.o
                0x08003d84                HAL_DMA_IRQHandler
 .text.DMA2D_SetConfig
                0x08003f00       0x86 ./Drivers/STM32F7xx_HAL_Driver/stm32f7xx_hal_dma2d.o
 .text.HAL_DMA2D_Init
                0x08003f86       0x58 ./Drivers/STM32F7xx_HAL_Driver/stm32f7xx_hal_dma2d.o
                0x08003f86                HAL_DMA2D_Init
 .text.HAL_DMA2D_Start
                0x08003fde       0x34 ./Drivers/STM32F7xx_HAL_Driver/stm32f7xx_hal_dma2d.o
                0x08003fde                HAL_DMA2D_Start
 .text.HAL_DMA2D_PollForTransfer
                0x08004012       0xfa ./Drivers/STM32F7xx_HAL_Driver/stm32f7xx_hal_dma2d.o
                0x08004012                HAL_DMA2D_PollForTransfer
 .text.HAL_DMA2D_LineEventCallback
                0x0800410c        0x2 ./Drivers/STM32F7xx_HAL_Driver/stm32f7xx_hal_dma2d.o
                0x0800410c                HAL_DMA2D_LineEventCallback
 .text.HAL_DMA2D_CLUTLoadingCpltCallback
                0x0800410e        0x2 ./Drivers/STM32F7xx_HAL_Driver/stm32f7xx_hal_dma2d.o
                0x0800410e                HAL_DMA2D_CLUTLoadingCpltCallback
 .text.HAL_DMA2D_IRQHandler
                0x08004110      0x114 ./Drivers/STM32F7xx_HAL_Driver/stm32f7xx_hal_dma2d.o
                0x08004110                HAL_DMA2D_IRQHandler
 .text.HAL_DMA2D_ConfigLayer
                0x08004224       0x8c ./Drivers/STM32F7xx_HAL_Driver/stm32f7xx_hal_dma2d.o
                0x08004224                HAL_DMA2D_ConfigLayer
 .text.HAL_GPIO_Init
                0x080042b0      0x1c8 ./Drivers/STM32F7xx_HAL_Driver/stm32f7xx_hal_gpio.o
                0x080042b0                HAL_GPIO_Init
 .text.HAL_GPIO_DeInit
                0x08004478      0x134 ./Drivers/STM32F7xx_HAL_Driver/stm32f7xx_hal_gpio.o
                0x08004478                HAL_GPIO_DeInit
 .text.HAL_GPIO_ReadPin
                0x080045ac        0xc ./Drivers/STM32F7xx_HAL_Driver/stm32f7xx_hal_gpio.o
                0x080045ac                HAL_GPIO_ReadPin
 .text.HAL_GPIO_WritePin
                0x080045b8        0xa ./Drivers/STM32F7xx_HAL_Driver/stm32f7xx_hal_gpio.o
                0x080045b8                HAL_GPIO_WritePin
 *fill*         0x080045c2        0x2 
 .text.HAL_GPIO_EXTI_IRQHandler
                0x080045c4       0x18 ./Drivers/STM32F7xx_HAL_Driver/stm32f7xx_hal_gpio.o
                0x080045c4                HAL_GPIO_EXTI_IRQHandler
 .text.I2C_Flush_TXDR
                0x080045dc       0x1c ./Drivers/STM32F7xx_HAL_Driver/stm32f7xx_hal_i2c.o
 .text.I2C_TransferConfig
                0x080045f8       0x2c ./Drivers/STM32F7xx_HAL_Driver/stm32f7xx_hal_i2c.o
 .text.I2C_IsErrorOccurred
                0x08004624      0x100 ./Drivers/STM32F7xx_HAL_Driver/stm32f7xx_hal_i2c.o
 .text.I2C_WaitOnTXISFlagUntilTimeout
                0x08004724       0x56 ./Drivers/STM32F7xx_HAL_Driver/stm32f7xx_hal_i2c.o
 .text.I2C_WaitOnFlagUntilTimeout
                0x0800477a       0x76 ./Drivers/STM32F7xx_HAL_Driver/stm32f7xx_hal_i2c.o
 .text.I2C_WaitOnSTOPFlagUntilTimeout
                0x080047f0       0x52 ./Drivers/STM32F7xx_HAL_Driver/stm32f7xx_hal_i2c.o
 .text.HAL_I2C_MspInit
                0x08004842        0x2 ./Drivers/STM32F7xx_HAL_Driver/stm32f7xx_hal_i2c.o
                0x08004842                HAL_I2C_MspInit
 .text.HAL_I2C_Init
                0x08004844       0xaa ./Drivers/STM32F7xx_HAL_Driver/stm32f7xx_hal_i2c.o
                0x08004844                HAL_I2C_Init
 .text.HAL_I2C_MspDeInit
                0x080048ee        0x2 ./Drivers/STM32F7xx_HAL_Driver/stm32f7xx_hal_i2c.o
                0x080048ee                HAL_I2C_MspDeInit
 .text.HAL_I2C_DeInit
                0x080048f0       0x32 ./Drivers/STM32F7xx_HAL_Driver/stm32f7xx_hal_i2c.o
                0x080048f0                HAL_I2C_DeInit
 *fill*         0x08004922        0x2 
 .text.HAL_I2C_Mem_Write
                0x08004924      0x1b4 ./Drivers/STM32F7xx_HAL_Driver/stm32f7xx_hal_i2c.o
                0x08004924                HAL_I2C_Mem_Write
 .text.HAL_I2C_Mem_Read
                0x08004ad8      0x1bc ./Drivers/STM32F7xx_HAL_Driver/stm32f7xx_hal_i2c.o
                0x08004ad8                HAL_I2C_Mem_Read
 .text.HAL_I2C_IsDeviceReady
                0x08004c94      0x102 ./Drivers/STM32F7xx_HAL_Driver/stm32f7xx_hal_i2c.o
                0x08004c94                HAL_I2C_IsDeviceReady
 .text.HAL_I2C_GetState
                0x08004d96        0x6 ./Drivers/STM32F7xx_HAL_Driver/stm32f7xx_hal_i2c.o
                0x08004d96                HAL_I2C_GetState
 .text.LTDC_SetConfig
                0x08004d9c      0x10c ./Drivers/STM32F7xx_HAL_Driver/stm32f7xx_hal_ltdc.o
 .text.HAL_LTDC_MspInit
                0x08004ea8        0x2 ./Drivers/STM32F7xx_HAL_Driver/stm32f7xx_hal_ltdc.o
                0x08004ea8                HAL_LTDC_MspInit
 *fill*         0x08004eaa        0x2 
 .text.HAL_LTDC_Init
                0x08004eac       0xd8 ./Drivers/STM32F7xx_HAL_Driver/stm32f7xx_hal_ltdc.o
                0x08004eac                HAL_LTDC_Init
 .text.HAL_LTDC_ConfigLayer
                0x08004f84       0x5a ./Drivers/STM32F7xx_HAL_Driver/stm32f7xx_hal_ltdc.o
                0x08004f84                HAL_LTDC_ConfigLayer
 .text.HAL_LTDC_GetState
                0x08004fde        0x6 ./Drivers/STM32F7xx_HAL_Driver/stm32f7xx_hal_ltdc.o
                0x08004fde                HAL_LTDC_GetState
 .text.HAL_PWREx_EnableOverDrive
                0x08004fe4       0x70 ./Drivers/STM32F7xx_HAL_Driver/stm32f7xx_hal_pwr_ex.o
                0x08004fe4                HAL_PWREx_EnableOverDrive
 .text.QSPI_Config
                0x08005054      0x174 ./Drivers/STM32F7xx_HAL_Driver/stm32f7xx_hal_qspi.o
 .text.QSPI_WaitFlagStateUntilTimeout
                0x080051c8       0x4e ./Drivers/STM32F7xx_HAL_Driver/stm32f7xx_hal_qspi.o
 .text.HAL_QSPI_MspInit
                0x08005216        0x2 ./Drivers/STM32F7xx_HAL_Driver/stm32f7xx_hal_qspi.o
                0x08005216                HAL_QSPI_MspInit
 .text.HAL_QSPI_Init
                0x08005218       0xa4 ./Drivers/STM32F7xx_HAL_Driver/stm32f7xx_hal_qspi.o
                0x08005218                HAL_QSPI_Init
 .text.HAL_QSPI_MspDeInit
                0x080052bc        0x2 ./Drivers/STM32F7xx_HAL_Driver/stm32f7xx_hal_qspi.o
                0x080052bc                HAL_QSPI_MspDeInit
 .text.HAL_QSPI_DeInit
                0x080052be       0x26 ./Drivers/STM32F7xx_HAL_Driver/stm32f7xx_hal_qspi.o
                0x080052be                HAL_QSPI_DeInit
 .text.HAL_QSPI_Command
                0x080052e4       0x8a ./Drivers/STM32F7xx_HAL_Driver/stm32f7xx_hal_qspi.o
                0x080052e4                HAL_QSPI_Command
 .text.HAL_QSPI_AutoPolling
                0x0800536e       0xa2 ./Drivers/STM32F7xx_HAL_Driver/stm32f7xx_hal_qspi.o
                0x0800536e                HAL_QSPI_AutoPolling
 .text.HAL_QSPI_Abort
                0x08005410       0x94 ./Drivers/STM32F7xx_HAL_Driver/stm32f7xx_hal_qspi.o
                0x08005410                HAL_QSPI_Abort
 .text.HAL_QSPI_Transmit
                0x080054a4       0xbe ./Drivers/STM32F7xx_HAL_Driver/stm32f7xx_hal_qspi.o
                0x080054a4                HAL_QSPI_Transmit
 .text.HAL_QSPI_Receive
                0x08005562       0xc6 ./Drivers/STM32F7xx_HAL_Driver/stm32f7xx_hal_qspi.o
                0x08005562                HAL_QSPI_Receive
 .text.HAL_RCC_OscConfig
                0x08005628      0x374 ./Drivers/STM32F7xx_HAL_Driver/stm32f7xx_hal_rcc.o
                0x08005628                HAL_RCC_OscConfig
 .text.HAL_RCC_GetSysClockFreq
                0x0800599c       0x5c ./Drivers/STM32F7xx_HAL_Driver/stm32f7xx_hal_rcc.o
                0x0800599c                HAL_RCC_GetSysClockFreq
 .text.HAL_RCC_ClockConfig
                0x080059f8      0x13c ./Drivers/STM32F7xx_HAL_Driver/stm32f7xx_hal_rcc.o
                0x080059f8                HAL_RCC_ClockConfig
 .text.HAL_RCCEx_PeriphCLKConfig
                0x08005b34      0x514 ./Drivers/STM32F7xx_HAL_Driver/stm32f7xx_hal_rcc_ex.o
                0x08005b34                HAL_RCCEx_PeriphCLKConfig
 .text.HAL_RCCEx_GetPeriphCLKConfig
                0x08006048      0x158 ./Drivers/STM32F7xx_HAL_Driver/stm32f7xx_hal_rcc_ex.o
                0x08006048                HAL_RCCEx_GetPeriphCLKConfig
 .text.HAL_RCCEx_GetPeriphCLKFreq
                0x080061a0       0xd0 ./Drivers/STM32F7xx_HAL_Driver/stm32f7xx_hal_rcc_ex.o
                0x080061a0                HAL_RCCEx_GetPeriphCLKFreq
 .text.SAI_InterruptFlag
                0x08006270       0x2c ./Drivers/STM32F7xx_HAL_Driver/stm32f7xx_hal_sai.o
 .text.SAI_Disable.isra.0
                0x0800629c       0x38 ./Drivers/STM32F7xx_HAL_Driver/stm32f7xx_hal_sai.o
 .text.HAL_SAI_MspInit
                0x080062d4        0x2 ./Drivers/STM32F7xx_HAL_Driver/stm32f7xx_hal_sai.o
                0x080062d4                HAL_SAI_MspInit
 *fill*         0x080062d6        0x2 
 .text.HAL_SAI_Init
                0x080062d8      0x1b8 ./Drivers/STM32F7xx_HAL_Driver/stm32f7xx_hal_sai.o
                0x080062d8                HAL_SAI_Init
 .text.HAL_SAI_MspDeInit
                0x08006490        0x2 ./Drivers/STM32F7xx_HAL_Driver/stm32f7xx_hal_sai.o
                0x08006490                HAL_SAI_MspDeInit
 .text.HAL_SAI_DeInit
                0x08006492       0x3c ./Drivers/STM32F7xx_HAL_Driver/stm32f7xx_hal_sai.o
                0x08006492                HAL_SAI_DeInit
 .text.HAL_SAI_DMAPause
                0x080064ce       0x20 ./Drivers/STM32F7xx_HAL_Driver/stm32f7xx_hal_sai.o
                0x080064ce                HAL_SAI_DMAPause
 .text.HAL_SAI_DMAResume
                0x080064ee       0x2e ./Drivers/STM32F7xx_HAL_Driver/stm32f7xx_hal_sai.o
                0x080064ee                HAL_SAI_DMAResume
 .text.HAL_SAI_DMAStop
                0x0800651c       0x92 ./Drivers/STM32F7xx_HAL_Driver/stm32f7xx_hal_sai.o
                0x0800651c                HAL_SAI_DMAStop
 *fill*         0x080065ae        0x2 
 .text.HAL_SAI_Transmit_DMA
                0x080065b0       0xd8 ./Drivers/STM32F7xx_HAL_Driver/stm32f7xx_hal_sai.o
                0x080065b0                HAL_SAI_Transmit_DMA
 .text.HAL_SAI_Receive_DMA
                0x08006688       0x9c ./Drivers/STM32F7xx_HAL_Driver/stm32f7xx_hal_sai.o
                0x08006688                HAL_SAI_Receive_DMA
 .text.SAI_DMATxCplt
                0x08006724       0x38 ./Drivers/STM32F7xx_HAL_Driver/stm32f7xx_hal_sai.o
 .text.SAI_DMATxHalfCplt
                0x0800675c        0xa ./Drivers/STM32F7xx_HAL_Driver/stm32f7xx_hal_sai.o
 .text.SAI_DMARxCplt
                0x08006766       0x38 ./Drivers/STM32F7xx_HAL_Driver/stm32f7xx_hal_sai.o
 .text.SAI_DMARxHalfCplt
                0x0800679e        0xa ./Drivers/STM32F7xx_HAL_Driver/stm32f7xx_hal_sai.o
 .text.SAI_DMAError
                0x080067a8       0x40 ./Drivers/STM32F7xx_HAL_Driver/stm32f7xx_hal_sai.o
 .text.HAL_SAI_GetState
                0x080067e8        0x6 ./Drivers/STM32F7xx_HAL_Driver/stm32f7xx_hal_sai.o
                0x080067e8                HAL_SAI_GetState
 .text.SD_FindSCR.constprop.0
                0x080067ee       0xcc ./Drivers/STM32F7xx_HAL_Driver/stm32f7xx_hal_sd.o
 .text.HAL_SD_MspInit
                0x080068ba        0x2 ./Drivers/STM32F7xx_HAL_Driver/stm32f7xx_hal_sd.o
                0x080068ba                HAL_SD_MspInit
 .text.HAL_SD_ReadBlocks
                0x080068bc      0x1f0 ./Drivers/STM32F7xx_HAL_Driver/stm32f7xx_hal_sd.o
                0x080068bc                HAL_SD_ReadBlocks
 .text.HAL_SD_WriteBlocks
                0x08006aac      0x188 ./Drivers/STM32F7xx_HAL_Driver/stm32f7xx_hal_sd.o
                0x08006aac                HAL_SD_WriteBlocks
 .text.HAL_SD_Erase
                0x08006c34       0xc0 ./Drivers/STM32F7xx_HAL_Driver/stm32f7xx_hal_sd.o
                0x08006c34                HAL_SD_Erase
 .text.HAL_SD_GetCardCSD
                0x08006cf4      0x16c ./Drivers/STM32F7xx_HAL_Driver/stm32f7xx_hal_sd.o
                0x08006cf4                HAL_SD_GetCardCSD
 .text.HAL_SD_InitCard
                0x08006e60      0x20c ./Drivers/STM32F7xx_HAL_Driver/stm32f7xx_hal_sd.o
                0x08006e60                HAL_SD_InitCard
 .text.HAL_SD_Init
                0x0800706c       0x36 ./Drivers/STM32F7xx_HAL_Driver/stm32f7xx_hal_sd.o
                0x0800706c                HAL_SD_Init
 *fill*         0x080070a2        0x2 
 .text.HAL_SD_ConfigWideBusOperation
                0x080070a4      0x114 ./Drivers/STM32F7xx_HAL_Driver/stm32f7xx_hal_sd.o
                0x080070a4                HAL_SD_ConfigWideBusOperation
 .text.HAL_SD_GetCardState
                0x080071b8       0x28 ./Drivers/STM32F7xx_HAL_Driver/stm32f7xx_hal_sd.o
                0x080071b8                HAL_SD_GetCardState
 .text.HAL_SDRAM_MspInit
                0x080071e0        0x2 ./Drivers/STM32F7xx_HAL_Driver/stm32f7xx_hal_sdram.o
                0x080071e0                HAL_SDRAM_MspInit
 .text.HAL_SDRAM_Init
                0x080071e2       0x40 ./Drivers/STM32F7xx_HAL_Driver/stm32f7xx_hal_sdram.o
                0x080071e2                HAL_SDRAM_Init
 .text.SDRAM_DMACpltProt
                0x08007222       0x1a ./Drivers/STM32F7xx_HAL_Driver/stm32f7xx_hal_sdram.o
 .text.SDRAM_DMACplt
                0x0800723c       0x1a ./Drivers/STM32F7xx_HAL_Driver/stm32f7xx_hal_sdram.o
 .text.SDRAM_DMAError
                0x08007256       0x1a ./Drivers/STM32F7xx_HAL_Driver/stm32f7xx_hal_sdram.o
 .text.HAL_SDRAM_Read_32b
                0x08007270       0x48 ./Drivers/STM32F7xx_HAL_Driver/stm32f7xx_hal_sdram.o
                0x08007270                HAL_SDRAM_Read_32b
 .text.HAL_SDRAM_Write_32b
                0x080072b8       0x46 ./Drivers/STM32F7xx_HAL_Driver/stm32f7xx_hal_sdram.o
                0x080072b8                HAL_SDRAM_Write_32b
 *fill*         0x080072fe        0x2 
 .text.HAL_SDRAM_Read_DMA
                0x08007300       0x60 ./Drivers/STM32F7xx_HAL_Driver/stm32f7xx_hal_sdram.o
                0x08007300                HAL_SDRAM_Read_DMA
 .text.HAL_SDRAM_Write_DMA
                0x08007360       0x54 ./Drivers/STM32F7xx_HAL_Driver/stm32f7xx_hal_sdram.o
                0x08007360                HAL_SDRAM_Write_DMA
 .text.HAL_SDRAM_SendCommand
                0x080073b4       0x3e ./Drivers/STM32F7xx_HAL_Driver/stm32f7xx_hal_sdram.o
                0x080073b4                HAL_SDRAM_SendCommand
 .text.HAL_SDRAM_ProgramRefreshRate
                0x080073f2       0x30 ./Drivers/STM32F7xx_HAL_Driver/stm32f7xx_hal_sdram.o
                0x080073f2                HAL_SDRAM_ProgramRefreshRate
 .text.FMC_SDRAM_Init
                0x08007422       0x70 ./Drivers/STM32F7xx_HAL_Driver/stm32f7xx_ll_fmc.o
                0x08007422                FMC_SDRAM_Init
 .text.FMC_SDRAM_Timing_Init
                0x08007492       0x6c ./Drivers/STM32F7xx_HAL_Driver/stm32f7xx_ll_fmc.o
                0x08007492                FMC_SDRAM_Timing_Init
 .text.FMC_SDRAM_SendCommand
                0x080074fe       0x24 ./Drivers/STM32F7xx_HAL_Driver/stm32f7xx_ll_fmc.o
                0x080074fe                FMC_SDRAM_SendCommand
 .text.FMC_SDRAM_ProgramRefreshRate
                0x08007522       0x14 ./Drivers/STM32F7xx_HAL_Driver/stm32f7xx_ll_fmc.o
                0x08007522                FMC_SDRAM_ProgramRefreshRate
 .text.SDMMC_Init
                0x08007536       0x38 ./Drivers/STM32F7xx_HAL_Driver/stm32f7xx_ll_sdmmc.o
                0x08007536                SDMMC_Init
 .text.SDMMC_ReadFIFO
                0x0800756e        0x6 ./Drivers/STM32F7xx_HAL_Driver/stm32f7xx_ll_sdmmc.o
                0x0800756e                SDMMC_ReadFIFO
 .text.SDMMC_WriteFIFO
                0x08007574        0xa ./Drivers/STM32F7xx_HAL_Driver/stm32f7xx_ll_sdmmc.o
                0x08007574                SDMMC_WriteFIFO
 .text.SDMMC_PowerState_ON
                0x0800757e        0x8 ./Drivers/STM32F7xx_HAL_Driver/stm32f7xx_ll_sdmmc.o
                0x0800757e                SDMMC_PowerState_ON
 .text.SDMMC_GetPowerState
                0x08007586        0x8 ./Drivers/STM32F7xx_HAL_Driver/stm32f7xx_ll_sdmmc.o
                0x08007586                SDMMC_GetPowerState
 .text.SDMMC_SendCommand
                0x0800758e       0x26 ./Drivers/STM32F7xx_HAL_Driver/stm32f7xx_ll_sdmmc.o
                0x0800758e                SDMMC_SendCommand
 .text.SDMMC_GetResponse
                0x080075b4        0x6 ./Drivers/STM32F7xx_HAL_Driver/stm32f7xx_ll_sdmmc.o
                0x080075b4                SDMMC_GetResponse
 .text.SDMMC_ConfigData
                0x080075ba       0x26 ./Drivers/STM32F7xx_HAL_Driver/stm32f7xx_ll_sdmmc.o
                0x080075ba                SDMMC_ConfigData
 .text.SDMMC_CmdGoIdleState
                0x080075e0       0x4c ./Drivers/STM32F7xx_HAL_Driver/stm32f7xx_ll_sdmmc.o
                0x080075e0                SDMMC_CmdGoIdleState
 .text.SDMMC_GetCmdResp1
                0x0800762c      0x11c ./Drivers/STM32F7xx_HAL_Driver/stm32f7xx_ll_sdmmc.o
                0x0800762c                SDMMC_GetCmdResp1
 .text.SDMMC_CmdBlockLength
                0x08007748       0x32 ./Drivers/STM32F7xx_HAL_Driver/stm32f7xx_ll_sdmmc.o
                0x08007748                SDMMC_CmdBlockLength
 .text.SDMMC_CmdReadSingleBlock
                0x0800777a       0x32 ./Drivers/STM32F7xx_HAL_Driver/stm32f7xx_ll_sdmmc.o
                0x0800777a                SDMMC_CmdReadSingleBlock
 .text.SDMMC_CmdReadMultiBlock
                0x080077ac       0x32 ./Drivers/STM32F7xx_HAL_Driver/stm32f7xx_ll_sdmmc.o
                0x080077ac                SDMMC_CmdReadMultiBlock
 .text.SDMMC_CmdWriteSingleBlock
                0x080077de       0x32 ./Drivers/STM32F7xx_HAL_Driver/stm32f7xx_ll_sdmmc.o
                0x080077de                SDMMC_CmdWriteSingleBlock
 .text.SDMMC_CmdWriteMultiBlock
                0x08007810       0x32 ./Drivers/STM32F7xx_HAL_Driver/stm32f7xx_ll_sdmmc.o
                0x08007810                SDMMC_CmdWriteMultiBlock
 .text.SDMMC_CmdSDEraseStartAdd
                0x08007842       0x32 ./Drivers/STM32F7xx_HAL_Driver/stm32f7xx_ll_sdmmc.o
                0x08007842                SDMMC_CmdSDEraseStartAdd
 .text.SDMMC_CmdSDEraseEndAdd
                0x08007874       0x32 ./Drivers/STM32F7xx_HAL_Driver/stm32f7xx_ll_sdmmc.o
                0x08007874                SDMMC_CmdSDEraseEndAdd
 .text.SDMMC_CmdErase
                0x080078a6       0x32 ./Drivers/STM32F7xx_HAL_Driver/stm32f7xx_ll_sdmmc.o
                0x080078a6                SDMMC_CmdErase
 .text.SDMMC_CmdStopTransfer
                0x080078d8       0x34 ./Drivers/STM32F7xx_HAL_Driver/stm32f7xx_ll_sdmmc.o
                0x080078d8                SDMMC_CmdStopTransfer
 .text.SDMMC_CmdSelDesel
                0x0800790c       0x32 ./Drivers/STM32F7xx_HAL_Driver/stm32f7xx_ll_sdmmc.o
                0x0800790c                SDMMC_CmdSelDesel
 .text.SDMMC_CmdAppCommand
                0x0800793e       0x32 ./Drivers/STM32F7xx_HAL_Driver/stm32f7xx_ll_sdmmc.o
                0x0800793e                SDMMC_CmdAppCommand
 .text.SDMMC_CmdBusWidth
                0x08007970       0x32 ./Drivers/STM32F7xx_HAL_Driver/stm32f7xx_ll_sdmmc.o
                0x08007970                SDMMC_CmdBusWidth
 .text.SDMMC_CmdSendSCR
                0x080079a2       0x32 ./Drivers/STM32F7xx_HAL_Driver/stm32f7xx_ll_sdmmc.o
                0x080079a2                SDMMC_CmdSendSCR
 .text.SDMMC_CmdSendStatus
                0x080079d4       0x32 ./Drivers/STM32F7xx_HAL_Driver/stm32f7xx_ll_sdmmc.o
                0x080079d4                SDMMC_CmdSendStatus
 *fill*         0x08007a06        0x2 
 .text.SDMMC_GetCmdResp2
                0x08007a08       0x4c ./Drivers/STM32F7xx_HAL_Driver/stm32f7xx_ll_sdmmc.o
                0x08007a08                SDMMC_GetCmdResp2
 .text.SDMMC_CmdSendCID
                0x08007a54       0x2c ./Drivers/STM32F7xx_HAL_Driver/stm32f7xx_ll_sdmmc.o
                0x08007a54                SDMMC_CmdSendCID
 .text.SDMMC_CmdSendCSD
                0x08007a80       0x2c ./Drivers/STM32F7xx_HAL_Driver/stm32f7xx_ll_sdmmc.o
                0x08007a80                SDMMC_CmdSendCSD
 .text.SDMMC_GetCmdResp3
                0x08007aac       0x44 ./Drivers/STM32F7xx_HAL_Driver/stm32f7xx_ll_sdmmc.o
                0x08007aac                SDMMC_GetCmdResp3
 .text.SDMMC_CmdAppOperCommand
                0x08007af0       0x34 ./Drivers/STM32F7xx_HAL_Driver/stm32f7xx_ll_sdmmc.o
                0x08007af0                SDMMC_CmdAppOperCommand
 .text.SDMMC_GetCmdResp6
                0x08007b24       0x80 ./Drivers/STM32F7xx_HAL_Driver/stm32f7xx_ll_sdmmc.o
                0x08007b24                SDMMC_GetCmdResp6
 .text.SDMMC_CmdSetRelAdd
                0x08007ba4       0x32 ./Drivers/STM32F7xx_HAL_Driver/stm32f7xx_ll_sdmmc.o
                0x08007ba4                SDMMC_CmdSetRelAdd
 *fill*         0x08007bd6        0x2 
 .text.SDMMC_GetCmdResp7
                0x08007bd8       0x54 ./Drivers/STM32F7xx_HAL_Driver/stm32f7xx_ll_sdmmc.o
                0x08007bd8                SDMMC_GetCmdResp7
 .text.SDMMC_CmdOperCond
                0x08007c2c       0x30 ./Drivers/STM32F7xx_HAL_Driver/stm32f7xx_ll_sdmmc.o
                0x08007c2c                SDMMC_CmdOperCond
 .text.Reset_Handler
                0x08007c5c       0x50 ./Example/SW4STM32/startup_stm32f746xx.o
                0x08007c5c                Reset_Handler
 .text.Default_Handler
                0x08007cac        0x2 ./Example/SW4STM32/startup_stm32f746xx.o
                0x08007cac                RTC_Alarm_IRQHandler
                0x08007cac                TIM8_CC_IRQHandler
                0x08007cac                UART8_IRQHandler
                0x08007cac                SPI4_IRQHandler
                0x08007cac                TIM1_CC_IRQHandler
                0x08007cac                DMA2_Stream5_IRQHandler
                0x08007cac                DMA1_Stream5_IRQHandler
                0x08007cac                PVD_IRQHandler
                0x08007cac                TAMP_STAMP_IRQHandler
                0x08007cac                CAN2_RX1_IRQHandler
                0x08007cac                EXTI3_IRQHandler
                0x08007cac                TIM8_TRG_COM_TIM14_IRQHandler
                0x08007cac                TIM1_UP_TIM10_IRQHandler
                0x08007cac                TIM8_UP_TIM13_IRQHandler
                0x08007cac                I2C3_ER_IRQHandler
                0x08007cac                I2C2_EV_IRQHandler
                0x08007cac                DMA1_Stream2_IRQHandler
                0x08007cac                CAN1_RX0_IRQHandler
                0x08007cac                FPU_IRQHandler
                0x08007cac                OTG_HS_WKUP_IRQHandler
                0x08007cac                LTDC_ER_IRQHandler
                0x08007cac                CAN2_SCE_IRQHandler
                0x08007cac                DMA2_Stream2_IRQHandler
                0x08007cac                SPI1_IRQHandler
                0x08007cac                TIM6_DAC_IRQHandler
                0x08007cac                TIM1_BRK_TIM9_IRQHandler
                0x08007cac                CAN2_RX0_IRQHandler
                0x08007cac                DMA2_Stream3_IRQHandler
                0x08007cac                SAI2_IRQHandler
                0x08007cac                USART6_IRQHandler
                0x08007cac                USART3_IRQHandler
                0x08007cac                CAN1_RX1_IRQHandler
                0x08007cac                UART5_IRQHandler
                0x08007cac                TIM4_IRQHandler
                0x08007cac                QUADSPI_IRQHandler
                0x08007cac                I2C1_EV_IRQHandler
                0x08007cac                DMA1_Stream6_IRQHandler
                0x08007cac                DMA1_Stream1_IRQHandler
                0x08007cac                UART4_IRQHandler
                0x08007cac                TIM3_IRQHandler
                0x08007cac                RCC_IRQHandler
                0x08007cac                TIM8_BRK_TIM12_IRQHandler
                0x08007cac                Default_Handler
                0x08007cac                CEC_IRQHandler
                0x08007cac                ADC_IRQHandler
                0x08007cac                DMA1_Stream7_IRQHandler
                0x08007cac                SPI5_IRQHandler
                0x08007cac                TIM7_IRQHandler
                0x08007cac                SDMMC1_IRQHandler
                0x08007cac                CAN2_TX_IRQHandler
                0x08007cac                TIM5_IRQHandler
                0x08007cac                I2C3_EV_IRQHandler
                0x08007cac                EXTI9_5_IRQHandler
                0x08007cac                RTC_WKUP_IRQHandler
                0x08007cac                LTDC_IRQHandler
                0x08007cac                ETH_WKUP_IRQHandler
                0x08007cac                SPDIF_RX_IRQHandler
                0x08007cac                SPI2_IRQHandler
                0x08007cac                OTG_HS_EP1_IN_IRQHandler
                0x08007cac                DMA1_Stream0_IRQHandler
                0x08007cac                CAN1_TX_IRQHandler
                0x08007cac                EXTI4_IRQHandler
                0x08007cac                RNG_IRQHandler
                0x08007cac                ETH_IRQHandler
                0x08007cac                OTG_HS_EP1_OUT_IRQHandler
                0x08007cac                WWDG_IRQHandler
                0x08007cac                SPI6_IRQHandler
                0x08007cac                I2C4_EV_IRQHandler
                0x08007cac                TIM2_IRQHandler
                0x08007cac                OTG_FS_WKUP_IRQHandler
                0x08007cac                TIM1_TRG_COM_TIM11_IRQHandler
                0x08007cac                OTG_HS_IRQHandler
                0x08007cac                EXTI1_IRQHandler
                0x08007cac                UART7_IRQHandler
                0x08007cac                USART2_IRQHandler
                0x08007cac                I2C2_ER_IRQHandler
                0x08007cac                CAN1_SCE_IRQHandler
                0x08007cac                FLASH_IRQHandler
                0x08007cac                USART1_IRQHandler
                0x08007cac                OTG_FS_IRQHandler
                0x08007cac                SPI3_IRQHandler
                0x08007cac                DMA1_Stream4_IRQHandler
                0x08007cac                I2C1_ER_IRQHandler
                0x08007cac                FMC_IRQHandler
                0x08007cac                LPTIM1_IRQHandler
                0x08007cac                I2C4_ER_IRQHandler
                0x08007cac                DMA2_Stream6_IRQHandler
                0x08007cac                SAI1_IRQHandler
                0x08007cac                DMA1_Stream3_IRQHandler
 .text._read    0x08007cae       0x1c ./Example/SW4STM32/syscalls.o
                0x08007cae                _read
 .text._write   0x08007cca       0x1c ./Example/SW4STM32/syscalls.o
                0x08007cca                _write
 *fill*         0x08007ce6        0x2 
 .text._sbrk    0x08007ce8       0x34 ./Example/SW4STM32/syscalls.o
                0x08007ce8                _sbrk
 .text._close   0x08007d1c        0x6 ./Example/SW4STM32/syscalls.o
                0x08007d1c                _close
 .text._fstat   0x08007d22        0xa ./Example/SW4STM32/syscalls.o
                0x08007d22                _fstat
 .text._isatty  0x08007d2c        0x4 ./Example/SW4STM32/syscalls.o
                0x08007d2c                _isatty
 .text._lseek   0x08007d30        0x4 ./Example/SW4STM32/syscalls.o
                0x08007d30                _lseek
 .text.AudioLoopback_demo
                0x08007d34      0x1f8 ./Example/User/audio_loopback.o
                0x08007d34                AudioLoopback_demo
 .text.GetData  0x08007f2c       0x24 ./Example/User/audio_play.o
 .text.SCB_CleanDCache_by_Addr.constprop.0
                0x08007f50       0x24 ./Example/User/audio_play.o
 .text.AUDIO_Start
                0x08007f74       0x4c ./Example/User/audio_play.o
                0x08007f74                AUDIO_Start
 .text.AUDIO_Process
                0x08007fc0       0x98 ./Example/User/audio_play.o
                0x08007fc0                AUDIO_Process
 .text.AudioPlay_demo
                0x08008058      0x3c4 ./Example/User/audio_play.o
                0x08008058                AudioPlay_demo
 .text.BSP_AUDIO_OUT_TransferComplete_CallBack
                0x0800841c       0x14 ./Example/User/audio_play.o
                0x0800841c                BSP_AUDIO_OUT_TransferComplete_CallBack
 .text.BSP_AUDIO_OUT_HalfTransfer_CallBack
                0x08008430       0x18 ./Example/User/audio_play.o
                0x08008430                BSP_AUDIO_OUT_HalfTransfer_CallBack
 .text.BSP_AUDIO_OUT_Error_CallBack
                0x08008448       0x24 ./Example/User/audio_play.o
                0x08008448                BSP_AUDIO_OUT_Error_CallBack
 .text.AudioRec_demo
                0x0800846c      0x234 ./Example/User/audio_rec.o
                0x0800846c                AudioRec_demo
 .text.BSP_AUDIO_IN_TransferComplete_CallBack
                0x080086a0        0xc ./Example/User/audio_rec.o
                0x080086a0                BSP_AUDIO_IN_TransferComplete_CallBack
 .text.BSP_AUDIO_IN_HalfTransfer_CallBack
                0x080086ac        0xc ./Example/User/audio_rec.o
                0x080086ac                BSP_AUDIO_IN_HalfTransfer_CallBack
 .text.BSP_AUDIO_IN_Error_CallBack
                0x080086b8       0x34 ./Example/User/audio_rec.o
                0x080086b8                BSP_AUDIO_IN_Error_CallBack
 .text.BSP_LCD_DMA2D_IRQHandler
                0x080086ec        0xc ./Example/User/camera.o
                0x080086ec                BSP_LCD_DMA2D_IRQHandler
 .text.HAL_DMA2D_MspInit
                0x080086f8       0x30 ./Example/User/camera.o
                0x080086f8                HAL_DMA2D_MspInit
 .text.EEPROM_Show_Feature
                0x08008728      0x330 ./Example/User/eeprom.o
 .text.EEPROM_demo
                0x08008a58       0xfc ./Example/User/eeprom.o
                0x08008a58                EEPROM_demo
 .text.BSP_EEPROM_TIMEOUT_UserCallback
                0x08008b54        0xc ./Example/User/eeprom.o
                0x08008b54                BSP_EEPROM_TIMEOUT_UserCallback
 .text.LCD_Show_Feature
                0x08008b60      0x2a0 ./Example/User/lcd.o
 .text.LCD_demo
                0x08008e00       0xf8 ./Example/User/lcd.o
                0x08008e00                LCD_demo
 .text.Log_demo
                0x08008ef8       0x90 ./Example/User/log.o
                0x08008ef8                Log_demo
 .text.Display_DemoDescription
                0x08008f88      0x114 ./Example/User/main.o
 .text.startup.main
                0x0800909c      0x214 ./Example/User/main.o
                0x0800909c                main
 .text.CheckForUserInput
                0x080092b0       0x1e ./Example/User/main.o
                0x080092b0                CheckForUserInput
 *fill*         0x080092ce        0x2 
 .text.HAL_GPIO_EXTI_Callback
                0x080092d0       0x24 ./Example/User/main.o
                0x080092d0                HAL_GPIO_EXTI_Callback
 .text.QSPI_demo
                0x080092f4      0x2c0 ./Example/User/qspi.o
                0x080092f4                QSPI_demo
 .text.SD_demo  0x080095b4      0x2b0 ./Example/User/sd.o
                0x080095b4                SD_demo
 .text.SDRAM_demo
                0x08009864      0x1d4 ./Example/User/sdram.o
                0x08009864                SDRAM_demo
 .text.SDRAM_DMA_demo
                0x08009a38      0x260 ./Example/User/sdram_dma.o
                0x08009a38                SDRAM_DMA_demo
 .text.HAL_SDRAM_DMA_XferCpltCallback
                0x08009c98       0x10 ./Example/User/sdram_dma.o
                0x08009c98                HAL_SDRAM_DMA_XferCpltCallback
 .text.HAL_SDRAM_DMA_XferErrorCallback
                0x08009ca8       0x20 ./Example/User/sdram_dma.o
                0x08009ca8                HAL_SDRAM_DMA_XferErrorCallback
 .text.NMI_Handler
                0x08009cc8        0x2 ./Example/User/stm32f7xx_it.o
                0x08009cc8                NMI_Handler
 .text.HardFault_Handler
                0x08009cca        0x2 ./Example/User/stm32f7xx_it.o
                0x08009cca                HardFault_Handler
 .text.MemManage_Handler
                0x08009ccc        0x2 ./Example/User/stm32f7xx_it.o
                0x08009ccc                MemManage_Handler
 .text.BusFault_Handler
                0x08009cce        0x2 ./Example/User/stm32f7xx_it.o
                0x08009cce                BusFault_Handler
 .text.UsageFault_Handler
                0x08009cd0        0x2 ./Example/User/stm32f7xx_it.o
                0x08009cd0                UsageFault_Handler
 .text.SVC_Handler
                0x08009cd2        0x2 ./Example/User/stm32f7xx_it.o
                0x08009cd2                SVC_Handler
 .text.DebugMon_Handler
                0x08009cd4        0x2 ./Example/User/stm32f7xx_it.o
                0x08009cd4                DebugMon_Handler
 .text.PendSV_Handler
                0x08009cd6        0x2 ./Example/User/stm32f7xx_it.o
                0x08009cd6                PendSV_Handler
 .text.SysTick_Handler
                0x08009cd8        0x4 ./Example/User/stm32f7xx_it.o
                0x08009cd8                SysTick_Handler
 .text.EXTI0_IRQHandler
                0x08009cdc        0x8 ./Example/User/stm32f7xx_it.o
                0x08009cdc                EXTI0_IRQHandler
 .text.EXTI2_IRQHandler
                0x08009ce4        0x6 ./Example/User/stm32f7xx_it.o
                0x08009ce4                EXTI2_IRQHandler
 *fill*         0x08009cea        0x2 
 .text.EXTI15_10_IRQHandler
                0x08009cec       0x18 ./Example/User/stm32f7xx_it.o
                0x08009cec                EXTI15_10_IRQHandler
 .text.DMA2_Stream7_IRQHandler
                0x08009d04        0xc ./Example/User/stm32f7xx_it.o
                0x08009d04                DMA2_Stream7_IRQHandler
 .text.DMA2_Stream0_IRQHandler
                0x08009d10        0xc ./Example/User/stm32f7xx_it.o
                0x08009d10                DMA2_Stream0_IRQHandler
 .text.DMA2_Stream1_IRQHandler
                0x08009d1c        0x2 ./Example/User/stm32f7xx_it.o
                0x08009d1c                DMA2_Stream1_IRQHandler
 *fill*         0x08009d1e        0x2 
 .text.DMA2_Stream4_IRQHandler
                0x08009d20        0xc ./Example/User/stm32f7xx_it.o
                0x08009d20                DMA2_Stream4_IRQHandler
 .text.DCMI_IRQHandler
                0x08009d2c        0x2 ./Example/User/stm32f7xx_it.o
                0x08009d2c                DCMI_IRQHandler
 .text.DMA2D_IRQHandler
                0x08009d2e        0x4 ./Example/User/stm32f7xx_it.o
                0x08009d2e                DMA2D_IRQHandler
 *fill*         0x08009d32        0x2 
 .text.Touchscreen_DrawBackground
                0x08009d34      0x24c ./Example/User/touchscreen.o
 .text.Touchscreen_demo
                0x08009f80      0x4cc ./Example/User/touchscreen.o
                0x08009f80                Touchscreen_demo
 .text.LCD_LOG_DeInit
                0x0800a44c       0x28 ./Utilities/lcd_log.o
                0x0800a44c                LCD_LOG_DeInit
 .text.LCD_LOG_Init
                0x0800a474       0x12 ./Utilities/lcd_log.o
                0x0800a474                LCD_LOG_Init
 *fill*         0x0800a486        0x2 
 .text.LCD_LOG_SetHeader
                0x0800a488       0x6c ./Utilities/lcd_log.o
                0x0800a488                LCD_LOG_SetHeader
 .text.LCD_LOG_ClearTextZone
                0x0800a4f4       0x18 ./Utilities/lcd_log.o
                0x0800a4f4                LCD_LOG_ClearTextZone
 .text.LCD_LOG_UpdateDisplay
                0x0800a50c       0x7c ./Utilities/lcd_log.o
                0x0800a50c                LCD_LOG_UpdateDisplay
 .text.__io_putchar
                0x0800a588       0xec ./Utilities/lcd_log.o
                0x0800a588                __io_putchar
 .text.LCD_LOG_ScrollBack
                0x0800a674       0x84 ./Utilities/lcd_log.o
                0x0800a674                LCD_LOG_ScrollBack
 .text.LCD_LOG_ScrollForward
                0x0800a6f8       0x68 ./Utilities/lcd_log.o
                0x0800a6f8                LCD_LOG_ScrollForward
 .text.std      0x0800a760       0x6c C:/ST/STM32CubeIDE_1.15.1/STM32CubeIDE/plugins/com.st.stm32cube.ide.mcu.externaltools.gnu-tools-for-stm32.12.3.rel1.win32_1.0.200.202406191623/tools/bin/../lib/gcc/arm-none-eabi/12.3.1/../../../../arm-none-eabi/lib/thumb/v7e-m+fp/hard\libc_nano.a(libc_a-findfp.o)
 .text.stdio_exit_handler
                0x0800a7cc       0x18 C:/ST/STM32CubeIDE_1.15.1/STM32CubeIDE/plugins/com.st.stm32cube.ide.mcu.externaltools.gnu-tools-for-stm32.12.3.rel1.win32_1.0.200.202406191623/tools/bin/../lib/gcc/arm-none-eabi/12.3.1/../../../../arm-none-eabi/lib/thumb/v7e-m+fp/hard\libc_nano.a(libc_a-findfp.o)
 .text.cleanup_stdio
                0x0800a7e4       0x40 C:/ST/STM32CubeIDE_1.15.1/STM32CubeIDE/plugins/com.st.stm32cube.ide.mcu.externaltools.gnu-tools-for-stm32.12.3.rel1.win32_1.0.200.202406191623/tools/bin/../lib/gcc/arm-none-eabi/12.3.1/../../../../arm-none-eabi/lib/thumb/v7e-m+fp/hard\libc_nano.a(libc_a-findfp.o)
 .text.global_stdio_init.part.0
                0x0800a824       0x3c C:/ST/STM32CubeIDE_1.15.1/STM32CubeIDE/plugins/com.st.stm32cube.ide.mcu.externaltools.gnu-tools-for-stm32.12.3.rel1.win32_1.0.200.202406191623/tools/bin/../lib/gcc/arm-none-eabi/12.3.1/../../../../arm-none-eabi/lib/thumb/v7e-m+fp/hard\libc_nano.a(libc_a-findfp.o)
 .text.__sfp_lock_acquire
                0x0800a860        0xc C:/ST/STM32CubeIDE_1.15.1/STM32CubeIDE/plugins/com.st.stm32cube.ide.mcu.externaltools.gnu-tools-for-stm32.12.3.rel1.win32_1.0.200.202406191623/tools/bin/../lib/gcc/arm-none-eabi/12.3.1/../../../../arm-none-eabi/lib/thumb/v7e-m+fp/hard\libc_nano.a(libc_a-findfp.o)
                0x0800a860                __sfp_lock_acquire
 .text.__sfp_lock_release
                0x0800a86c        0xc C:/ST/STM32CubeIDE_1.15.1/STM32CubeIDE/plugins/com.st.stm32cube.ide.mcu.externaltools.gnu-tools-for-stm32.12.3.rel1.win32_1.0.200.202406191623/tools/bin/../lib/gcc/arm-none-eabi/12.3.1/../../../../arm-none-eabi/lib/thumb/v7e-m+fp/hard\libc_nano.a(libc_a-findfp.o)
                0x0800a86c                __sfp_lock_release
 .text.__sinit  0x0800a878       0x30 C:/ST/STM32CubeIDE_1.15.1/STM32CubeIDE/plugins/com.st.stm32cube.ide.mcu.externaltools.gnu-tools-for-stm32.12.3.rel1.win32_1.0.200.202406191623/tools/bin/../lib/gcc/arm-none-eabi/12.3.1/../../../../arm-none-eabi/lib/thumb/v7e-m+fp/hard\libc_nano.a(libc_a-findfp.o)
                0x0800a878                __sinit
 .text._fwalk_sglue
                0x0800a8a8       0x3c C:/ST/STM32CubeIDE_1.15.1/STM32CubeIDE/plugins/com.st.stm32cube.ide.mcu.externaltools.gnu-tools-for-stm32.12.3.rel1.win32_1.0.200.202406191623/tools/bin/../lib/gcc/arm-none-eabi/12.3.1/../../../../arm-none-eabi/lib/thumb/v7e-m+fp/hard\libc_nano.a(libc_a-fwalk.o)
                0x0800a8a8                _fwalk_sglue
 .text.printf   0x0800a8e4       0x24 C:/ST/STM32CubeIDE_1.15.1/STM32CubeIDE/plugins/com.st.stm32cube.ide.mcu.externaltools.gnu-tools-for-stm32.12.3.rel1.win32_1.0.200.202406191623/tools/bin/../lib/gcc/arm-none-eabi/12.3.1/../../../../arm-none-eabi/lib/thumb/v7e-m+fp/hard\libc_nano.a(libc_a-printf.o)
                0x0800a8e4                iprintf
                0x0800a8e4                printf
 .text.snprintf
                0x0800a908       0x68 C:/ST/STM32CubeIDE_1.15.1/STM32CubeIDE/plugins/com.st.stm32cube.ide.mcu.externaltools.gnu-tools-for-stm32.12.3.rel1.win32_1.0.200.202406191623/tools/bin/../lib/gcc/arm-none-eabi/12.3.1/../../../../arm-none-eabi/lib/thumb/v7e-m+fp/hard\libc_nano.a(libc_a-snprintf.o)
                0x0800a908                sniprintf
                0x0800a908                snprintf
 .text.sprintf  0x0800a970       0x40 C:/ST/STM32CubeIDE_1.15.1/STM32CubeIDE/plugins/com.st.stm32cube.ide.mcu.externaltools.gnu-tools-for-stm32.12.3.rel1.win32_1.0.200.202406191623/tools/bin/../lib/gcc/arm-none-eabi/12.3.1/../../../../arm-none-eabi/lib/thumb/v7e-m+fp/hard\libc_nano.a(libc_a-sprintf.o)
                0x0800a970                siprintf
                0x0800a970                sprintf
 .text.__sread  0x0800a9b0       0x22 C:/ST/STM32CubeIDE_1.15.1/STM32CubeIDE/plugins/com.st.stm32cube.ide.mcu.externaltools.gnu-tools-for-stm32.12.3.rel1.win32_1.0.200.202406191623/tools/bin/../lib/gcc/arm-none-eabi/12.3.1/../../../../arm-none-eabi/lib/thumb/v7e-m+fp/hard\libc_nano.a(libc_a-stdio.o)
                0x0800a9b0                __sread
 .text.__swrite
                0x0800a9d2       0x38 C:/ST/STM32CubeIDE_1.15.1/STM32CubeIDE/plugins/com.st.stm32cube.ide.mcu.externaltools.gnu-tools-for-stm32.12.3.rel1.win32_1.0.200.202406191623/tools/bin/../lib/gcc/arm-none-eabi/12.3.1/../../../../arm-none-eabi/lib/thumb/v7e-m+fp/hard\libc_nano.a(libc_a-stdio.o)
                0x0800a9d2                __swrite
 .text.__sseek  0x0800aa0a       0x24 C:/ST/STM32CubeIDE_1.15.1/STM32CubeIDE/plugins/com.st.stm32cube.ide.mcu.externaltools.gnu-tools-for-stm32.12.3.rel1.win32_1.0.200.202406191623/tools/bin/../lib/gcc/arm-none-eabi/12.3.1/../../../../arm-none-eabi/lib/thumb/v7e-m+fp/hard\libc_nano.a(libc_a-stdio.o)
                0x0800aa0a                __sseek
 .text.__sclose
                0x0800aa2e        0x8 C:/ST/STM32CubeIDE_1.15.1/STM32CubeIDE/plugins/com.st.stm32cube.ide.mcu.externaltools.gnu-tools-for-stm32.12.3.rel1.win32_1.0.200.202406191623/tools/bin/../lib/gcc/arm-none-eabi/12.3.1/../../../../arm-none-eabi/lib/thumb/v7e-m+fp/hard\libc_nano.a(libc_a-stdio.o)
                0x0800aa2e                __sclose
 .text.memset   0x0800aa36       0x10 C:/ST/STM32CubeIDE_1.15.1/STM32CubeIDE/plugins/com.st.stm32cube.ide.mcu.externaltools.gnu-tools-for-stm32.12.3.rel1.win32_1.0.200.202406191623/tools/bin/../lib/gcc/arm-none-eabi/12.3.1/../../../../arm-none-eabi/lib/thumb/v7e-m+fp/hard\libc_nano.a(libc_a-memset.o)
                0x0800aa36                memset
 *fill*         0x0800aa46        0x2 
 .text._close_r
                0x0800aa48       0x20 C:/ST/STM32CubeIDE_1.15.1/STM32CubeIDE/plugins/com.st.stm32cube.ide.mcu.externaltools.gnu-tools-for-stm32.12.3.rel1.win32_1.0.200.202406191623/tools/bin/../lib/gcc/arm-none-eabi/12.3.1/../../../../arm-none-eabi/lib/thumb/v7e-m+fp/hard\libc_nano.a(libc_a-closer.o)
                0x0800aa48                _close_r
 .text._lseek_r
                0x0800aa68       0x24 C:/ST/STM32CubeIDE_1.15.1/STM32CubeIDE/plugins/com.st.stm32cube.ide.mcu.externaltools.gnu-tools-for-stm32.12.3.rel1.win32_1.0.200.202406191623/tools/bin/../lib/gcc/arm-none-eabi/12.3.1/../../../../arm-none-eabi/lib/thumb/v7e-m+fp/hard\libc_nano.a(libc_a-lseekr.o)
                0x0800aa68                _lseek_r
 .text._read_r  0x0800aa8c       0x24 C:/ST/STM32CubeIDE_1.15.1/STM32CubeIDE/plugins/com.st.stm32cube.ide.mcu.externaltools.gnu-tools-for-stm32.12.3.rel1.win32_1.0.200.202406191623/tools/bin/../lib/gcc/arm-none-eabi/12.3.1/../../../../arm-none-eabi/lib/thumb/v7e-m+fp/hard\libc_nano.a(libc_a-readr.o)
                0x0800aa8c                _read_r
 .text._write_r
                0x0800aab0       0x24 C:/ST/STM32CubeIDE_1.15.1/STM32CubeIDE/plugins/com.st.stm32cube.ide.mcu.externaltools.gnu-tools-for-stm32.12.3.rel1.win32_1.0.200.202406191623/tools/bin/../lib/gcc/arm-none-eabi/12.3.1/../../../../arm-none-eabi/lib/thumb/v7e-m+fp/hard\libc_nano.a(libc_a-writer.o)
                0x0800aab0                _write_r
 .text.__errno  0x0800aad4        0xc C:/ST/STM32CubeIDE_1.15.1/STM32CubeIDE/plugins/com.st.stm32cube.ide.mcu.externaltools.gnu-tools-for-stm32.12.3.rel1.win32_1.0.200.202406191623/tools/bin/../lib/gcc/arm-none-eabi/12.3.1/../../../../arm-none-eabi/lib/thumb/v7e-m+fp/hard\libc_nano.a(libc_a-errno.o)
                0x0800aad4                __errno
 .text.__libc_init_array
                0x0800aae0       0x48 C:/ST/STM32CubeIDE_1.15.1/STM32CubeIDE/plugins/com.st.stm32cube.ide.mcu.externaltools.gnu-tools-for-stm32.12.3.rel1.win32_1.0.200.202406191623/tools/bin/../lib/gcc/arm-none-eabi/12.3.1/../../../../arm-none-eabi/lib/thumb/v7e-m+fp/hard\libc_nano.a(libc_a-init.o)
                0x0800aae0                __libc_init_array
 .text.__retarget_lock_init_recursive
                0x0800ab28        0x2 C:/ST/STM32CubeIDE_1.15.1/STM32CubeIDE/plugins/com.st.stm32cube.ide.mcu.externaltools.gnu-tools-for-stm32.12.3.rel1.win32_1.0.200.202406191623/tools/bin/../lib/gcc/arm-none-eabi/12.3.1/../../../../arm-none-eabi/lib/thumb/v7e-m+fp/hard\libc_nano.a(libc_a-lock.o)
                0x0800ab28                __retarget_lock_init_recursive
 .text.__retarget_lock_acquire_recursive
                0x0800ab2a        0x2 C:/ST/STM32CubeIDE_1.15.1/STM32CubeIDE/plugins/com.st.stm32cube.ide.mcu.externaltools.gnu-tools-for-stm32.12.3.rel1.win32_1.0.200.202406191623/tools/bin/../lib/gcc/arm-none-eabi/12.3.1/../../../../arm-none-eabi/lib/thumb/v7e-m+fp/hard\libc_nano.a(libc_a-lock.o)
                0x0800ab2a                __retarget_lock_acquire_recursive
 .text.__retarget_lock_release_recursive
                0x0800ab2c        0x2 C:/ST/STM32CubeIDE_1.15.1/STM32CubeIDE/plugins/com.st.stm32cube.ide.mcu.externaltools.gnu-tools-for-stm32.12.3.rel1.win32_1.0.200.202406191623/tools/bin/../lib/gcc/arm-none-eabi/12.3.1/../../../../arm-none-eabi/lib/thumb/v7e-m+fp/hard\libc_nano.a(libc_a-lock.o)
                0x0800ab2c                __retarget_lock_release_recursive
 .text.strcpy   0x0800ab2e       0x10 C:/ST/STM32CubeIDE_1.15.1/STM32CubeIDE/plugins/com.st.stm32cube.ide.mcu.externaltools.gnu-tools-for-stm32.12.3.rel1.win32_1.0.200.202406191623/tools/bin/../lib/gcc/arm-none-eabi/12.3.1/../../../../arm-none-eabi/lib/thumb/v7e-m+fp/hard\libc_nano.a(libc_a-strcpy.o)
                0x0800ab2e                strcpy
 .text.memcpy   0x0800ab3e       0x1c C:/ST/STM32CubeIDE_1.15.1/STM32CubeIDE/plugins/com.st.stm32cube.ide.mcu.externaltools.gnu-tools-for-stm32.12.3.rel1.win32_1.0.200.202406191623/tools/bin/../lib/gcc/arm-none-eabi/12.3.1/../../../../arm-none-eabi/lib/thumb/v7e-m+fp/hard\libc_nano.a(libc_a-memcpy-stub.o)
                0x0800ab3e                memcpy
 *fill*         0x0800ab5a        0x2 
 .text._free_r  0x0800ab5c       0x94 C:/ST/STM32CubeIDE_1.15.1/STM32CubeIDE/plugins/com.st.stm32cube.ide.mcu.externaltools.gnu-tools-for-stm32.12.3.rel1.win32_1.0.200.202406191623/tools/bin/../lib/gcc/arm-none-eabi/12.3.1/../../../../arm-none-eabi/lib/thumb/v7e-m+fp/hard\libc_nano.a(libc_a-freer.o)
                0x0800ab5c                _free_r
 .text.sbrk_aligned
                0x0800abf0       0x44 C:/ST/STM32CubeIDE_1.15.1/STM32CubeIDE/plugins/com.st.stm32cube.ide.mcu.externaltools.gnu-tools-for-stm32.12.3.rel1.win32_1.0.200.202406191623/tools/bin/../lib/gcc/arm-none-eabi/12.3.1/../../../../arm-none-eabi/lib/thumb/v7e-m+fp/hard\libc_nano.a(libc_a-mallocr.o)
 .text._malloc_r
                0x0800ac34      0x100 C:/ST/STM32CubeIDE_1.15.1/STM32CubeIDE/plugins/com.st.stm32cube.ide.mcu.externaltools.gnu-tools-for-stm32.12.3.rel1.win32_1.0.200.202406191623/tools/bin/../lib/gcc/arm-none-eabi/12.3.1/../../../../arm-none-eabi/lib/thumb/v7e-m+fp/hard\libc_nano.a(libc_a-mallocr.o)
                0x0800ac34                _malloc_r
 .text.__malloc_lock
                0x0800ad34        0xc C:/ST/STM32CubeIDE_1.15.1/STM32CubeIDE/plugins/com.st.stm32cube.ide.mcu.externaltools.gnu-tools-for-stm32.12.3.rel1.win32_1.0.200.202406191623/tools/bin/../lib/gcc/arm-none-eabi/12.3.1/../../../../arm-none-eabi/lib/thumb/v7e-m+fp/hard\libc_nano.a(libc_a-mlock.o)
                0x0800ad34                __malloc_lock
 .text.__malloc_unlock
                0x0800ad40        0xc C:/ST/STM32CubeIDE_1.15.1/STM32CubeIDE/plugins/com.st.stm32cube.ide.mcu.externaltools.gnu-tools-for-stm32.12.3.rel1.win32_1.0.200.202406191623/tools/bin/../lib/gcc/arm-none-eabi/12.3.1/../../../../arm-none-eabi/lib/thumb/v7e-m+fp/hard\libc_nano.a(libc_a-mlock.o)
                0x0800ad40                __malloc_unlock
 .text.__ssputs_r
                0x0800ad4c       0xb6 C:/ST/STM32CubeIDE_1.15.1/STM32CubeIDE/plugins/com.st.stm32cube.ide.mcu.externaltools.gnu-tools-for-stm32.12.3.rel1.win32_1.0.200.202406191623/tools/bin/../lib/gcc/arm-none-eabi/12.3.1/../../../../arm-none-eabi/lib/thumb/v7e-m+fp/hard\libc_nano.a(libc_a-nano-svfprintf.o)
                0x0800ad4c                __ssputs_r
 *fill*         0x0800ae02        0x2 
 .text._svfprintf_r
                0x0800ae04      0x1f8 C:/ST/STM32CubeIDE_1.15.1/STM32CubeIDE/plugins/com.st.stm32cube.ide.mcu.externaltools.gnu-tools-for-stm32.12.3.rel1.win32_1.0.200.202406191623/tools/bin/../lib/gcc/arm-none-eabi/12.3.1/../../../../arm-none-eabi/lib/thumb/v7e-m+fp/hard\libc_nano.a(libc_a-nano-svfprintf.o)
                0x0800ae04                _svfiprintf_r
                0x0800ae04                _svfprintf_r
 .text.__sfputc_r
                0x0800affc       0x2e C:/ST/STM32CubeIDE_1.15.1/STM32CubeIDE/plugins/com.st.stm32cube.ide.mcu.externaltools.gnu-tools-for-stm32.12.3.rel1.win32_1.0.200.202406191623/tools/bin/../lib/gcc/arm-none-eabi/12.3.1/../../../../arm-none-eabi/lib/thumb/v7e-m+fp/hard\libc_nano.a(libc_a-nano-vfprintf.o)
 .text.__sfputs_r
                0x0800b02a       0x24 C:/ST/STM32CubeIDE_1.15.1/STM32CubeIDE/plugins/com.st.stm32cube.ide.mcu.externaltools.gnu-tools-for-stm32.12.3.rel1.win32_1.0.200.202406191623/tools/bin/../lib/gcc/arm-none-eabi/12.3.1/../../../../arm-none-eabi/lib/thumb/v7e-m+fp/hard\libc_nano.a(libc_a-nano-vfprintf.o)
                0x0800b02a                __sfputs_r
 *fill*         0x0800b04e        0x2 
 .text._vfprintf_r
                0x0800b050      0x230 C:/ST/STM32CubeIDE_1.15.1/STM32CubeIDE/plugins/com.st.stm32cube.ide.mcu.externaltools.gnu-tools-for-stm32.12.3.rel1.win32_1.0.200.202406191623/tools/bin/../lib/gcc/arm-none-eabi/12.3.1/../../../../arm-none-eabi/lib/thumb/v7e-m+fp/hard\libc_nano.a(libc_a-nano-vfprintf.o)
                0x0800b050                _vfprintf_r
                0x0800b050                _vfiprintf_r
 .text._printf_common
                0x0800b280       0xda C:/ST/STM32CubeIDE_1.15.1/STM32CubeIDE/plugins/com.st.stm32cube.ide.mcu.externaltools.gnu-tools-for-stm32.12.3.rel1.win32_1.0.200.202406191623/tools/bin/../lib/gcc/arm-none-eabi/12.3.1/../../../../arm-none-eabi/lib/thumb/v7e-m+fp/hard\libc_nano.a(libc_a-nano-vfprintf_i.o)
                0x0800b280                _printf_common
 *fill*         0x0800b35a        0x2 
 .text._printf_i
                0x0800b35c      0x240 C:/ST/STM32CubeIDE_1.15.1/STM32CubeIDE/plugins/com.st.stm32cube.ide.mcu.externaltools.gnu-tools-for-stm32.12.3.rel1.win32_1.0.200.202406191623/tools/bin/../lib/gcc/arm-none-eabi/12.3.1/../../../../arm-none-eabi/lib/thumb/v7e-m+fp/hard\libc_nano.a(libc_a-nano-vfprintf_i.o)
                0x0800b35c                _printf_i
 .text.__sflush_r
                0x0800b59c      0x108 C:/ST/STM32CubeIDE_1.15.1/STM32CubeIDE/plugins/com.st.stm32cube.ide.mcu.externaltools.gnu-tools-for-stm32.12.3.rel1.win32_1.0.200.202406191623/tools/bin/../lib/gcc/arm-none-eabi/12.3.1/../../../../arm-none-eabi/lib/thumb/v7e-m+fp/hard\libc_nano.a(libc_a-fflush.o)
                0x0800b59c                __sflush_r
 .text._fflush_r
                0x0800b6a4       0x50 C:/ST/STM32CubeIDE_1.15.1/STM32CubeIDE/plugins/com.st.stm32cube.ide.mcu.externaltools.gnu-tools-for-stm32.12.3.rel1.win32_1.0.200.202406191623/tools/bin/../lib/gcc/arm-none-eabi/12.3.1/../../../../arm-none-eabi/lib/thumb/v7e-m+fp/hard\libc_nano.a(libc_a-fflush.o)
                0x0800b6a4                _fflush_r
 .text.__swbuf_r
                0x0800b6f4       0x7c C:/ST/STM32CubeIDE_1.15.1/STM32CubeIDE/plugins/com.st.stm32cube.ide.mcu.externaltools.gnu-tools-for-stm32.12.3.rel1.win32_1.0.200.202406191623/tools/bin/../lib/gcc/arm-none-eabi/12.3.1/../../../../arm-none-eabi/lib/thumb/v7e-m+fp/hard\libc_nano.a(libc_a-wbuf.o)
                0x0800b6f4                __swbuf_r
 .text.__swsetup_r
                0x0800b770       0xac C:/ST/STM32CubeIDE_1.15.1/STM32CubeIDE/plugins/com.st.stm32cube.ide.mcu.externaltools.gnu-tools-for-stm32.12.3.rel1.win32_1.0.200.202406191623/tools/bin/../lib/gcc/arm-none-eabi/12.3.1/../../../../arm-none-eabi/lib/thumb/v7e-m+fp/hard\libc_nano.a(libc_a-wsetup.o)
                0x0800b770                __swsetup_r
 .text.memmove  0x0800b81c       0x34 C:/ST/STM32CubeIDE_1.15.1/STM32CubeIDE/plugins/com.st.stm32cube.ide.mcu.externaltools.gnu-tools-for-stm32.12.3.rel1.win32_1.0.200.202406191623/tools/bin/../lib/gcc/arm-none-eabi/12.3.1/../../../../arm-none-eabi/lib/thumb/v7e-m+fp/hard\libc_nano.a(libc_a-memmove.o)
                0x0800b81c                memmove
 .text._sbrk_r  0x0800b850       0x20 C:/ST/STM32CubeIDE_1.15.1/STM32CubeIDE/plugins/com.st.stm32cube.ide.mcu.externaltools.gnu-tools-for-stm32.12.3.rel1.win32_1.0.200.202406191623/tools/bin/../lib/gcc/arm-none-eabi/12.3.1/../../../../arm-none-eabi/lib/thumb/v7e-m+fp/hard\libc_nano.a(libc_a-sbrkr.o)
                0x0800b850                _sbrk_r
 .text._realloc_r
                0x0800b870       0x5c C:/ST/STM32CubeIDE_1.15.1/STM32CubeIDE/plugins/com.st.stm32cube.ide.mcu.externaltools.gnu-tools-for-stm32.12.3.rel1.win32_1.0.200.202406191623/tools/bin/../lib/gcc/arm-none-eabi/12.3.1/../../../../arm-none-eabi/lib/thumb/v7e-m+fp/hard\libc_nano.a(libc_a-reallocr.o)
                0x0800b870                _realloc_r
 .text.__swhatbuf_r
                0x0800b8cc       0x4c C:/ST/STM32CubeIDE_1.15.1/STM32CubeIDE/plugins/com.st.stm32cube.ide.mcu.externaltools.gnu-tools-for-stm32.12.3.rel1.win32_1.0.200.202406191623/tools/bin/../lib/gcc/arm-none-eabi/12.3.1/../../../../arm-none-eabi/lib/thumb/v7e-m+fp/hard\libc_nano.a(libc_a-makebuf.o)
                0x0800b8cc                __swhatbuf_r
 .text.__smakebuf_r
                0x0800b918       0x78 C:/ST/STM32CubeIDE_1.15.1/STM32CubeIDE/plugins/com.st.stm32cube.ide.mcu.externaltools.gnu-tools-for-stm32.12.3.rel1.win32_1.0.200.202406191623/tools/bin/../lib/gcc/arm-none-eabi/12.3.1/../../../../arm-none-eabi/lib/thumb/v7e-m+fp/hard\libc_nano.a(libc_a-makebuf.o)
                0x0800b918                __smakebuf_r
 .text._fstat_r
                0x0800b990       0x24 C:/ST/STM32CubeIDE_1.15.1/STM32CubeIDE/plugins/com.st.stm32cube.ide.mcu.externaltools.gnu-tools-for-stm32.12.3.rel1.win32_1.0.200.202406191623/tools/bin/../lib/gcc/arm-none-eabi/12.3.1/../../../../arm-none-eabi/lib/thumb/v7e-m+fp/hard\libc_nano.a(libc_a-fstatr.o)
                0x0800b990                _fstat_r
 .text._isatty_r
                0x0800b9b4       0x20 C:/ST/STM32CubeIDE_1.15.1/STM32CubeIDE/plugins/com.st.stm32cube.ide.mcu.externaltools.gnu-tools-for-stm32.12.3.rel1.win32_1.0.200.202406191623/tools/bin/../lib/gcc/arm-none-eabi/12.3.1/../../../../arm-none-eabi/lib/thumb/v7e-m+fp/hard\libc_nano.a(libc_a-isattyr.o)
                0x0800b9b4                _isatty_r
 .text._malloc_usable_size_r
                0x0800b9d4       0x10 C:/ST/STM32CubeIDE_1.15.1/STM32CubeIDE/plugins/com.st.stm32cube.ide.mcu.externaltools.gnu-tools-for-stm32.12.3.rel1.win32_1.0.200.202406191623/tools/bin/../lib/gcc/arm-none-eabi/12.3.1/../../../../arm-none-eabi/lib/thumb/v7e-m+fp/hard\libc_nano.a(libc_a-msizer.o)
                0x0800b9d4                _malloc_usable_size_r
 *(.glue_7)
 .glue_7        0x0800b9e4        0x0 linker stubs
 *(.glue_7t)
 .glue_7t       0x0800b9e4        0x0 linker stubs
 *(.eh_frame)
 .eh_frame      0x0800b9e4        0x0 C:/ST/STM32CubeIDE_1.15.1/STM32CubeIDE/plugins/com.st.stm32cube.ide.mcu.externaltools.gnu-tools-for-stm32.12.3.rel1.win32_1.0.200.202406191623/tools/bin/../lib/gcc/arm-none-eabi/12.3.1/thumb/v7e-m+fp/hard/crtbegin.o
 *(.init)
 .init          0x0800b9e4        0x4 C:/ST/STM32CubeIDE_1.15.1/STM32CubeIDE/plugins/com.st.stm32cube.ide.mcu.externaltools.gnu-tools-for-stm32.12.3.rel1.win32_1.0.200.202406191623/tools/bin/../lib/gcc/arm-none-eabi/12.3.1/thumb/v7e-m+fp/hard/crti.o
                0x0800b9e4                _init
 .init          0x0800b9e8        0x8 C:/ST/STM32CubeIDE_1.15.1/STM32CubeIDE/plugins/com.st.stm32cube.ide.mcu.externaltools.gnu-tools-for-stm32.12.3.rel1.win32_1.0.200.202406191623/tools/bin/../lib/gcc/arm-none-eabi/12.3.1/thumb/v7e-m+fp/hard/crtn.o
 *(.fini)
 .fini          0x0800b9f0        0x4 C:/ST/STM32CubeIDE_1.15.1/STM32CubeIDE/plugins/com.st.stm32cube.ide.mcu.externaltools.gnu-tools-for-stm32.12.3.rel1.win32_1.0.200.202406191623/tools/bin/../lib/gcc/arm-none-eabi/12.3.1/thumb/v7e-m+fp/hard/crti.o
                0x0800b9f0                _fini
 .fini          0x0800b9f4        0x8 C:/ST/STM32CubeIDE_1.15.1/STM32CubeIDE/plugins/com.st.stm32cube.ide.mcu.externaltools.gnu-tools-for-stm32.12.3.rel1.win32_1.0.200.202406191623/tools/bin/../lib/gcc/arm-none-eabi/12.3.1/thumb/v7e-m+fp/hard/crtn.o
                0x0800b9fc                        . = ALIGN (0x4)
                0x0800b9fc                        _etext = .

.vfp11_veneer   0x0800b9fc        0x0
 .vfp11_veneer  0x0800b9fc        0x0 linker stubs

.v4_bx          0x0800b9fc        0x0
 .v4_bx         0x0800b9fc        0x0 linker stubs

.iplt           0x0800b9fc        0x0
 .iplt          0x0800b9fc        0x0 C:/ST/STM32CubeIDE_1.15.1/STM32CubeIDE/plugins/com.st.stm32cube.ide.mcu.externaltools.gnu-tools-for-stm32.12.3.rel1.win32_1.0.200.202406191623/tools/bin/../lib/gcc/arm-none-eabi/12.3.1/thumb/v7e-m+fp/hard/crtbegin.o

.rodata         0x0800b9fc     0x6ce4
                0x0800b9fc                        . = ALIGN (0x4)
 *(.rodata)
 .rodata        0x0800b9fc       0x18 ./Drivers/BSP/STM32746G_DISCOVERY/stm32746g_discovery.o
                0x0800b9fc                BUTTON_PIN
                0x0800ba02                BUTTON_IRQn
                0x0800ba08                COM_RX_AF
                0x0800ba0a                COM_TX_AF
                0x0800ba0c                COM_RX_PIN
                0x0800ba0e                COM_TX_PIN
                0x0800ba10                GPIO_PIN
 .rodata        0x0800ba14     0x3cdc ./Drivers/BSP/STM32746G_DISCOVERY/stm32746g_discovery_lcd.o