C:/Users/jyepi/OneDrive/Desktop/Mixer Project/STMCube/BSP/Drivers/STM32F7xx_HAL_Driver/Src/stm32f7xx_hal_sram.c:261:13:HAL_SRAM_MspInit	0	static
C:/Users/jyepi/OneDrive/Desktop/Mixer Project/STMCube/BSP/Drivers/STM32F7xx_HAL_Driver/Src/stm32f7xx_hal_sram.c:173:19:HAL_SRAM_Init	16	static
C:/Users/jyepi/OneDrive/Desktop/Mixer Project/STMCube/BSP/Drivers/STM32F7xx_HAL_Driver/Src/stm32f7xx_hal_sram.c:277:13:HAL_SRAM_MspDeInit	0	static
C:/Users/jyepi/OneDrive/Desktop/Mixer Project/STMCube/BSP/Drivers/STM32F7xx_HAL_Driver/Src/stm32f7xx_hal_sram.c:228:19:HAL_SRAM_DeInit	8	static
C:/Users/jyepi/OneDrive/Desktop/Mixer Project/STMCube/BSP/Drivers/STM32F7xx_HAL_Driver/Src/stm32f7xx_hal_sram.c:293:13:HAL_SRAM_DMA_XferCpltCallback	0	static
C:/Users/jyepi/OneDrive/Desktop/Mixer Project/STMCube/BSP/Drivers/STM32F7xx_HAL_Driver/Src/stm32f7xx_hal_sram.c:1060:13:SRAM_DMACpltProt	8	static
C:/Users/jyepi/OneDrive/Desktop/Mixer Project/STMCube/BSP/Drivers/STM32F7xx_HAL_Driver/Src/stm32f7xx_hal_sram.c:1038:13:SRAM_DMACplt	8	static
C:/Users/jyepi/OneDrive/Desktop/Mixer Project/STMCube/BSP/Drivers/STM32F7xx_HAL_Driver/Src/stm32f7xx_hal_sram.c:309:13:HAL_SRAM_DMA_XferErrorCallback	0	static
C:/Users/jyepi/OneDrive/Desktop/Mixer Project/STMCube/BSP/Drivers/STM32F7xx_HAL_Driver/Src/stm32f7xx_hal_sram.c:1082:13:SRAM_DMAError	8	static
C:/Users/jyepi/OneDrive/Desktop/Mixer Project/STMCube/BSP/Drivers/STM32F7xx_HAL_Driver/Src/stm32f7xx_hal_sram.c:346:19:HAL_SRAM_Read_8b	16	static
C:/Users/jyepi/OneDrive/Desktop/Mixer Project/STMCube/BSP/Drivers/STM32F7xx_HAL_Driver/Src/stm32f7xx_hal_sram.c:394:19:HAL_SRAM_Write_8b	12	static
C:/Users/jyepi/OneDrive/Desktop/Mixer Project/STMCube/BSP/Drivers/STM32F7xx_HAL_Driver/Src/stm32f7xx_hal_sram.c:441:19:HAL_SRAM_Read_16b	16	static
C:/Users/jyepi/OneDrive/Desktop/Mixer Project/STMCube/BSP/Drivers/STM32F7xx_HAL_Driver/Src/stm32f7xx_hal_sram.c:501:19:HAL_SRAM_Write_16b	16	static
C:/Users/jyepi/OneDrive/Desktop/Mixer Project/STMCube/BSP/Drivers/STM32F7xx_HAL_Driver/Src/stm32f7xx_hal_sram.c:560:19:HAL_SRAM_Read_32b	12	static
C:/Users/jyepi/OneDrive/Desktop/Mixer Project/STMCube/BSP/Drivers/STM32F7xx_HAL_Driver/Src/stm32f7xx_hal_sram.c:608:19:HAL_SRAM_Write_32b	8	static
C:/Users/jyepi/OneDrive/Desktop/Mixer Project/STMCube/BSP/Drivers/STM32F7xx_HAL_Driver/Src/stm32f7xx_hal_sram.c:655:19:HAL_SRAM_Read_DMA	24	static
C:/Users/jyepi/OneDrive/Desktop/Mixer Project/STMCube/BSP/Drivers/STM32F7xx_HAL_Driver/Src/stm32f7xx_hal_sram.c:704:19:HAL_SRAM_Write_DMA	16	static
C:/Users/jyepi/OneDrive/Desktop/Mixer Project/STMCube/BSP/Drivers/STM32F7xx_HAL_Driver/Src/stm32f7xx_hal_sram.c:929:19:HAL_SRAM_WriteOperation_Enable	16	static
C:/Users/jyepi/OneDrive/Desktop/Mixer Project/STMCube/BSP/Drivers/STM32F7xx_HAL_Driver/Src/stm32f7xx_hal_sram.c:963:19:HAL_SRAM_WriteOperation_Disable	8	static
C:/Users/jyepi/OneDrive/Desktop/Mixer Project/STMCube/BSP/Drivers/STM32F7xx_HAL_Driver/Src/stm32f7xx_hal_sram.c:1016:23:HAL_SRAM_GetState	0	static
