C:/Users/jyepi/OneDrive/Desktop/Mixer Project/STMCube/BSP/Drivers/STM32F7xx_HAL_Driver/Src/stm32f7xx_hal_nor.c:375:13:HAL_NOR_MspInit	0	static
C:/Users/jyepi/OneDrive/Desktop/Mixer Project/STMCube/BSP/Drivers/STM32F7xx_HAL_Driver/Src/stm32f7xx_hal_nor.c:391:13:HAL_NOR_MspDeInit	0	static
C:/Users/jyepi/OneDrive/Desktop/Mixer Project/STMCube/BSP/Drivers/STM32F7xx_HAL_Driver/Src/stm32f7xx_hal_nor.c:342:19:HAL_NOR_DeInit	8	static
C:/Users/jyepi/OneDrive/Desktop/Mixer Project/STMCube/BSP/Drivers/STM32F7xx_HAL_Driver/Src/stm32f7xx_hal_nor.c:408:13:HAL_NOR_MspWait	0	static
C:/Users/jyepi/OneDrive/Desktop/Mixer Project/STMCube/BSP/Drivers/STM32F7xx_HAL_Driver/Src/stm32f7xx_hal_nor.c:444:19:HAL_NOR_Read_ID	16	static,ignoring_inline_asm
C:/Users/jyepi/OneDrive/Desktop/Mixer Project/STMCube/BSP/Drivers/STM32F7xx_HAL_Driver/Src/stm32f7xx_hal_nor.c:548:19:HAL_NOR_ReturnToReadMode	0	static,ignoring_inline_asm
C:/Users/jyepi/OneDrive/Desktop/Mixer Project/STMCube/BSP/Drivers/STM32F7xx_HAL_Driver/Src/stm32f7xx_hal_nor.c:233:19:HAL_NOR_Init	16	static,ignoring_inline_asm
C:/Users/jyepi/OneDrive/Desktop/Mixer Project/STMCube/BSP/Drivers/STM32F7xx_HAL_Driver/Src/stm32f7xx_hal_nor.c:626:19:HAL_NOR_Read	20	static,ignoring_inline_asm
C:/Users/jyepi/OneDrive/Desktop/Mixer Project/STMCube/BSP/Drivers/STM32F7xx_HAL_Driver/Src/stm32f7xx_hal_nor.c:726:19:HAL_NOR_Program	20	static,ignoring_inline_asm
C:/Users/jyepi/OneDrive/Desktop/Mixer Project/STMCube/BSP/Drivers/STM32F7xx_HAL_Driver/Src/stm32f7xx_hal_nor.c:820:19:HAL_NOR_ReadBuffer	20	static,ignoring_inline_asm
C:/Users/jyepi/OneDrive/Desktop/Mixer Project/STMCube/BSP/Drivers/STM32F7xx_HAL_Driver/Src/stm32f7xx_hal_nor.c:931:19:HAL_NOR_ProgramBuffer	20	static,ignoring_inline_asm
C:/Users/jyepi/OneDrive/Desktop/Mixer Project/STMCube/BSP/Drivers/STM32F7xx_HAL_Driver/Src/stm32f7xx_hal_nor.c:1051:19:HAL_NOR_Erase_Block	20	static,ignoring_inline_asm
C:/Users/jyepi/OneDrive/Desktop/Mixer Project/STMCube/BSP/Drivers/STM32F7xx_HAL_Driver/Src/stm32f7xx_hal_nor.c:1147:19:HAL_NOR_Erase_Chip	12	static,ignoring_inline_asm
C:/Users/jyepi/OneDrive/Desktop/Mixer Project/STMCube/BSP/Drivers/STM32F7xx_HAL_Driver/Src/stm32f7xx_hal_nor.c:1237:19:HAL_NOR_Read_CFI	12	static,ignoring_inline_asm
C:/Users/jyepi/OneDrive/Desktop/Mixer Project/STMCube/BSP/Drivers/STM32F7xx_HAL_Driver/Src/stm32f7xx_hal_nor.c:1424:19:HAL_NOR_WriteOperation_Enable	16	static
C:/Users/jyepi/OneDrive/Desktop/Mixer Project/STMCube/BSP/Drivers/STM32F7xx_HAL_Driver/Src/stm32f7xx_hal_nor.c:1458:19:HAL_NOR_WriteOperation_Disable	8	static
C:/Users/jyepi/OneDrive/Desktop/Mixer Project/STMCube/BSP/Drivers/STM32F7xx_HAL_Driver/Src/stm32f7xx_hal_nor.c:1511:22:HAL_NOR_GetState	0	static
C:/Users/jyepi/OneDrive/Desktop/Mixer Project/STMCube/BSP/Drivers/STM32F7xx_HAL_Driver/Src/stm32f7xx_hal_nor.c:1525:23:HAL_NOR_GetStatus	24	static,ignoring_inline_asm
