../Core/Src/main.c:157:6:HAL_SAI_RxHalfCpltCallback	16	static
../Core/Src/main.c:164:6:HAL_SAI_RxCpltCallback	16	static
../Core/Src/main.c:171:6:processData	16	static
../Core/Src/main.c:213:5:main	48	static
../Core/Src/main.c:318:6:SystemClock_Config	88	static
../Core/Src/main.c:375:6:PeriphCommonClock_Config	144	static
../Core/Src/main.c:403:13:MX_ADC3_Init	24	static
../Core/Src/main.c:455:13:MX_CRC_Init	8	static
../Core/Src/main.c:486:13:MX_DCMI_Init	8	static
../Core/Src/main.c:523:13:MX_DMA2D_Init	8	static
../Core/Src/main.c:560:13:MX_ETH_Init	8	static
../Core/Src/main.c:609:13:MX_I2C1_Init	8	static
../Core/Src/main.c:657:13:MX_I2C3_Init	8	static
../Core/Src/main.c:705:13:MX_LTDC_Init	64	static
../Core/Src/main.c:767:13:MX_QUADSPI_Init	8	static
../Core/Src/main.c:802:13:MX_RTC_Init	72	static
../Core/Src/main.c:898:13:MX_SAI2_Init	8	static
../Core/Src/main.c:972:13:MX_SDMMC1_SD_Init	4	static
../Core/Src/main.c:1000:13:MX_SPDIFRX_Init	8	static
../Core/Src/main.c:1036:13:MX_SPI2_Init	8	static
../Core/Src/main.c:1076:13:MX_TIM1_Init	112	static
../Core/Src/main.c:1156:13:MX_TIM2_Init	64	static
../Core/Src/main.c:1215:13:MX_TIM3_Init	64	static
../Core/Src/main.c:1274:13:MX_TIM5_Init	64	static
../Core/Src/main.c:1333:13:MX_TIM8_Init	40	static
../Core/Src/main.c:1380:13:MX_TIM12_Init	40	static
../Core/Src/main.c:1422:13:MX_USART1_UART_Init	8	static
../Core/Src/main.c:1457:13:MX_USART6_UART_Init	8	static
../Core/Src/main.c:1490:13:MX_DMA_Init	16	static
../Core/Src/main.c:1507:13:MX_FMC_Init	40	static
../Core/Src/main.c:1558:13:MX_GPIO_Init	72	static
../Core/Src/main.c:1727:6:StartDefaultTask	16	static
../Core/Src/main.c:1748:6:HAL_TIM_PeriodElapsedCallback	16	static
../Core/Src/main.c:1765:6:Error_Handler	4	static,ignoring_inline_asm
