C:/Users/jyepi/OneDrive/Desktop/Mixer Project/STMCube/STemWin/Drivers/BSP/STM32746G-Discovery/stm32746g_discovery_qspi.c:830:16:QSPI_AutoPollingMemReady.constprop	88	static
C:/Users/jyepi/OneDrive/Desktop/Mixer Project/STMCube/STemWin/Drivers/BSP/STM32746G-Discovery/stm32746g_discovery_qspi.c:779:16:QSPI_WriteEnable.constprop	88	static
C:/Users/jyepi/OneDrive/Desktop/Mixer Project/STMCube/STemWin/Drivers/BSP/STM32746G-Discovery/stm32746g_discovery_qspi.c:187:9:BSP_QSPI_Read	72	static
C:/Users/jyepi/OneDrive/Desktop/Mixer Project/STMCube/STemWin/Drivers/BSP/STM32746G-Discovery/stm32746g_discovery_qspi.c:241:9:BSP_QSPI_Write	80	static
C:/Users/jyepi/OneDrive/Desktop/Mixer Project/STMCube/STemWin/Drivers/BSP/STM32746G-Discovery/stm32746g_discovery_qspi.c:328:9:BSP_QSPI_Erase_Block	64	static
C:/Users/jyepi/OneDrive/Desktop/Mixer Project/STMCube/STemWin/Drivers/BSP/STM32746G-Discovery/stm32746g_discovery_qspi.c:381:9:BSP_QSPI_Erase_Chip	64	static
C:/Users/jyepi/OneDrive/Desktop/Mixer Project/STMCube/STemWin/Drivers/BSP/STM32746G-Discovery/stm32746g_discovery_qspi.c:432:9:BSP_QSPI_GetStatus	72	static
C:/Users/jyepi/OneDrive/Desktop/Mixer Project/STMCube/STemWin/Drivers/BSP/STM32746G-Discovery/stm32746g_discovery_qspi.c:505:9:BSP_QSPI_GetInfo	0	static
C:/Users/jyepi/OneDrive/Desktop/Mixer Project/STMCube/STemWin/Drivers/BSP/STM32746G-Discovery/stm32746g_discovery_qspi.c:529:9:BSP_QSPI_EnableMemoryMappedMode	72	static
C:/Users/jyepi/OneDrive/Desktop/Mixer Project/STMCube/STemWin/Drivers/BSP/STM32746G-Discovery/stm32746g_discovery_qspi.c:582:13:BSP_QSPI_MspInit	72	static
C:/Users/jyepi/OneDrive/Desktop/Mixer Project/STMCube/STemWin/Drivers/BSP/STM32746G-Discovery/stm32746g_discovery_qspi.c:112:9:BSP_QSPI_Init	88	static,ignoring_inline_asm
C:/Users/jyepi/OneDrive/Desktop/Mixer Project/STMCube/STemWin/Drivers/BSP/STM32746G-Discovery/stm32746g_discovery_qspi.c:648:13:BSP_QSPI_MspDeInit	8	static
C:/Users/jyepi/OneDrive/Desktop/Mixer Project/STMCube/STemWin/Drivers/BSP/STM32746G-Discovery/stm32746g_discovery_qspi.c:164:9:BSP_QSPI_DeInit	16	static
