C:/Users/jyepi/OneDrive/Desktop/Mixer Project/STMCube/STemWin/Gui/Target/LCDConf.c:590:13:DMA2D_CopyBuffer	12	static
C:/Users/jyepi/OneDrive/Desktop/Mixer Project/STMCube/STemWin/Gui/Target/LCDConf.c:664:12:GetBufferSize	0	static
C:/Users/jyepi/OneDrive/Desktop/Mixer Project/STMCube/STemWin/Gui/Target/LCDConf.c:679:13:LCD_LL_CopyBuffer	40	static
C:/Users/jyepi/OneDrive/Desktop/Mixer Project/STMCube/STemWin/Gui/Target/LCDConf.c:700:13:LCD_LL_CopyRect	28	static
C:/Users/jyepi/OneDrive/Desktop/Mixer Project/STMCube/STemWin/Gui/Target/LCDConf.c:751:13:LCD_LL_DrawBitmap32bpp	32	static
C:/Users/jyepi/OneDrive/Desktop/Mixer Project/STMCube/STemWin/Gui/Target/LCDConf.c:719:13:LCD_LL_FillRect	32	static
C:/Users/jyepi/OneDrive/Desktop/Mixer Project/STMCube/STemWin/Gui/Target/LCDConf.c:180:6:HAL_LTDC_MspInit	80	static
C:/Users/jyepi/OneDrive/Desktop/Mixer Project/STMCube/STemWin/Gui/Target/LCDConf.c:270:6:HAL_LTDC_MspDeInit	0	static
C:/Users/jyepi/OneDrive/Desktop/Mixer Project/STMCube/STemWin/Gui/Target/LCDConf.c:286:6:HAL_LTDC_LineEventCallback	32	static
C:/Users/jyepi/OneDrive/Desktop/Mixer Project/STMCube/STemWin/Gui/Target/LCDConf.c:322:6:LCD_X_Config	40	static
C:/Users/jyepi/OneDrive/Desktop/Mixer Project/STMCube/STemWin/Gui/Target/LCDConf.c:407:5:LCD_X_DisplayDriver	72	static
