C:/Users/jyepi/OneDrive/Desktop/Mixer Project/STMCube/STemWin/Middlewares/ST/STM32_USB_Host_Library/Core/Src/usbh_pipes.c:84:20:USBH_OpenPipe	24	static
C:/Users/jyepi/OneDrive/Desktop/Mixer Project/STMCube/STemWin/Middlewares/ST/STM32_USB_Host_Library/Core/Src/usbh_pipes.c:101:20:USBH_ClosePipe	8	static
C:/Users/jyepi/OneDrive/Desktop/Mixer Project/STMCube/STemWin/Middlewares/ST/STM32_USB_Host_Library/Core/Src/usbh_pipes.c:116:9:USBH_AllocPipe	8	static
C:/Users/jyepi/OneDrive/Desktop/Mixer Project/STMCube/STemWin/Middlewares/ST/STM32_USB_Host_Library/Core/Src/usbh_pipes.c:138:20:USBH_FreePipe	0	static
