C:/Users/jyepi/OneDrive/Desktop/Mixer Project/STMCube/STemWin/Modules/audio_player/audio_player_app.c:498:13:AUDIO_Error_CallBack	0	static
C:/Users/jyepi/OneDrive/Desktop/Mixer Project/STMCube/STemWin/Modules/audio_player/audio_player_app.c:508:13:Audio_Thread	24	static
C:/Users/jyepi/OneDrive/Desktop/Mixer Project/STMCube/STemWin/Modules/audio_player/audio_player_app.c:484:13:AUDIO_HalfTransfer_CallBack	8	static
C:/Users/jyepi/OneDrive/Desktop/Mixer Project/STMCube/STemWin/Modules/audio_player/audio_player_app.c:470:13:AUDIO_TransferComplete_CallBack	8	static
C:/Users/jyepi/OneDrive/Desktop/Mixer Project/STMCube/STemWin/Modules/audio_player/audio_player_app.c:71:26:AUDIOPLAYER_Init	56	static
C:/Users/jyepi/OneDrive/Desktop/Mixer Project/STMCube/STemWin/Modules/audio_player/audio_player_app.c:201:26:AUDIOPLAYER_GetState	0	static
C:/Users/jyepi/OneDrive/Desktop/Mixer Project/STMCube/STemWin/Modules/audio_player/audio_player_app.c:211:11:AUDIOPLAYER_GetVolume	0	static
C:/Users/jyepi/OneDrive/Desktop/Mixer Project/STMCube/STemWin/Modules/audio_player/audio_player_app.c:222:26:AUDIOPLAYER_SetVolume	8	static
C:/Users/jyepi/OneDrive/Desktop/Mixer Project/STMCube/STemWin/Modules/audio_player/audio_player_app.c:240:26:AUDIOPLAYER_Play	32	static
C:/Users/jyepi/OneDrive/Desktop/Mixer Project/STMCube/STemWin/Modules/audio_player/audio_player_app.c:300:26:AUDIOPLAYER_DeInit	152	static
C:/Users/jyepi/OneDrive/Desktop/Mixer Project/STMCube/STemWin/Modules/audio_player/audio_player_app.c:337:26:AUDIOPLAYER_Stop	8	static
C:/Users/jyepi/OneDrive/Desktop/Mixer Project/STMCube/STemWin/Modules/audio_player/audio_player_app.c:269:26:AUDIOPLAYER_Process	8	static
C:/Users/jyepi/OneDrive/Desktop/Mixer Project/STMCube/STemWin/Modules/audio_player/audio_player_app.c:358:26:AUDIOPLAYER_Pause	8	static
C:/Users/jyepi/OneDrive/Desktop/Mixer Project/STMCube/STemWin/Modules/audio_player/audio_player_app.c:374:26:AUDIOPLAYER_Resume	8	static
C:/Users/jyepi/OneDrive/Desktop/Mixer Project/STMCube/STemWin/Modules/audio_player/audio_player_app.c:388:26:AUDIOPLAYER_SetPosition	8	static
C:/Users/jyepi/OneDrive/Desktop/Mixer Project/STMCube/STemWin/Modules/audio_player/audio_player_app.c:405:26:AUDIOPLAYER_Mute	8	static
C:/Users/jyepi/OneDrive/Desktop/Mixer Project/STMCube/STemWin/Modules/audio_player/audio_player_app.c:418:26:AUDIOPLAYER_GetFileInfo	576	static
C:/Users/jyepi/OneDrive/Desktop/Mixer Project/STMCube/STemWin/Modules/audio_player/audio_player_app.c:444:26:AUDIOPLAYER_SelectFile	8	static
C:/Users/jyepi/OneDrive/Desktop/Mixer Project/STMCube/STemWin/Modules/audio_player/audio_player_app.c:460:10:AUDIOPLAYER_GetProgress	0	static
