C:/Users/jyepi/OneDrive/Desktop/Mixer Project/STMCube/BSP/Drivers/BSP/STM32746G-Discovery/stm32746g_discovery_audio.c:755:13:SAIx_Out_DeInit	0	static
C:/Users/jyepi/OneDrive/Desktop/Mixer Project/STMCube/BSP/Drivers/BSP/STM32746G-Discovery/stm32746g_discovery_audio.c:1337:13:SAIx_In_DeInit	0	static
C:/Users/jyepi/OneDrive/Desktop/Mixer Project/STMCube/BSP/Drivers/BSP/STM32746G-Discovery/stm32746g_discovery_audio.c:1232:13:SAIx_In_Init	48	static
C:/Users/jyepi/OneDrive/Desktop/Mixer Project/STMCube/BSP/Drivers/BSP/STM32746G-Discovery/stm32746g_discovery_audio.c:217:9:BSP_AUDIO_OUT_Play	16	static
C:/Users/jyepi/OneDrive/Desktop/Mixer Project/STMCube/BSP/Drivers/BSP/STM32746G-Discovery/stm32746g_discovery_audio.c:239:6:BSP_AUDIO_OUT_ChangeBuffer	0	static
C:/Users/jyepi/OneDrive/Desktop/Mixer Project/STMCube/BSP/Drivers/BSP/STM32746G-Discovery/stm32746g_discovery_audio.c:252:9:BSP_AUDIO_OUT_Pause	16	static
C:/Users/jyepi/OneDrive/Desktop/Mixer Project/STMCube/BSP/Drivers/BSP/STM32746G-Discovery/stm32746g_discovery_audio.c:276:9:BSP_AUDIO_OUT_Resume	16	static
C:/Users/jyepi/OneDrive/Desktop/Mixer Project/STMCube/BSP/Drivers/BSP/STM32746G-Discovery/stm32746g_discovery_audio.c:302:9:BSP_AUDIO_OUT_Stop	16	static
C:/Users/jyepi/OneDrive/Desktop/Mixer Project/STMCube/BSP/Drivers/BSP/STM32746G-Discovery/stm32746g_discovery_audio.c:330:9:BSP_AUDIO_OUT_SetVolume	8	static
C:/Users/jyepi/OneDrive/Desktop/Mixer Project/STMCube/BSP/Drivers/BSP/STM32746G-Discovery/stm32746g_discovery_audio.c:350:9:BSP_AUDIO_OUT_SetMute	8	static
C:/Users/jyepi/OneDrive/Desktop/Mixer Project/STMCube/BSP/Drivers/BSP/STM32746G-Discovery/stm32746g_discovery_audio.c:371:9:BSP_AUDIO_OUT_SetOutputMode	8	static
C:/Users/jyepi/OneDrive/Desktop/Mixer Project/STMCube/BSP/Drivers/BSP/STM32746G-Discovery/stm32746g_discovery_audio.c:419:6:BSP_AUDIO_OUT_SetAudioFrameSlot	8	static
C:/Users/jyepi/OneDrive/Desktop/Mixer Project/STMCube/BSP/Drivers/BSP/STM32746G-Discovery/stm32746g_discovery_audio.c:496:13:BSP_AUDIO_OUT_TransferComplete_CallBack	0	static
C:/Users/jyepi/OneDrive/Desktop/Mixer Project/STMCube/BSP/Drivers/BSP/STM32746G-Discovery/stm32746g_discovery_audio.c:448:6:HAL_SAI_TxCpltCallback	8	static
C:/Users/jyepi/OneDrive/Desktop/Mixer Project/STMCube/BSP/Drivers/BSP/STM32746G-Discovery/stm32746g_discovery_audio.c:504:13:BSP_AUDIO_OUT_HalfTransfer_CallBack	0	static
C:/Users/jyepi/OneDrive/Desktop/Mixer Project/STMCube/BSP/Drivers/BSP/STM32746G-Discovery/stm32746g_discovery_audio.c:460:6:HAL_SAI_TxHalfCpltCallback	8	static
C:/Users/jyepi/OneDrive/Desktop/Mixer Project/STMCube/BSP/Drivers/BSP/STM32746G-Discovery/stm32746g_discovery_audio.c:512:13:BSP_AUDIO_OUT_Error_CallBack	0	static
C:/Users/jyepi/OneDrive/Desktop/Mixer Project/STMCube/BSP/Drivers/BSP/STM32746G-Discovery/stm32746g_discovery_audio.c:522:13:BSP_AUDIO_OUT_MspInit	72	static
C:/Users/jyepi/OneDrive/Desktop/Mixer Project/STMCube/BSP/Drivers/BSP/STM32746G-Discovery/stm32746g_discovery_audio.c:605:13:BSP_AUDIO_OUT_MspDeInit	8	static
C:/Users/jyepi/OneDrive/Desktop/Mixer Project/STMCube/BSP/Drivers/BSP/STM32746G-Discovery/stm32746g_discovery_audio.c:436:6:BSP_AUDIO_OUT_DeInit	8	static
C:/Users/jyepi/OneDrive/Desktop/Mixer Project/STMCube/BSP/Drivers/BSP/STM32746G-Discovery/stm32746g_discovery_audio.c:650:13:BSP_AUDIO_OUT_ClockConfig	144	static
C:/Users/jyepi/OneDrive/Desktop/Mixer Project/STMCube/BSP/Drivers/BSP/STM32746G-Discovery/stm32746g_discovery_audio.c:164:9:BSP_AUDIO_OUT_Init	32	static
C:/Users/jyepi/OneDrive/Desktop/Mixer Project/STMCube/BSP/Drivers/BSP/STM32746G-Discovery/stm32746g_discovery_audio.c:392:6:BSP_AUDIO_OUT_SetFrequency	16	static
C:/Users/jyepi/OneDrive/Desktop/Mixer Project/STMCube/BSP/Drivers/BSP/STM32746G-Discovery/stm32746g_discovery_audio.c:956:10:BSP_AUDIO_IN_Record	8	static
C:/Users/jyepi/OneDrive/Desktop/Mixer Project/STMCube/BSP/Drivers/BSP/STM32746G-Discovery/stm32746g_discovery_audio.c:978:9:BSP_AUDIO_IN_Stop	16	static
C:/Users/jyepi/OneDrive/Desktop/Mixer Project/STMCube/BSP/Drivers/BSP/STM32746G-Discovery/stm32746g_discovery_audio.c:1004:9:BSP_AUDIO_IN_Pause	8	static
C:/Users/jyepi/OneDrive/Desktop/Mixer Project/STMCube/BSP/Drivers/BSP/STM32746G-Discovery/stm32746g_discovery_audio.c:1016:9:BSP_AUDIO_IN_Resume	8	static
C:/Users/jyepi/OneDrive/Desktop/Mixer Project/STMCube/BSP/Drivers/BSP/STM32746G-Discovery/stm32746g_discovery_audio.c:1029:9:BSP_AUDIO_IN_SetVolume	8	static
C:/Users/jyepi/OneDrive/Desktop/Mixer Project/STMCube/BSP/Drivers/BSP/STM32746G-Discovery/stm32746g_discovery_audio.c:1083:13:BSP_AUDIO_IN_TransferComplete_CallBack	0	static
C:/Users/jyepi/OneDrive/Desktop/Mixer Project/STMCube/BSP/Drivers/BSP/STM32746G-Discovery/stm32746g_discovery_audio.c:1061:6:HAL_SAI_RxCpltCallback	8	static
C:/Users/jyepi/OneDrive/Desktop/Mixer Project/STMCube/BSP/Drivers/BSP/STM32746G-Discovery/stm32746g_discovery_audio.c:1094:13:BSP_AUDIO_IN_HalfTransfer_CallBack	0	static
C:/Users/jyepi/OneDrive/Desktop/Mixer Project/STMCube/BSP/Drivers/BSP/STM32746G-Discovery/stm32746g_discovery_audio.c:1072:6:HAL_SAI_RxHalfCpltCallback	8	static
C:/Users/jyepi/OneDrive/Desktop/Mixer Project/STMCube/BSP/Drivers/BSP/STM32746G-Discovery/stm32746g_discovery_audio.c:1105:13:BSP_AUDIO_IN_Error_CallBack	0	static
C:/Users/jyepi/OneDrive/Desktop/Mixer Project/STMCube/BSP/Drivers/BSP/STM32746G-Discovery/stm32746g_discovery_audio.c:472:6:HAL_SAI_ErrorCallback	16	static
C:/Users/jyepi/OneDrive/Desktop/Mixer Project/STMCube/BSP/Drivers/BSP/STM32746G-Discovery/stm32746g_discovery_audio.c:1117:13:BSP_AUDIO_IN_MspInit	64	static
C:/Users/jyepi/OneDrive/Desktop/Mixer Project/STMCube/BSP/Drivers/BSP/STM32746G-Discovery/stm32746g_discovery_audio.c:794:9:BSP_AUDIO_IN_InitEx	24	static
C:/Users/jyepi/OneDrive/Desktop/Mixer Project/STMCube/BSP/Drivers/BSP/STM32746G-Discovery/stm32746g_discovery_audio.c:781:9:BSP_AUDIO_IN_Init	0	static
C:/Users/jyepi/OneDrive/Desktop/Mixer Project/STMCube/BSP/Drivers/BSP/STM32746G-Discovery/stm32746g_discovery_audio.c:872:9:BSP_AUDIO_IN_OUT_Init	24	static
C:/Users/jyepi/OneDrive/Desktop/Mixer Project/STMCube/BSP/Drivers/BSP/STM32746G-Discovery/stm32746g_discovery_audio.c:1190:13:BSP_AUDIO_IN_MspDeInit	8	static
C:/Users/jyepi/OneDrive/Desktop/Mixer Project/STMCube/BSP/Drivers/BSP/STM32746G-Discovery/stm32746g_discovery_audio.c:1049:6:BSP_AUDIO_IN_DeInit	8	static
