C:/Users/jyepi/OneDrive/Desktop/Mixer Project/STMCube/STemWin/Utilities/CPU/cpu_utils.c:74:6:vApplicationIdleHook	8	static
C:/Users/jyepi/OneDrive/Desktop/Mixer Project/STMCube/STemWin/Utilities/CPU/cpu_utils.c:88:6:vApplicationTickHook	0	static
C:/Users/jyepi/OneDrive/Desktop/Mixer Project/STMCube/STemWin/Utilities/CPU/cpu_utils.c:110:6:StartIdleMonitor	8	static
C:/Users/jyepi/OneDrive/Desktop/Mixer Project/STMCube/STemWin/Utilities/CPU/cpu_utils.c:123:6:EndIdleMonitor	8	static
C:/Users/jyepi/OneDrive/Desktop/Mixer Project/STMCube/STemWin/Utilities/CPU/cpu_utils.c:138:10:osGetCPUUsage	0	static
