C:/Users/jyepi/OneDrive/Desktop/Mixer Project/STMCube/STemWin/Middlewares/Third_Party/LwIP/src/core/ipv4/ip4.c:374:1:ip4_input_accept	8	static
C:/Users/jyepi/OneDrive/Desktop/Mixer Project/STMCube/STemWin/Middlewares/Third_Party/LwIP/src/core/ipv4/ip4.c:152:1:ip4_route	12	static
C:/Users/jyepi/OneDrive/Desktop/Mixer Project/STMCube/STemWin/Middlewares/Third_Party/LwIP/src/core/ipv4/ip4.c:426:1:ip4_input	32	static
C:/Users/jyepi/OneDrive/Desktop/Mixer Project/STMCube/STemWin/Middlewares/Third_Party/LwIP/src/core/ipv4/ip4.c:827:1:ip4_output_if_src	40	static
C:/Users/jyepi/OneDrive/Desktop/Mixer Project/STMCube/STemWin/Middlewares/Third_Party/LwIP/src/core/ipv4/ip4.c:787:1:ip4_output_if	16	static
C:/Users/jyepi/OneDrive/Desktop/Mixer Project/STMCube/STemWin/Middlewares/Third_Party/LwIP/src/core/ipv4/ip4.c:1028:1:ip4_output	40	static
